ARM Linker, 5.03 [Build 76] [MDK-ARM Lite]

==============================================================================

Section Cross References

    system_stm32f4xx.o(.text) refers to system_stm32f4xx.o(.data) for SystemCoreClock
    startup_stm32f4xx.o(RESET) refers to startup_stm32f4xx.o(STACK) for __initial_sp
    startup_stm32f4xx.o(RESET) refers to startup_stm32f4xx.o(.text) for Reset_Handler
    startup_stm32f4xx.o(RESET) refers to hal_cm4.o(.emb_text) for SVC_Handler
    startup_stm32f4xx.o(RESET) refers to main.o(.text) for EXTI0_IRQHandler
    startup_stm32f4xx.o(.text) refers to system_stm32f4xx.o(.text) for SystemInit
    startup_stm32f4xx.o(.text) refers to entry.o(.ARM.Collect$$$$00000000) for __main
    rtx_conf_cm.o(.ARM.Collect$$$$000000FF) refers to rt_cmsis.o(i.osKernelStart) for osKernelStart
    rtx_conf_cm.o(.ARM.Collect$$$$000000FF) refers to rtx_conf_cm.o(.constdata) for .constdata
    rtx_conf_cm.o(.constdata) refers to rt_cmsis.o(i.osTimerThread) for osTimerThread
    rtx_conf_cm.o(.constdata) refers to rtx_conf_cm.o(.bss) for os_messageQ_q_osTimerMessageQ
    rtx_conf_cm.o(.constdata) refers to main.o(.text) for main
    main.o(.text) refers to project_init.o(.text) for init_TIM5
    main.o(.text) refers to project_keypad.o(.text) for init_keypad
    main.o(.text) refers to project_lcd.o(.text) for init_lcd
    main.o(.text) refers to project_accelerometer.o(.text) for init_orientation
    main.o(.text) refers to project_transmitter.o(.text) for init_transmitter
    main.o(.text) refers to project_timeleft.o(.text) for init_timeLeft
    main.o(.text) refers to project_pushbutton.o(.text) for init_pushbutton
    main.o(.text) refers to rt_cmsis.o(i.osThreadCreate) for osThreadCreate
    main.o(.text) refers to rt_cmsis.o(i.osDelay) for osDelay
    main.o(.text) refers to rt_cmsis.o(i.osMutexWait) for osMutexWait
    main.o(.text) refers to rt_cmsis.o(i.osMutexRelease) for osMutexRelease
    main.o(.text) refers to main.o(.data) for tid_thread_keypad
    main.o(.text) refers to main.o(.bss) for keypad
    main.o(.text) refers to main.o(.constdata) for os_thread_def_controllerThread
    main.o(.text) refers to stm32f4xx_tim.o(.text) for TIM_GetITStatus
    main.o(.text) refers to rt_cmsis.o(i.osSignalSet) for osSignalSet
    main.o(.text) refers to stm32f4xx_exti.o(.text) for EXTI_GetITStatus
    main.o(.constdata) refers to main.o(.text) for controllerThread
    project_init.o(.text) refers to stm32f4xx_rcc.o(.text) for RCC_APB2PeriphClockCmd
    project_init.o(.text) refers to stm32f4xx_gpio.o(.text) for GPIO_StructInit
    project_init.o(.text) refers to stm32f4xx_syscfg.o(.text) for SYSCFG_EXTILineConfig
    project_init.o(.text) refers to stm32f4xx_exti.o(.text) for EXTI_StructInit
    project_init.o(.text) refers to misc.o(.text) for NVIC_Init
    project_init.o(.text) refers to stm32f4xx_tim.o(.text) for TIM_TimeBaseInit
    project_init.o(.text) refers to stm32f4_discovery_lis302dl.o(.text) for LIS302DL_Init
    project_init.o(.text) refers to system_stm32f4xx.o(.data) for SystemCoreClock
    project_accelerometer.o(.text) refers to stm32f4_discovery_lis302dl.o(.text) for LIS302DL_ReadACC
    project_accelerometer.o(.text) refers to dflti.o(.text) for __aeabi_i2d
    project_accelerometer.o(.text) refers to dmul.o(.text) for __aeabi_dmul
    project_accelerometer.o(.text) refers to dadd.o(.text) for __aeabi_dadd
    project_accelerometer.o(.text) refers to dfixi.o(.text) for __aeabi_d2iz
    project_accelerometer.o(.text) refers to pow.o(i.__hardfp_pow) for __hardfp_pow
    project_accelerometer.o(.text) refers to sqrt.o(i.__hardfp_sqrt) for __hardfp_sqrt
    project_accelerometer.o(.text) refers to ddiv.o(.text) for __aeabi_ddiv
    project_accelerometer.o(.text) refers to atan.o(i.__hardfp_atan) for __hardfp_atan
    project_accelerometer.o(.text) refers to d2f.o(.text) for __aeabi_d2f
    project_accelerometer.o(.text) refers to stm32f4xx_tim.o(.text) for TIM_SetCompare1
    project_accelerometer.o(.text) refers to project_filter.o(.text) for insert_value
    project_accelerometer.o(.text) refers to rt_cmsis.o(i.osThreadCreate) for osThreadCreate
    project_accelerometer.o(.text) refers to rt_cmsis.o(i.osMutexCreate) for osMutexCreate
    project_accelerometer.o(.text) refers to rt_cmsis.o(i.osSignalWait) for osSignalWait
    project_accelerometer.o(.text) refers to rt_cmsis.o(i.osMutexWait) for osMutexWait
    project_accelerometer.o(.text) refers to rt_cmsis.o(i.osMutexRelease) for osMutexRelease
    project_accelerometer.o(.text) refers to project_accelerometer.o(.constdata) for .constdata
    project_accelerometer.o(.constdata) refers to project_accelerometer.o(.text) for orientationThread
    project_filter.o(.text) refers to f2d.o(.text) for __aeabi_f2d
    project_filter.o(.text) refers to dadd.o(.text) for __aeabi_dadd
    project_filter.o(.text) refers to dfltui.o(.text) for __aeabi_ui2d
    project_filter.o(.text) refers to ddiv.o(.text) for __aeabi_ddiv
[...]
    i.fabs                                   0x08005dc4   Section        0  fabs.o(i.fabs)
    i.isrMessagePut                          0x08005de4   Section        0  rt_cmsis.o(i.isrMessagePut)
    isrMessagePut                            0x08005de5   Thumb Code    44  rt_cmsis.o(i.isrMessagePut)
    i.isr_evt_set                            0x08005e10   Section        0  rt_event.o(i.isr_evt_set)
    i.isr_mbx_receive                        0x08005e38   Section        0  rt_mailbox.o(i.isr_mbx_receive)
    i.isr_mbx_send                           0x08005e88   Section        0  rt_mailbox.o(i.isr_mbx_send)
    i.osDelay                                0x08005e98   Section        0  rt_cmsis.o(i.osDelay)
    i.osKernelStart                          0x08005eb0   Section        0  rt_cmsis.o(i.osKernelStart)
    i.osMessageGet                           0x08005f18   Section        0  rt_cmsis.o(i.osMessageGet)
    i.osMutexCreate                          0x08005f5c   Section        0  rt_cmsis.o(i.osMutexCreate)
    i.osMutexRelease                         0x08005f74   Section        0  rt_cmsis.o(i.osMutexRelease)
    i.osMutexWait                            0x08005f8c   Section        0  rt_cmsis.o(i.osMutexWait)
    i.osSignalClear                          0x08005fa4   Section        0  rt_cmsis.o(i.osSignalClear)
    i.osSignalSet                            0x08005fbc   Section        0  rt_cmsis.o(i.osSignalSet)
    i.osSignalWait                           0x08005ff0   Section        0  rt_cmsis.o(i.osSignalWait)
    i.osThreadCreate                         0x08006008   Section        0  rt_cmsis.o(i.osThreadCreate)
    i.osThreadExit                           0x08006020   Section        0  rt_cmsis.o(i.osThreadExit)
    i.osTimerCall                            0x08006038   Section        0  rt_cmsis.o(i.osTimerCall)
    i.osTimerThread                          0x08006044   Section        0  rt_cmsis.o(i.osTimerThread)
    i.rt_alloc_box                           0x08006070   Section        0  rt_membox.o(i.rt_alloc_box)
    i.rt_alloc_mem                           0x0800608c   Section        0  rt_memory.o(i.rt_alloc_mem)
    i.rt_block                               0x080060c8   Section        0  rt_task.o(i.rt_block)
    i.rt_chk_robin                           0x08006100   Section        0  rt_robin.o(i.rt_chk_robin)
    i.rt_dec_dly                             0x08006148   Section        0  rt_list.o(i.rt_dec_dly)
    i.rt_dispatch                            0x080061b8   Section        0  rt_task.o(i.rt_dispatch)
    i.rt_dly_wait                            0x080061fc   Section        0  rt_time.o(i.rt_dly_wait)
    i.rt_evt_clr                             0x08006204   Section        0  rt_event.o(i.rt_evt_clr)
    i.rt_evt_psh                             0x08006220   Section        0  rt_event.o(i.rt_evt_psh)
    i.rt_evt_set                             0x08006270   Section        0  rt_event.o(i.rt_evt_set)
    i.rt_evt_wait                            0x080062cc   Section        0  rt_event.o(i.rt_evt_wait)
    i.rt_free_box                            0x0800630c   Section        0  rt_membox.o(i.rt_free_box)
    i.rt_free_mem                            0x0800632c   Section        0  rt_memory.o(i.rt_free_mem)
    i.rt_get_first                           0x08006354   Section        0  rt_list.o(i.rt_get_first)
    i.rt_id2obj                              0x0800637c   Section        0  rt_cmsis.o(i.rt_id2obj)
    rt_id2obj                                0x0800637d   Thumb Code     8  rt_cmsis.o(i.rt_id2obj)
    i.rt_init_context                        0x08006384   Section        0  rt_task.o(i.rt_init_context)
    rt_init_context                          0x08006385   Thumb Code    60  rt_task.o(i.rt_init_context)
    i.rt_init_mem                            0x080063c4   Section        0  rt_memory.o(i.rt_init_mem)
    i.rt_init_robin                          0x080063e0   Section        0  rt_robin.o(i.rt_init_robin)
    i.rt_init_stack                          0x080063f8   Section        0  hal_cm.o(i.rt_init_stack)
    i.rt_mbx_check                           0x08006448   Section        0  rt_mailbox.o(i.rt_mbx_check)
    i.rt_mbx_init                            0x08006450   Section        0  rt_mailbox.o(i.rt_mbx_init)
    i.rt_mbx_psh                             0x0800646c   Section        0  rt_mailbox.o(i.rt_mbx_psh)
    i.rt_mbx_wait                            0x08006568   Section        0  rt_mailbox.o(i.rt_mbx_wait)
    i.rt_ms2tick                             0x0800661c   Section        0  rt_cmsis.o(i.rt_ms2tick)
    rt_ms2tick                               0x0800661d   Thumb Code    50  rt_cmsis.o(i.rt_ms2tick)
    i.rt_mut_init                            0x08006658   Section        0  rt_mutex.o(i.rt_mut_init)
    i.rt_mut_release                         0x08006668   Section        0  rt_mutex.o(i.rt_mut_release)
    i.rt_mut_wait                            0x08006708   Section        0  rt_mutex.o(i.rt_mut_wait)
    i.rt_pop_req                             0x0800676c   Section        0  rt_system.o(i.rt_pop_req)
    i.rt_psh_req                             0x080067e4   Section        0  rt_system.o(i.rt_psh_req)
    i.rt_psq_enq                             0x08006804   Section        0  rt_list.o(i.rt_psq_enq)
    i.rt_put_dly                             0x0800685c   Section        0  rt_list.o(i.rt_put_dly)
    i.rt_put_prio                            0x080068b8   Section        0  rt_list.o(i.rt_put_prio)
    i.rt_put_rdy_first                       0x080068f0   Section        0  rt_list.o(i.rt_put_rdy_first)
    i.rt_resort_prio                         0x08006904   Section        0  rt_list.o(i.rt_resort_prio)
    i.rt_ret_regs                            0x08006938   Section        0  hal_cm.o(i.rt_ret_regs)
    rt_ret_regs                              0x08006939   Thumb Code    16  hal_cm.o(i.rt_ret_regs)
    i.rt_ret_val                             0x08006948   Section        0  hal_cm.o(i.rt_ret_val)
    i.rt_ret_val2                            0x08006954   Section        0  hal_cm.o(i.rt_ret_val2)
    i.rt_rmv_dly                             0x08006964   Section        0  rt_list.o(i.rt_rmv_dly)
    i.rt_rmv_list                            0x0800698c   Section        0  rt_list.o(i.rt_rmv_list)
    i.rt_sem_psh                             0x080069bc   Section        0  rt_semaphore.o(i.rt_sem_psh)
    i.rt_stk_check                           0x080069f0   Section        0  rt_system.o(i.rt_stk_check)
    i.rt_switch_req                          0x08006a14   Section        0  rt_task.o(i.rt_switch_req)
    i.rt_sys_init                            0x08006a3c   Section        0  rt_task.o(i.rt_sys_init)
    i.rt_systick                             0x08006b7c   Section        0  rt_system.o(i.rt_systick)
    i.rt_tid2ptcb                            0x08006bb8   Section        0  rt_cmsis.o(i.rt_tid2ptcb)
    rt_tid2ptcb                              0x08006bb9   Thumb Code    18  rt_cmsis.o(i.rt_tid2ptcb)
    i.rt_timer_insert                        0x08006bcc   Section        0  rt_cmsis.o(i.rt_timer_insert)
    rt_timer_insert                          0x08006bcd   Thumb Code    56  rt_cmsis.o(i.rt_timer_insert)
    i.rt_tsk_create                          0x08006c08   Section        0  rt_task.o(i.rt_tsk_create)
    i.rt_tsk_delete                          0x08006c88   Section        0  rt_task.o(i.rt_tsk_delete)
    i.rt_tsk_self                            0x08006d34   Section        0  rt_task.o(i.rt_tsk_self)
    i.sqrt                                   0x08006d44   Section        0  sqrt.o(i.sqrt)
    i.svcDelay                               0x08006db2   Section        0  rt_cmsis.o(i.svcDelay)
    i.svcKernelStart                         0x08006dc8   Section        0  rt_cmsis.o(i.svcKernelStart)
    i.svcMessageCreate                       0x08006e9c   Section        0  rt_cmsis.o(i.svcMessageCreate)
    i.svcMessageGet                          0x08006ec0   Section        0  rt_cmsis.o(i.svcMessageGet)
    i.svcMutexCreate                         0x08006efa   Section        0  rt_cmsis.o(i.svcMutexCreate)
    i.svcMutexRelease                        0x08006f16   Section        0  rt_cmsis.o(i.svcMutexRelease)
    i.svcMutexWait                           0x08006f38   Section        0  rt_cmsis.o(i.svcMutexWait)
    i.svcSignalClear                         0x08006f6e   Section        0  rt_cmsis.o(i.svcSignalClear)
    i.svcSignalSet                           0x08006f92   Section        0  rt_cmsis.o(i.svcSignalSet)
    i.svcSignalWait                          0x08006fb8   Section        0  rt_cmsis.o(i.svcSignalWait)
    i.svcThreadCreate                        0x0800700c   Section        0  rt_cmsis.o(i.svcThreadCreate)
    i.svcThreadGetId                         0x0800707c   Section        0  rt_cmsis.o(i.svcThreadGetId)
    i.svcThreadTerminate                     0x08007098   Section        0  rt_cmsis.o(i.svcThreadTerminate)
    i.svcTimerCall                           0x080070d0   Section        0  rt_cmsis.o(i.svcTimerCall)
    i.sysTimerTick                           0x080070e8   Section        0  rt_cmsis.o(i.sysTimerTick)
    .constdata                               0x0800713c   Section       88  rtx_conf_cm.o(.constdata)
    __tagsym$$used                           0x08007150   Number         0  rtx_conf_cm.o(.constdata)
    __tagsym$$used                           0x08007154   Number         0  rtx_conf_cm.o(.constdata)
    .constdata                               0x08007194   Section       16  main.o(.constdata)
    .constdata                               0x080071a4   Section       16  project_accelerometer.o(.constdata)
    .constdata                               0x080071b4   Section       16  project_keypad.o(.constdata)
    .constdata                               0x080071c4   Section       16  project_transmitter.o(.constdata)
    .constdata                               0x080071d4   Section       16  project_timeleft.o(.constdata)
    .constdata                               0x080071e4   Section       16  project_pushbutton.o(.constdata)
    .constdata                               0x080071f8   Section      152  atan.o(.constdata)
    atanhi                                   0x080071f8   Data          32  atan.o(.constdata)
    atanlo                                   0x08007218   Data          32  atan.o(.constdata)
    aTodd                                    0x08007238   Data          40  atan.o(.constdata)
    aTeven                                   0x08007260   Data          48  atan.o(.constdata)
    .constdata                               0x08007290   Section      136  pow.o(.constdata)
    bp                                       0x08007290   Data          16  pow.o(.constdata)
    dp_h                                     0x080072a0   Data          16  pow.o(.constdata)
    dp_l                                     0x080072b0   Data          16  pow.o(.constdata)
    L                                        0x080072c0   Data          48  pow.o(.constdata)
    P                                        0x080072f0   Data          40  pow.o(.constdata)
    .constdata                               0x08007318   Section        8  qnan.o(.constdata)
    .bss                                     0x10000000   Section    11896  rtx_conf_cm.o(.bss)
    .data                                    0x20000000   Section       20  system_stm32f4xx.o(.data)
    .data                                    0x20000014   Section       16  rtx_conf_cm.o(.data)
    .data                                    0x20000024   Section       34  main.o(.data)
    mode                                     0x20000024   Data           4  main.o(.data)
    pushbutton_pressed                       0x20000028   Data           4  main.o(.data)
    tid_thread_keypad                        0x2000002c   Data           4  main.o(.data)
    tid_thread_orientation                   0x20000030   Data           4  main.o(.data)
    tid_thread_transmitter                   0x20000034   Data           4  main.o(.data)
    tid_thread_timeLeft                      0x20000038   Data           4  main.o(.data)
    tid_thread_pushbutton                    0x2000003c   Data           4  main.o(.data)
    tid_controllerThread                     0x20000040   Data           4  main.o(.data)
    .data                                    0x20000046   Section       16  stm32f4xx_rcc.o(.data)
    APBAHBPrescTable                         0x20000046   Data          16  stm32f4xx_rcc.o(.data)
    .data                                    0x20000058   Section        4  stm32f4_discovery_lis302dl.o(.data)
    .data                                    0x2000005c   Section        4  cc2500.o(.data)
    .data                                    0x20000060   Section        4  rt_cmsis.o(.data)
    .data                                    0x20000064   Section        8  rt_task.o(.data)
    .data                                    0x2000006c   Section        3  rt_system.o(.data)
    os_lock                                  0x2000006c   Data           1  rt_system.o(.data)
    os_psh_flag                              0x2000006d   Data           1  rt_system.o(.data)
    pend_flags                               0x2000006e   Data           1  rt_system.o(.data)
    .data                                    0x20000070   Section        2  rt_time.o(.data)
    .data                                    0x20000072   Section        1  hal_cm.o(.data)
    .data                                    0x20000074   Section        8  rt_robin.o(.data)
    .data                                    0x2000007c   Section        4  errno.o(.data)
    _errno                                   0x2000007c   Data           4  errno.o(.data)
    .bss                                     0x20000080   Section      700  main.o(.bss)
    keypad                                   0x20000080   Data          40  main.o(.bss)
    lcd                                      0x200000a8   Data          84  main.o(.bss)
    orientation                              0x200000fc   Data         464  main.o(.bss)
    transmitter                              0x200002cc   Data          16  main.o(.bss)
    timeLeft                                 0x200002dc   Data          20  main.o(.bss)
    pushbutton                               0x200002f0   Data          12  main.o(.bss)
    .bss                                     0x2000033c   Section       48  rt_task.o(.bss)
    .bss                                     0x2000036c   Section       48  rt_list.o(.bss)
    STACK                                    0x200003a0   Section     1024  startup_stm32f4xx.o(STACK)

    Global Symbols

    Symbol Name                              Value     Ov Type        Size  Object(Section)

    BuildAttributes$$THM_ISAv4$E$P$D$K$B$S$7EM$VFPi3$EXTD16$VFPS$VFMA$PE$A:L22UL41UL21$X:L11$S22US41US21$IEEE1$IW$USESV6$~STKCKD$USESV7$~SHL$OTIME$ROPI$IEEEX$EBA8$MICROLIB$REQ8$PRES8$EABIv2 0x00000000   Number         0  anon$$obj.o ABSOLUTE
    __ARM_use_no_argv                        0x00000000   Number         0  main.o ABSOLUTE
    __cpp_initialize__aeabi_                  - Undefined Weak Reference
    __cxa_finalize                            - Undefined Weak Reference
    __decompress                              - Undefined Weak Reference
    _clock_init                               - Undefined Weak Reference
    _microlib_exit                            - Undefined Weak Reference
    __Vectors_Size                           0x00000188   Number         0  startup_stm32f4xx.o ABSOLUTE
    __RL_RTX_VER                             0x00000422   Number         0  rt_system.o ABSOLUTE
    __Vectors                                0x08000000   Data           4  startup_stm32f4xx.o(RESET)
    __Vectors_End                            0x08000188   Data           0  startup_stm32f4xx.o(RESET)
    __main                                   0x08000189   Thumb Code     0  entry.o(.ARM.Collect$$$$00000000)
    _main_stk                                0x08000189   Thumb Code     0  entry2.o(.ARM.Collect$$$$00000001)
    _main_scatterload                        0x0800018d   Thumb Code     0  entry5.o(.ARM.Collect$$$$00000004)
    __main_after_scatterload                 0x08000191   Thumb Code     0  entry5.o(.ARM.Collect$$$$00000004)
    __rt_final_cpp                           0x08000191   Thumb Code     0  entry10a.o(.ARM.Collect$$$$0000000D)
    __rt_final_exit                          0x08000191   Thumb Code     0  entry11a.o(.ARM.Collect$$$$0000000F)
    _main_clock                              0x08000191   Thumb Code     0  entry7b.o(.ARM.Collect$$$$00000008)
    _main_cpp_init                           0x08000191   Thumb Code     0  entry8b.o(.ARM.Collect$$$$0000000A)
    _main_init                               0x08000191   Thumb Code    10  rtx_conf_cm.o(.ARM.Collect$$$$000000FF)
    rt_set_PSP                               0x080001a5   Thumb Code     6  hal_cm4.o(.emb_text)
    os_set_env                               0x080001ab   Thumb Code    26  hal_cm4.o(.emb_text)
    _alloc_box                               0x080001c9   Thumb Code    28  hal_cm4.o(.emb_text)
    _free_box                                0x080001e9   Thumb Code    28  hal_cm4.o(.emb_text)
    SVC_Handler                              0x08000209   Thumb Code   152  hal_cm4.o(.emb_text)
    PendSV_Handler                           0x080002ad   Thumb Code     0  hal_cm4.o(.emb_text)
    Sys_Handler                              0x080002ad   Thumb Code   104  hal_cm4.o(.emb_text)
    SysTick_Handler                          0x0800030d   Thumb Code     0  hal_cm4.o(.emb_text)
    SystemInit                               0x080003f3   Thumb Code    88  system_stm32f4xx.o(.text)
    SystemCoreClockUpdate                    0x0800044b   Thumb Code   174  system_stm32f4xx.o(.text)
    Reset_Handler                            0x08000525   Thumb Code     8  startup_stm32f4xx.o(.text)
    NMI_Handler                              0x0800052d   Thumb Code     2  startup_stm32f4xx.o(.text)
    HardFault_Handler                        0x0800052f   Thumb Code     2  startup_stm32f4xx.o(.text)
    MemManage_Handler                        0x08000531   Thumb Code     2  startup_stm32f4xx.o(.text)
    BusFault_Handler                         0x08000533   Thumb Code     2  startup_stm32f4xx.o(.text)
    UsageFault_Handler                       0x08000535   Thumb Code     2  startup_stm32f4xx.o(.text)
    DebugMon_Handler                         0x08000539   Thumb Code     2  startup_stm32f4xx.o(.text)
    ADC_IRQHandler                           0x0800053f   Thumb Code     0  startup_stm32f4xx.o(.text)
    CAN1_RX0_IRQHandler                      0x0800053f   Thumb Code     0  startup_stm32f4xx.o(.text)
    CAN1_RX1_IRQHandler                      0x0800053f   Thumb Code     0  startup_stm32f4xx.o(.text)
    CAN1_SCE_IRQHandler                      0x0800053f   Thumb Code     0  startup_stm32f4xx.o(.text)
    CAN1_TX_IRQHandler                       0x0800053f   Thumb Code     0  startup_stm32f4xx.o(.text)
    CAN2_RX0_IRQHandler                      0x0800053f   Thumb Code     0  startup_stm32f4xx.o(.text)
    CAN2_RX1_IRQHandler                      0x0800053f   Thumb Code     0  startup_stm32f4xx.o(.text)
    CAN2_SCE_IRQHandler                      0x0800053f   Thumb Code     0  startup_stm32f4xx.o(.text)
    CAN2_TX_IRQHandler                       0x0800053f   Thumb Code     0  startup_stm32f4xx.o(.text)
    CRYP_IRQHandler                          0x0800053f   Thumb Code     0  startup_stm32f4xx.o(.text)
    DCMI_IRQHandler                          0x0800053f   Thumb Code     0  startup_stm32f4xx.o(.text)
    DMA1_Stream0_IRQHandler                  0x0800053f   Thumb Code     0  startup_stm32f4xx.o(.text)
    DMA1_Stream1_IRQHandler                  0x0800053f   Thumb Code     0  startup_stm32f4xx.o(.text)
    DMA1_Stream2_IRQHandler                  0x0800053f   Thumb Code     0  startup_stm32f4xx.o(.text)
    DMA1_Stream3_IRQHandler                  0x0800053f   Thumb Code     0  startup_stm32f4xx.o(.text)
    DMA1_Stream4_IRQHandler                  0x0800053f   Thumb Code     0  startup_stm32f4xx.o(.text)
    DMA1_Stream5_IRQHandler                  0x0800053f   Thumb Code     0  startup_stm32f4xx.o(.text)
    DMA1_Stream6_IRQHandler                  0x0800053f   Thumb Code     0  startup_stm32f4xx.o(.text)
    DMA1_Stream7_IRQHandler                  0x0800053f   Thumb Code     0  startup_stm32f4xx.o(.text)
    DMA2_Stream0_IRQHandler                  0x0800053f   Thumb Code     0  startup_stm32f4xx.o(.text)
    DMA2_Stream1_IRQHandler                  0x0800053f   Thumb Code     0  startup_stm32f4xx.o(.text)
    DMA2_Stream2_IRQHandler                  0x0800053f   Thumb Code     0  startup_stm32f4xx.o(.text)
    DMA2_Stream3_IRQHandler                  0x0800053f   Thumb Code     0  startup_stm32f4xx.o(.text)
    DMA2_Stream4_IRQHandler                  0x0800053f   Thumb Code     0  startup_stm32f4xx.o(.text)
    DMA2_Stream5_IRQHandler                  0x0800053f   Thumb Code     0  startup_stm32f4xx.o(.text)
    DMA2_Stream6_IRQHandler                  0x0800053f   Thumb Code     0  startup_stm32f4xx.o(.text)
    DMA2_Stream7_IRQHandler                  0x0800053f   Thumb Code     0  startup_stm32f4xx.o(.text)
    ETH_IRQHandler                           0x0800053f   Thumb Code     0  startup_stm32f4xx.o(.text)
    ETH_WKUP_IRQHandler                      0x0800053f   Thumb Code     0  startup_stm32f4xx.o(.text)
    EXTI15_10_IRQHandler                     0x0800053f   Thumb Code     0  startup_stm32f4xx.o(.text)
    EXTI1_IRQHandler                         0x0800053f   Thumb Code     0  startup_stm32f4xx.o(.text)
    EXTI2_IRQHandler                         0x0800053f   Thumb Code     0  startup_stm32f4xx.o(.text)
    EXTI3_IRQHandler                         0x0800053f   Thumb Code     0  startup_stm32f4xx.o(.text)
    EXTI4_IRQHandler                         0x0800053f   Thumb Code     0  startup_stm32f4xx.o(.text)
    EXTI9_5_IRQHandler                       0x0800053f   Thumb Code     0  startup_stm32f4xx.o(.text)
    FLASH_IRQHandler                         0x0800053f   Thumb Code     0  startup_stm32f4xx.o(.text)
    FPU_IRQHandler                           0x0800053f   Thumb Code     0  startup_stm32f4xx.o(.text)
    FSMC_IRQHandler                          0x0800053f   Thumb Code     0  startup_stm32f4xx.o(.text)
    HASH_RNG_IRQHandler                      0x0800053f   Thumb Code     0  startup_stm32f4xx.o(.text)
    I2C1_ER_IRQHandler                       0x0800053f   Thumb Code     0  startup_stm32f4xx.o(.text)
    I2C1_EV_IRQHandler                       0x0800053f   Thumb Code     0  startup_stm32f4xx.o(.text)
    I2C2_ER_IRQHandler                       0x0800053f   Thumb Code     0  startup_stm32f4xx.o(.text)
    I2C2_EV_IRQHandler                       0x0800053f   Thumb Code     0  startup_stm32f4xx.o(.text)
    I2C3_ER_IRQHandler                       0x0800053f   Thumb Code     0  startup_stm32f4xx.o(.text)
    I2C3_EV_IRQHandler                       0x0800053f   Thumb Code     0  startup_stm32f4xx.o(.text)
    OTG_FS_IRQHandler                        0x0800053f   Thumb Code     0  startup_stm32f4xx.o(.text)
    OTG_FS_WKUP_IRQHandler                   0x0800053f   Thumb Code     0  startup_stm32f4xx.o(.text)
    OTG_HS_EP1_IN_IRQHandler                 0x0800053f   Thumb Code     0  startup_stm32f4xx.o(.text)
    OTG_HS_EP1_OUT_IRQHandler                0x0800053f   Thumb Code     0  startup_stm32f4xx.o(.text)
    OTG_HS_IRQHandler                        0x0800053f   Thumb Code     0  startup_stm32f4xx.o(.text)
    OTG_HS_WKUP_IRQHandler                   0x0800053f   Thumb Code     0  startup_stm32f4xx.o(.text)
    PVD_IRQHandler                           0x0800053f   Thumb Code     0  startup_stm32f4xx.o(.text)
    RCC_IRQHandler                           0x0800053f   Thumb Code     0  startup_stm32f4xx.o(.text)
    RTC_Alarm_IRQHandler                     0x0800053f   Thumb Code     0  startup_stm32f4xx.o(.text)
    RTC_WKUP_IRQHandler                      0x0800053f   Thumb Code     0  startup_stm32f4xx.o(.text)
    SDIO_IRQHandler                          0x0800053f   Thumb Code     0  startup_stm32f4xx.o(.text)
    SPI1_IRQHandler                          0x0800053f   Thumb Code     0  startup_stm32f4xx.o(.text)
    SPI2_IRQHandler                          0x0800053f   Thumb Code     0  startup_stm32f4xx.o(.text)
    SPI3_IRQHandler                          0x0800053f   Thumb Code     0  startup_stm32f4xx.o(.text)
    TAMP_STAMP_IRQHandler                    0x0800053f   Thumb Code     0  startup_stm32f4xx.o(.text)
    TIM1_BRK_TIM9_IRQHandler                 0x0800053f   Thumb Code     0  startup_stm32f4xx.o(.text)
    TIM1_CC_IRQHandler                       0x0800053f   Thumb Code     0  startup_stm32f4xx.o(.text)
    TIM1_TRG_COM_TIM11_IRQHandler            0x0800053f   Thumb Code     0  startup_stm32f4xx.o(.text)
    TIM1_UP_TIM10_IRQHandler                 0x0800053f   Thumb Code     0  startup_stm32f4xx.o(.text)
    TIM6_DAC_IRQHandler                      0x0800053f   Thumb Code     0  startup_stm32f4xx.o(.text)
    TIM7_IRQHandler                          0x0800053f   Thumb Code     0  startup_stm32f4xx.o(.text)
    TIM8_BRK_TIM12_IRQHandler                0x0800053f   Thumb Code     0  startup_stm32f4xx.o(.text)
    TIM8_CC_IRQHandler                       0x0800053f   Thumb Code     0  startup_stm32f4xx.o(.text)
    TIM8_TRG_COM_TIM14_IRQHandler            0x0800053f   Thumb Code     0  startup_stm32f4xx.o(.text)
    TIM8_UP_TIM13_IRQHandler                 0x0800053f   Thumb Code     0  startup_stm32f4xx.o(.text)
    UART4_IRQHandler                         0x0800053f   Thumb Code     0  startup_stm32f4xx.o(.text)
    UART5_IRQHandler                         0x0800053f   Thumb Code     0  startup_stm32f4xx.o(.text)
    USART1_IRQHandler                        0x0800053f   Thumb Code     0  startup_stm32f4xx.o(.text)
    USART2_IRQHandler                        0x0800053f   Thumb Code     0  startup_stm32f4xx.o(.text)
    USART3_IRQHandler                        0x0800053f   Thumb Code     0  startup_stm32f4xx.o(.text)
    USART6_IRQHandler                        0x0800053f   Thumb Code     0  startup_stm32f4xx.o(.text)
    WWDG_IRQHandler                          0x0800053f   Thumb Code     0  startup_stm32f4xx.o(.text)
    os_idle_demon                            0x08000549   Thumb Code     4  rtx_conf_cm.o(.text)
    os_error                                 0x0800054d   Thumb Code     4  rtx_conf_cm.o(.text)
    main                                     0x08000551   Thumb Code   174  main.o(.text)
    updateTransmitterData                    0x080005ff   Thumb Code    84  main.o(.text)
    controllerThread                         0x08000653   Thumb Code   898  main.o(.text)
    TIM2_IRQHandler                          0x080009d5   Thumb Code    34  main.o(.text)
    TIM3_IRQHandler                          0x080009f7   Thumb Code    34  main.o(.text)
    TIM5_IRQHandler                          0x08000a19   Thumb Code    34  main.o(.text)
    TIM4_IRQHandler                          0x08000a3b   Thumb Code    34  main.o(.text)
    EXTI0_IRQHandler                         0x08000a5d   Thumb Code    30  main.o(.text)
    init_userButton                          0x08000aa5   Thumb Code   138  project_init.o(.text)
    init_TIM5                                0x08000b2f   Thumb Code   110  project_init.o(.text)
    init_TIM3                                0x08000b9d   Thumb Code   110  project_init.o(.text)
    init_TIM4                                0x08000c0b   Thumb Code   106  project_init.o(.text)
    init_TIM2                                0x08000c75   Thumb Code   114  project_init.o(.text)
    init_accelerometer                       0x08000ce7   Thumb Code   138  project_init.o(.text)
    update_led_intensities                   0x0800128b   Thumb Code    46  project_accelerometer.o(.text)
    update_orientation                       0x080012b9   Thumb Code    60  project_accelerometer.o(.text)
    init_orientation                         0x080012f5   Thumb Code   124  project_accelerometer.o(.text)
    display_orientation                      0x08001371   Thumb Code   190  project_accelerometer.o(.text)
    orientationThread                        0x0800142f   Thumb Code    50  project_accelerometer.o(.text)
    init_moving_average                      0x08001475   Thumb Code    44  project_filter.o(.text)
    insert_value                             0x080014a1   Thumb Code    46  project_filter.o(.text)
    calculate_average                        0x080014cf   Thumb Code   152  project_filter.o(.text)
    writeToLcdPosition                       0x080018b5   Thumb Code    42  project_lcd.o(.text)
    init_lcd                                 0x080018df   Thumb Code   352  project_lcd.o(.text)
    clearLcd                                 0x08001a3f   Thumb Code    20  project_lcd.o(.text)
    writeToLcd                               0x08001a53   Thumb Code    38  project_lcd.o(.text)
    updateLcdData                            0x08001a79   Thumb Code   176  project_lcd.o(.text)
    setCursor                                0x08001b29   Thumb Code    24  project_lcd.o(.text)
    clearCursor                              0x08001b41   Thumb Code    14  project_lcd.o(.text)
    init_keypad                              0x08001c6d   Thumb Code    84  project_keypad.o(.text)
    keypadThread                             0x08001d47   Thumb Code    46  project_keypad.o(.text)
    init_transmitter                         0x08001d7d   Thumb Code    88  project_transmitter.o(.text)
    transmitterThread                        0x08001dd5   Thumb Code    46  project_transmitter.o(.text)
    init_timeLeft                            0x08001e09   Thumb Code    64  project_timeleft.o(.text)
    timeLeftThread                           0x08001e49   Thumb Code    54  project_timeleft.o(.text)
    resetTimeLeft                            0x08001e7f   Thumb Code    30  project_timeleft.o(.text)
    init_pushbutton                          0x08001ea1   Thumb Code    54  project_pushbutton.o(.text)
    pushbuttonThread                         0x08001ed7   Thumb Code    78  project_pushbutton.o(.text)
    NVIC_PriorityGroupConfig                 0x08001f2d   Thumb Code    10  misc.o(.text)
    NVIC_Init                                0x08001f37   Thumb Code   108  misc.o(.text)
    NVIC_SetVectorTable                      0x08001fa3   Thumb Code    14  misc.o(.text)
    NVIC_SystemLPConfig                      0x08001fb1   Thumb Code    34  misc.o(.text)
    SysTick_CLKSourceConfig                  0x08001fd3   Thumb Code    40  misc.o(.text)
    EXTI_DeInit                              0x08002011   Thumb Code    28  stm32f4xx_exti.o(.text)
    EXTI_Init                                0x0800202d   Thumb Code   142  stm32f4xx_exti.o(.text)
    EXTI_StructInit                          0x080020bb   Thumb Code    16  stm32f4xx_exti.o(.text)
    EXTI_GenerateSWInterrupt                 0x080020cb   Thumb Code    16  stm32f4xx_exti.o(.text)
    EXTI_GetFlagStatus                       0x080020db   Thumb Code    22  stm32f4xx_exti.o(.text)
    EXTI_ClearFlag                           0x080020f1   Thumb Code     8  stm32f4xx_exti.o(.text)
    EXTI_GetITStatus                         0x080020f9   Thumb Code    34  stm32f4xx_exti.o(.text)
    EXTI_ClearITPendingBit                   0x0800211b   Thumb Code     8  stm32f4xx_exti.o(.text)
    GPIO_DeInit                              0x0800212d   Thumb Code   220  stm32f4xx_gpio.o(.text)
    GPIO_Init                                0x08002209   Thumb Code   144  stm32f4xx_gpio.o(.text)
    GPIO_StructInit                          0x08002299   Thumb Code    18  stm32f4xx_gpio.o(.text)
    GPIO_PinLockConfig                       0x080022ab   Thumb Code    34  stm32f4xx_gpio.o(.text)
    GPIO_ReadInputDataBit                    0x080022cd   Thumb Code    18  stm32f4xx_gpio.o(.text)
    GPIO_ReadInputData                       0x080022df   Thumb Code     8  stm32f4xx_gpio.o(.text)
    GPIO_ReadOutputDataBit                   0x080022e7   Thumb Code    18  stm32f4xx_gpio.o(.text)
    GPIO_ReadOutputData                      0x080022f9   Thumb Code     8  stm32f4xx_gpio.o(.text)
    GPIO_SetBits                             0x08002301   Thumb Code     4  stm32f4xx_gpio.o(.text)
    GPIO_ResetBits                           0x08002305   Thumb Code     4  stm32f4xx_gpio.o(.text)
    GPIO_WriteBit                            0x08002309   Thumb Code    10  stm32f4xx_gpio.o(.text)
    GPIO_Write                               0x08002313   Thumb Code     4  stm32f4xx_gpio.o(.text)
    GPIO_ToggleBits                          0x08002317   Thumb Code     8  stm32f4xx_gpio.o(.text)
    GPIO_PinAFConfig                         0x0800231f   Thumb Code    70  stm32f4xx_gpio.o(.text)
    RCC_DeInit                               0x08002389   Thumb Code    60  stm32f4xx_rcc.o(.text)
    RCC_HSEConfig                            0x080023c5   Thumb Code    14  stm32f4xx_rcc.o(.text)
    RCC_GetFlagStatus                        0x080023d3   Thumb Code    60  stm32f4xx_rcc.o(.text)
    RCC_WaitForHSEStartUp                    0x0800240f   Thumb Code    56  stm32f4xx_rcc.o(.text)
    RCC_AdjustHSICalibrationValue            0x08002447   Thumb Code    20  stm32f4xx_rcc.o(.text)
    RCC_HSICmd                               0x0800245b   Thumb Code     6  stm32f4xx_rcc.o(.text)
    RCC_LSEConfig                            0x08002461   Thumb Code    46  stm32f4xx_rcc.o(.text)
    RCC_LSICmd                               0x0800248f   Thumb Code     6  stm32f4xx_rcc.o(.text)
    RCC_PLLConfig                            0x08002495   Thumb Code    32  stm32f4xx_rcc.o(.text)
    RCC_PLLCmd                               0x080024b5   Thumb Code     6  stm32f4xx_rcc.o(.text)
    RCC_PLLI2SConfig                         0x080024bb   Thumb Code    14  stm32f4xx_rcc.o(.text)
    RCC_PLLI2SCmd                            0x080024c9   Thumb Code     6  stm32f4xx_rcc.o(.text)
    RCC_ClockSecuritySystemCmd               0x080024cf   Thumb Code     6  stm32f4xx_rcc.o(.text)
    RCC_MCO1Config                           0x080024d5   Thumb Code    28  stm32f4xx_rcc.o(.text)
    RCC_MCO2Config                           0x080024f1   Thumb Code    28  stm32f4xx_rcc.o(.text)
    RCC_SYSCLKConfig                         0x0800250d   Thumb Code    20  stm32f4xx_rcc.o(.text)
    RCC_GetSYSCLKSource                      0x08002521   Thumb Code    12  stm32f4xx_rcc.o(.text)
    RCC_HCLKConfig                           0x0800252d   Thumb Code    20  stm32f4xx_rcc.o(.text)
    RCC_PCLK1Config                          0x08002541   Thumb Code    20  stm32f4xx_rcc.o(.text)
    RCC_PCLK2Config                          0x08002555   Thumb Code    22  stm32f4xx_rcc.o(.text)
    RCC_GetClocksFreq                        0x0800256b   Thumb Code   222  stm32f4xx_rcc.o(.text)
    RCC_RTCCLKConfig                         0x08002649   Thumb Code    54  stm32f4xx_rcc.o(.text)
    RCC_RTCCLKCmd                            0x0800267f   Thumb Code     8  stm32f4xx_rcc.o(.text)
    RCC_BackupResetCmd                       0x08002687   Thumb Code     8  stm32f4xx_rcc.o(.text)
    RCC_I2SCLKConfig                         0x0800268f   Thumb Code     6  stm32f4xx_rcc.o(.text)
    RCC_AHB1PeriphClockCmd                   0x08002695   Thumb Code    34  stm32f4xx_rcc.o(.text)
    RCC_AHB2PeriphClockCmd                   0x080026b7   Thumb Code    34  stm32f4xx_rcc.o(.text)
    RCC_AHB3PeriphClockCmd                   0x080026d9   Thumb Code    34  stm32f4xx_rcc.o(.text)
    RCC_APB1PeriphClockCmd                   0x080026fb   Thumb Code    34  stm32f4xx_rcc.o(.text)
    RCC_APB2PeriphClockCmd                   0x0800271d   Thumb Code    34  stm32f4xx_rcc.o(.text)
    RCC_AHB1PeriphResetCmd                   0x0800273f   Thumb Code    34  stm32f4xx_rcc.o(.text)
    RCC_AHB2PeriphResetCmd                   0x08002761   Thumb Code    72  stm32f4xx_rcc.o(.text)
    RCC_AHB3PeriphResetCmd                   0x080027a9   Thumb Code    34  stm32f4xx_rcc.o(.text)
    RCC_APB1PeriphResetCmd                   0x080027cb   Thumb Code    34  stm32f4xx_rcc.o(.text)
    RCC_APB2PeriphResetCmd                   0x080027ed   Thumb Code    34  stm32f4xx_rcc.o(.text)
    RCC_AHB1PeriphClockLPModeCmd             0x0800280f   Thumb Code    34  stm32f4xx_rcc.o(.text)
    RCC_AHB2PeriphClockLPModeCmd             0x08002831   Thumb Code    34  stm32f4xx_rcc.o(.text)
    RCC_AHB3PeriphClockLPModeCmd             0x08002853   Thumb Code    34  stm32f4xx_rcc.o(.text)
    RCC_APB1PeriphClockLPModeCmd             0x08002875   Thumb Code    34  stm32f4xx_rcc.o(.text)
    RCC_APB2PeriphClockLPModeCmd             0x08002897   Thumb Code    34  stm32f4xx_rcc.o(.text)
    RCC_ITConfig                             0x080028b9   Thumb Code    34  stm32f4xx_rcc.o(.text)
    RCC_ClearFlag                            0x080028db   Thumb Code    18  stm32f4xx_rcc.o(.text)
    RCC_GetITStatus                          0x080028ed   Thumb Code    22  stm32f4xx_rcc.o(.text)
    RCC_ClearITPendingBit                    0x08002903   Thumb Code     8  stm32f4xx_rcc.o(.text)
    SPI_I2S_DeInit                           0x08002911   Thumb Code    76  stm32f4xx_spi.o(.text)
    SPI_Init                                 0x0800295d   Thumb Code    60  stm32f4xx_spi.o(.text)
    I2S_Init                                 0x08002999   Thumb Code   346  stm32f4xx_spi.o(.text)
    SPI_StructInit                           0x08002af3   Thumb Code    24  stm32f4xx_spi.o(.text)
    I2S_StructInit                           0x08002b0b   Thumb Code    20  stm32f4xx_spi.o(.text)
    SPI_Cmd                                  0x08002b1f   Thumb Code    24  stm32f4xx_spi.o(.text)
    I2S_Cmd                                  0x08002b37   Thumb Code    24  stm32f4xx_spi.o(.text)
    SPI_DataSizeConfig                       0x08002b4f   Thumb Code    18  stm32f4xx_spi.o(.text)
    SPI_BiDirectionalLineConfig              0x08002b61   Thumb Code    28  stm32f4xx_spi.o(.text)
    SPI_NSSInternalSoftwareConfig            0x08002b7d   Thumb Code    30  stm32f4xx_spi.o(.text)
    SPI_SSOutputCmd                          0x08002b9b   Thumb Code    24  stm32f4xx_spi.o(.text)
    SPI_TIModeCmd                            0x08002bb3   Thumb Code    24  stm32f4xx_spi.o(.text)
    I2S_FullDuplexConfig                     0x08002bcb   Thumb Code    80  stm32f4xx_spi.o(.text)
    SPI_I2S_ReceiveData                      0x08002c1b   Thumb Code     6  stm32f4xx_spi.o(.text)
    SPI_I2S_SendData                         0x08002c21   Thumb Code     4  stm32f4xx_spi.o(.text)
    SPI_CalculateCRC                         0x08002c25   Thumb Code    24  stm32f4xx_spi.o(.text)
    SPI_TransmitCRC                          0x08002c3d   Thumb Code    10  stm32f4xx_spi.o(.text)
    SPI_GetCRC                               0x08002c47   Thumb Code    16  stm32f4xx_spi.o(.text)
    SPI_GetCRCPolynomial                     0x08002c57   Thumb Code     6  stm32f4xx_spi.o(.text)
    SPI_I2S_DMACmd                           0x08002c5d   Thumb Code    18  stm32f4xx_spi.o(.text)
    SPI_I2S_ITConfig                         0x08002c6f   Thumb Code    32  stm32f4xx_spi.o(.text)
    SPI_I2S_GetFlagStatus                    0x08002c8f   Thumb Code    18  stm32f4xx_spi.o(.text)
    SPI_I2S_ClearFlag                        0x08002ca1   Thumb Code     6  stm32f4xx_spi.o(.text)
    SPI_I2S_GetITStatus                      0x08002ca7   Thumb Code    52  stm32f4xx_spi.o(.text)
    SPI_I2S_ClearITPendingBit                0x08002cdb   Thumb Code    20  stm32f4xx_spi.o(.text)
    SYSCFG_DeInit                            0x08002d05   Thumb Code    22  stm32f4xx_syscfg.o(.text)
    SYSCFG_MemoryRemapConfig                 0x08002d1b   Thumb Code     6  stm32f4xx_syscfg.o(.text)
    SYSCFG_EXTILineConfig                    0x08002d21   Thumb Code    66  stm32f4xx_syscfg.o(.text)
    SYSCFG_ETH_MediaInterfaceConfig          0x08002d63   Thumb Code     6  stm32f4xx_syscfg.o(.text)
    SYSCFG_CompensationCellCmd               0x08002d69   Thumb Code     6  stm32f4xx_syscfg.o(.text)
    SYSCFG_GetCompensationCellStatus         0x08002d6f   Thumb Code    22  stm32f4xx_syscfg.o(.text)
    TIM_DeInit                               0x08002d91   Thumb Code   346  stm32f4xx_tim.o(.text)
    TIM_TimeBaseInit                         0x08002eeb   Thumb Code   104  stm32f4xx_tim.o(.text)
    TIM_TimeBaseStructInit                   0x08002f53   Thumb Code    18  stm32f4xx_tim.o(.text)
    TIM_PrescalerConfig                      0x08002f65   Thumb Code     6  stm32f4xx_tim.o(.text)
    TIM_CounterModeConfig                    0x08002f6b   Thumb Code    18  stm32f4xx_tim.o(.text)
    TIM_SetCounter                           0x08002f7d   Thumb Code     4  stm32f4xx_tim.o(.text)
    TIM_SetAutoreload                        0x08002f81   Thumb Code     4  stm32f4xx_tim.o(.text)
    TIM_GetCounter                           0x08002f85   Thumb Code     6  stm32f4xx_tim.o(.text)
    TIM_GetPrescaler                         0x08002f8b   Thumb Code     6  stm32f4xx_tim.o(.text)
    TIM_UpdateDisableConfig                  0x08002f91   Thumb Code    24  stm32f4xx_tim.o(.text)
    TIM_UpdateRequestConfig                  0x08002fa9   Thumb Code    24  stm32f4xx_tim.o(.text)
    TIM_ARRPreloadConfig                     0x08002fc1   Thumb Code    24  stm32f4xx_tim.o(.text)
    TIM_SelectOnePulseMode                   0x08002fd9   Thumb Code    18  stm32f4xx_tim.o(.text)
    TIM_SetClockDivision                     0x08002feb   Thumb Code    18  stm32f4xx_tim.o(.text)
    TIM_Cmd                                  0x08002ffd   Thumb Code    24  stm32f4xx_tim.o(.text)
    TIM_OC1Init                              0x08003015   Thumb Code   114  stm32f4xx_tim.o(.text)
    TIM_OC2Init                              0x08003087   Thumb Code   154  stm32f4xx_tim.o(.text)
    TIM_OC3Init                              0x08003121   Thumb Code   204  stm32f4xx_tim.o(.text)
    TIM_OC4Init                              0x080031ed   Thumb Code   112  stm32f4xx_tim.o(.text)
    TIM_OCStructInit                         0x0800325d   Thumb Code    20  stm32f4xx_tim.o(.text)
    TIM_SelectOCxM                           0x08003271   Thumb Code    86  stm32f4xx_tim.o(.text)
    TIM_SetCompare1                          0x080032c7   Thumb Code     4  stm32f4xx_tim.o(.text)
    TIM_SetCompare2                          0x080032cb   Thumb Code     4  stm32f4xx_tim.o(.text)
    TIM_SetCompare3                          0x080032cf   Thumb Code     4  stm32f4xx_tim.o(.text)
    TIM_SetCompare4                          0x080032d3   Thumb Code     4  stm32f4xx_tim.o(.text)
    TIM_ForcedOC1Config                      0x080032d7   Thumb Code    18  stm32f4xx_tim.o(.text)
    TIM_ForcedOC2Config                      0x080032e9   Thumb Code    26  stm32f4xx_tim.o(.text)
    TIM_ForcedOC3Config                      0x08003303   Thumb Code    18  stm32f4xx_tim.o(.text)
    TIM_ForcedOC4Config                      0x08003315   Thumb Code    26  stm32f4xx_tim.o(.text)
    TIM_OC1PreloadConfig                     0x0800332f   Thumb Code    18  stm32f4xx_tim.o(.text)
    TIM_OC2PreloadConfig                     0x08003341   Thumb Code    26  stm32f4xx_tim.o(.text)
    TIM_OC3PreloadConfig                     0x0800335b   Thumb Code    18  stm32f4xx_tim.o(.text)
    TIM_OC4PreloadConfig                     0x0800336d   Thumb Code    26  stm32f4xx_tim.o(.text)
    TIM_OC1FastConfig                        0x08003387   Thumb Code    18  stm32f4xx_tim.o(.text)
    TIM_OC2FastConfig                        0x08003399   Thumb Code    26  stm32f4xx_tim.o(.text)
    TIM_OC3FastConfig                        0x080033b3   Thumb Code    18  stm32f4xx_tim.o(.text)
    TIM_OC4FastConfig                        0x080033c5   Thumb Code    26  stm32f4xx_tim.o(.text)
    TIM_ClearOC1Ref                          0x080033df   Thumb Code    18  stm32f4xx_tim.o(.text)
    TIM_ClearOC2Ref                          0x080033f1   Thumb Code    24  stm32f4xx_tim.o(.text)
    TIM_ClearOC3Ref                          0x08003409   Thumb Code    18  stm32f4xx_tim.o(.text)
    TIM_ClearOC4Ref                          0x0800341b   Thumb Code    24  stm32f4xx_tim.o(.text)
    TIM_OC1PolarityConfig                    0x08003433   Thumb Code    18  stm32f4xx_tim.o(.text)
    TIM_OC1NPolarityConfig                   0x08003445   Thumb Code    18  stm32f4xx_tim.o(.text)
    TIM_OC2PolarityConfig                    0x08003457   Thumb Code    26  stm32f4xx_tim.o(.text)
    TIM_OC2NPolarityConfig                   0x08003471   Thumb Code    26  stm32f4xx_tim.o(.text)
    TIM_OC3PolarityConfig                    0x0800348b   Thumb Code    26  stm32f4xx_tim.o(.text)
    TIM_OC3NPolarityConfig                   0x080034a5   Thumb Code    26  stm32f4xx_tim.o(.text)
    TIM_OC4PolarityConfig                    0x080034bf   Thumb Code    26  stm32f4xx_tim.o(.text)
    TIM_CCxCmd                               0x080034d9   Thumb Code    30  stm32f4xx_tim.o(.text)
    TIM_CCxNCmd                              0x080034f7   Thumb Code    30  stm32f4xx_tim.o(.text)
    TIM_SetIC4Prescaler                      0x08003515   Thumb Code    26  stm32f4xx_tim.o(.text)
    TIM_SetIC3Prescaler                      0x0800357f   Thumb Code    18  stm32f4xx_tim.o(.text)
    TIM_SetIC2Prescaler                      0x080035d9   Thumb Code    26  stm32f4xx_tim.o(.text)
    TIM_SetIC1Prescaler                      0x0800364d   Thumb Code    18  stm32f4xx_tim.o(.text)
    TIM_ICInit                               0x08003699   Thumb Code   110  stm32f4xx_tim.o(.text)
    TIM_ICStructInit                         0x08003707   Thumb Code    18  stm32f4xx_tim.o(.text)
    TIM_PWMIConfig                           0x08003719   Thumb Code   124  stm32f4xx_tim.o(.text)
    TIM_GetCapture1                          0x08003795   Thumb Code     6  stm32f4xx_tim.o(.text)
    TIM_GetCapture2                          0x0800379b   Thumb Code     6  stm32f4xx_tim.o(.text)
    TIM_GetCapture3                          0x080037a1   Thumb Code     6  stm32f4xx_tim.o(.text)
    TIM_GetCapture4                          0x080037a7   Thumb Code     6  stm32f4xx_tim.o(.text)
    TIM_BDTRConfig                           0x080037ad   Thumb Code    32  stm32f4xx_tim.o(.text)
    TIM_BDTRStructInit                       0x080037cd   Thumb Code    18  stm32f4xx_tim.o(.text)
    TIM_CtrlPWMOutputs                       0x080037df   Thumb Code    30  stm32f4xx_tim.o(.text)
    TIM_SelectCOM                            0x080037fd   Thumb Code    24  stm32f4xx_tim.o(.text)
    TIM_CCPreloadControl                     0x08003815   Thumb Code    24  stm32f4xx_tim.o(.text)
    TIM_ITConfig                             0x0800382d   Thumb Code    18  stm32f4xx_tim.o(.text)
    TIM_GenerateEvent                        0x0800383f   Thumb Code     4  stm32f4xx_tim.o(.text)
    TIM_GetFlagStatus                        0x08003843   Thumb Code    18  stm32f4xx_tim.o(.text)
    TIM_ClearFlag                            0x08003855   Thumb Code     6  stm32f4xx_tim.o(.text)
    TIM_GetITStatus                          0x0800385b   Thumb Code    34  stm32f4xx_tim.o(.text)
    TIM_ClearITPendingBit                    0x0800387d   Thumb Code     6  stm32f4xx_tim.o(.text)
    TIM_DMAConfig                            0x08003883   Thumb Code    10  stm32f4xx_tim.o(.text)
    TIM_DMACmd                               0x0800388d   Thumb Code    18  stm32f4xx_tim.o(.text)
    TIM_SelectCCDMA                          0x0800389f   Thumb Code    24  stm32f4xx_tim.o(.text)
    TIM_InternalClockConfig                  0x080038b7   Thumb Code    12  stm32f4xx_tim.o(.text)
    TIM_SelectInputTrigger                   0x080038c3   Thumb Code    18  stm32f4xx_tim.o(.text)
    TIM_ITRxExternalClockConfig              0x080038d5   Thumb Code    24  stm32f4xx_tim.o(.text)
    TIM_TIxExternalClockConfig               0x080038ed   Thumb Code    62  stm32f4xx_tim.o(.text)
    TIM_ETRConfig                            0x0800392b   Thumb Code    28  stm32f4xx_tim.o(.text)
    TIM_ETRClockMode1Config                  0x08003947   Thumb Code    54  stm32f4xx_tim.o(.text)
    TIM_ETRClockMode2Config                  0x0800397d   Thumb Code    32  stm32f4xx_tim.o(.text)
    TIM_SelectOutputTrigger                  0x0800399d   Thumb Code    18  stm32f4xx_tim.o(.text)
    TIM_SelectSlaveMode                      0x080039af   Thumb Code    18  stm32f4xx_tim.o(.text)
    TIM_SelectMasterSlaveMode                0x080039c1   Thumb Code    18  stm32f4xx_tim.o(.text)
    TIM_EncoderInterfaceConfig               0x080039d3   Thumb Code    66  stm32f4xx_tim.o(.text)
    TIM_SelectHallSensor                     0x08003a15   Thumb Code    24  stm32f4xx_tim.o(.text)
    TIM_RemapConfig                          0x08003a2d   Thumb Code     6  stm32f4xx_tim.o(.text)
    LIS302DL_TIMEOUT_UserCallback            0x08003a35   Thumb Code     4  stm32f4_discovery_lis302dl.o(.text)
    LIS302DL_Write                           0x08003a9b   Thumb Code    58  stm32f4_discovery_lis302dl.o(.text)
    LIS302DL_Init                            0x08003bfb   Thumb Code    44  stm32f4_discovery_lis302dl.o(.text)
    LIS302DL_Read                            0x08003c27   Thumb Code    66  stm32f4_discovery_lis302dl.o(.text)
    LIS302DL_FilterConfig                    0x08003c69   Thumb Code    58  stm32f4_discovery_lis302dl.o(.text)
    LIS302DL_InterruptConfig                 0x08003ca3   Thumb Code    42  stm32f4_discovery_lis302dl.o(.text)
    LIS302DL_LowpowerCmd                     0x08003ccd   Thumb Code    44  stm32f4_discovery_lis302dl.o(.text)
    LIS302DL_DataRateCmd                     0x08003cf9   Thumb Code    44  stm32f4_discovery_lis302dl.o(.text)
    LIS302DL_FullScaleCmd                    0x08003d25   Thumb Code    44  stm32f4_discovery_lis302dl.o(.text)
    LIS302DL_RebootCmd                       0x08003d51   Thumb Code    34  stm32f4_discovery_lis302dl.o(.text)
    LIS302DL_ReadACC                         0x08003d73   Thumb Code   112  stm32f4_discovery_lis302dl.o(.text)
    CC2500_Init                              0x08003edf   Thumb Code     8  cc2500.o(.text)
    CC2500_TIMEOUT_UserCallback              0x08003ee7   Thumb Code     4  cc2500.o(.text)
    CC2500_Write                             0x08003f69   Thumb Code    62  cc2500.o(.text)
    CC2500_config_transmitter                0x08003fa7   Thumb Code   508  cc2500.o(.text)
    CC2500_Read                              0x080041a3   Thumb Code    94  cc2500.o(.text)
    CC2500_StrobeSend                        0x08004201   Thumb Code    56  cc2500.o(.text)
    goToTX                                   0x08004239   Thumb Code    72  cc2500.o(.text)
    goToRX                                   0x08004281   Thumb Code    72  cc2500.o(.text)
    wireless_TX                              0x080042c9   Thumb Code   160  cc2500.o(.text)
    wireless_RX                              0x08004369   Thumb Code   306  cc2500.o(.text)
    __aeabi_uldivmod                         0x080044a1   Thumb Code    98  uldiv.o(.text)
    strncpy                                  0x08004503   Thumb Code    24  strncpy.o(.text)
    __aeabi_dadd                             0x0800451b   Thumb Code   322  dadd.o(.text)
    __aeabi_dsub                             0x0800465d   Thumb Code     6  dadd.o(.text)
    __aeabi_drsub                            0x08004663   Thumb Code     6  dadd.o(.text)
    __aeabi_dmul                             0x08004669   Thumb Code   228  dmul.o(.text)
    __aeabi_ddiv                             0x0800474d   Thumb Code   222  ddiv.o(.text)
    __aeabi_i2d                              0x0800482b   Thumb Code    34  dflti.o(.text)
    __aeabi_ui2d                             0x0800484d   Thumb Code    26  dfltui.o(.text)
    __aeabi_d2iz                             0x08004867   Thumb Code    62  dfixi.o(.text)
    __aeabi_f2d                              0x080048a5   Thumb Code    38  f2d.o(.text)
    __aeabi_d2f                              0x080048cb   Thumb Code    56  d2f.o(.text)
    __aeabi_llsl                             0x08004903   Thumb Code    30  llshl.o(.text)
    _ll_shift_l                              0x08004903   Thumb Code     0  llshl.o(.text)
    __aeabi_llsr                             0x08004921   Thumb Code    32  llushr.o(.text)
    _ll_ushift_r                             0x08004921   Thumb Code     0  llushr.o(.text)
    __aeabi_lasr                             0x08004941   Thumb Code    36  llsshr.o(.text)
    _ll_sshift_r                             0x08004941   Thumb Code     0  llsshr.o(.text)
    __I$use$fp                               0x08004965   Thumb Code     0  iusefp.o(.text)
    _float_round                             0x08004965   Thumb Code    18  fepilogue.o(.text)
    _float_epilogue                          0x08004977   Thumb Code    90  fepilogue.o(.text)
    _double_round                            0x080049d1   Thumb Code    26  depilogue.o(.text)
    _double_epilogue                         0x080049eb   Thumb Code   164  depilogue.o(.text)
    __ARM_scalbn                             0x08004a8f   Thumb Code    46  dscalb.o(.text)
    scalbn                                   0x08004a8f   Thumb Code     0  dscalb.o(.text)
    _dsqrt                                   0x08004abd   Thumb Code   162  dsqrt.o(.text)
    __aeabi_cdrcmple                         0x08004b61   Thumb Code    38  cdrcmple.o(.text)
    __scatterload                            0x08004b89   Thumb Code    28  init.o(.text)
    __scatterload_rt2                        0x08004b89   Thumb Code     0  init.o(.text)
    SVC_Count                                0x08004bac   Data           4  SVC_Table.o(SVC_TABLE)
    SVC_Table                                0x08004bb0   Data           0  SVC_Table.o(SVC_TABLE)
    __ARM_fpclassify                         0x08004bb1   Thumb Code    48  fpclassify.o(i.__ARM_fpclassify)
    __hardfp_atan                            0x08004be1   Thumb Code   636  atan.o(i.__hardfp_atan)
    __hardfp_pow                             0x08004ec9   Thumb Code  3132  pow.o(i.__hardfp_pow)
    __hardfp_sqrt                            0x08005b59   Thumb Code   122  sqrt.o(i.__hardfp_sqrt)
    __kernel_poly                            0x08005bd3   Thumb Code   248  poly.o(i.__kernel_poly)
    __mathlib_dbl_underflow                  0x08005cd1   Thumb Code    24  dunder.o(i.__mathlib_dbl_underflow)
    __scatterload_copy                       0x08005cf1   Thumb Code    14  handlers.o(i.__scatterload_copy)
    __scatterload_null                       0x08005cff   Thumb Code     2  handlers.o(i.__scatterload_null)
    __scatterload_zeroinit                   0x08005d01   Thumb Code    14  handlers.o(i.__scatterload_zeroinit)
    __set_errno                              0x08005d11   Thumb Code     6  errno.o(i.__set_errno)
    _init_box                                0x08005d1d   Thumb Code    70  rt_membox.o(i._init_box)
    dbg_init                                 0x08005d65   Thumb Code    34  hal_cm.o(i.dbg_init)
    dbg_task_notify                          0x08005d95   Thumb Code    32  hal_cm.o(i.dbg_task_notify)
    dbg_task_switch                          0x08005db5   Thumb Code    16  hal_cm.o(i.dbg_task_switch)
    fabs                                     0x08005dc5   Thumb Code    32  fabs.o(i.fabs)
    isr_evt_set                              0x08005e11   Thumb Code    34  rt_event.o(i.isr_evt_set)
    isr_mbx_receive                          0x08005e39   Thumb Code    80  rt_mailbox.o(i.isr_mbx_receive)
    isr_mbx_send                             0x08005e89   Thumb Code    14  rt_mailbox.o(i.isr_mbx_send)
    osDelay                                  0x08005e99   Thumb Code    18  rt_cmsis.o(i.osDelay)
    osKernelStart                            0x08005eb1   Thumb Code    94  rt_cmsis.o(i.osKernelStart)
    osMessageGet                             0x08005f19   Thumb Code    64  rt_cmsis.o(i.osMessageGet)
    osMutexCreate                            0x08005f5d   Thumb Code    18  rt_cmsis.o(i.osMutexCreate)
    osMutexRelease                           0x08005f75   Thumb Code    18  rt_cmsis.o(i.osMutexRelease)
    osMutexWait                              0x08005f8d   Thumb Code    18  rt_cmsis.o(i.osMutexWait)
    osSignalClear                            0x08005fa5   Thumb Code    18  rt_cmsis.o(i.osSignalClear)
    osSignalSet                              0x08005fbd   Thumb Code    48  rt_cmsis.o(i.osSignalSet)
    osSignalWait                             0x08005ff1   Thumb Code    18  rt_cmsis.o(i.osSignalWait)
    osThreadCreate                           0x08006009   Thumb Code    18  rt_cmsis.o(i.osThreadCreate)
    osThreadExit                             0x08006021   Thumb Code    14  rt_cmsis.o(i.osThreadExit)
    osTimerCall                              0x08006039   Thumb Code     8  rt_cmsis.o(i.osTimerCall)
    osTimerThread                            0x08006045   Thumb Code    38  rt_cmsis.o(i.osTimerThread)
    rt_alloc_box                             0x08006071   Thumb Code    28  rt_membox.o(i.rt_alloc_box)
    rt_alloc_mem                             0x0800608d   Thumb Code    60  rt_memory.o(i.rt_alloc_mem)
    rt_block                                 0x080060c9   Thumb Code    48  rt_task.o(i.rt_block)
    rt_chk_robin                             0x08006101   Thumb Code    58  rt_robin.o(i.rt_chk_robin)
    rt_dec_dly                               0x08006149   Thumb Code   102  rt_list.o(i.rt_dec_dly)
    rt_dispatch                              0x080061b9   Thumb Code    60  rt_task.o(i.rt_dispatch)
    rt_dly_wait                              0x080061fd   Thumb Code     6  rt_time.o(i.rt_dly_wait)
    rt_evt_clr                               0x08006205   Thumb Code    22  rt_event.o(i.rt_evt_clr)
    rt_evt_psh                               0x08006221   Thumb Code    76  rt_event.o(i.rt_evt_psh)
    rt_evt_set                               0x08006271   Thumb Code    88  rt_event.o(i.rt_evt_set)
    rt_evt_wait                              0x080062cd   Thumb Code    58  rt_event.o(i.rt_evt_wait)
    rt_free_box                              0x0800630d   Thumb Code    32  rt_membox.o(i.rt_free_box)
    rt_free_mem                              0x0800632d   Thumb Code    40  rt_memory.o(i.rt_free_mem)
    rt_get_first                             0x08006355   Thumb Code    40  rt_list.o(i.rt_get_first)
    rt_init_mem                              0x080063c5   Thumb Code    26  rt_memory.o(i.rt_init_mem)
    rt_init_robin                            0x080063e1   Thumb Code    14  rt_robin.o(i.rt_init_robin)
    rt_init_stack                            0x080063f9   Thumb Code    70  hal_cm.o(i.rt_init_stack)
    rt_mbx_check                             0x08006449   Thumb Code     8  rt_mailbox.o(i.rt_mbx_check)
    rt_mbx_init                              0x08006451   Thumb Code    26  rt_mailbox.o(i.rt_mbx_init)
    rt_mbx_psh                               0x0800646d   Thumb Code   248  rt_mailbox.o(i.rt_mbx_psh)
    rt_mbx_wait                              0x08006569   Thumb Code   174  rt_mailbox.o(i.rt_mbx_wait)
    rt_mut_init                              0x08006659   Thumb Code    16  rt_mutex.o(i.rt_mut_init)
    rt_mut_release                           0x08006669   Thumb Code   150  rt_mutex.o(i.rt_mut_release)
    rt_mut_wait                              0x08006709   Thumb Code    96  rt_mutex.o(i.rt_mut_wait)
    rt_pop_req                               0x0800676d   Thumb Code   106  rt_system.o(i.rt_pop_req)
    rt_psh_req                               0x080067e5   Thumb Code    22  rt_system.o(i.rt_psh_req)
    rt_psq_enq                               0x08006805   Thumb Code    82  rt_list.o(i.rt_psq_enq)
    rt_put_dly                               0x0800685d   Thumb Code    88  rt_list.o(i.rt_put_dly)
    rt_put_prio                              0x080068b9   Thumb Code    56  rt_list.o(i.rt_put_prio)
    rt_put_rdy_first                         0x080068f1   Thumb Code    14  rt_list.o(i.rt_put_rdy_first)
    rt_resort_prio                           0x08006905   Thumb Code    46  rt_list.o(i.rt_resort_prio)
    rt_ret_val                               0x08006949   Thumb Code    12  hal_cm.o(i.rt_ret_val)
    rt_ret_val2                              0x08006955   Thumb Code    16  hal_cm.o(i.rt_ret_val2)
    rt_rmv_dly                               0x08006965   Thumb Code    40  rt_list.o(i.rt_rmv_dly)
    rt_rmv_list                              0x0800698d   Thumb Code    44  rt_list.o(i.rt_rmv_list)
    rt_sem_psh                               0x080069bd   Thumb Code    48  rt_semaphore.o(i.rt_sem_psh)
    rt_stk_check                             0x080069f1   Thumb Code    28  rt_system.o(i.rt_stk_check)
    rt_switch_req                            0x08006a15   Thumb Code    30  rt_task.o(i.rt_switch_req)
    rt_sys_init                              0x08006a3d   Thumb Code   242  rt_task.o(i.rt_sys_init)
    rt_systick                               0x08006b7d   Thumb Code    48  rt_system.o(i.rt_systick)
    rt_tsk_create                            0x08006c09   Thumb Code   112  rt_task.o(i.rt_tsk_create)
    rt_tsk_delete                            0x08006c89   Thumb Code   146  rt_task.o(i.rt_tsk_delete)
    rt_tsk_self                              0x08006d35   Thumb Code    12  rt_task.o(i.rt_tsk_self)
    sqrt                                     0x08006d45   Thumb Code   110  sqrt.o(i.sqrt)
    svcDelay                                 0x08006db3   Thumb Code    20  rt_cmsis.o(i.svcDelay)
    svcKernelStart                           0x08006dc9   Thumb Code   174  rt_cmsis.o(i.svcKernelStart)
    svcMessageCreate                         0x08006e9d   Thumb Code    36  rt_cmsis.o(i.svcMessageCreate)
    svcMessageGet                            0x08006ec1   Thumb Code    58  rt_cmsis.o(i.svcMessageGet)
    svcMutexCreate                           0x08006efb   Thumb Code    28  rt_cmsis.o(i.svcMutexCreate)
    svcMutexRelease                          0x08006f17   Thumb Code    34  rt_cmsis.o(i.svcMutexRelease)
    svcMutexWait                             0x08006f39   Thumb Code    54  rt_cmsis.o(i.svcMutexWait)
    svcSignalClear                           0x08006f6f   Thumb Code    36  rt_cmsis.o(i.svcSignalClear)
    svcSignalSet                             0x08006f93   Thumb Code    36  rt_cmsis.o(i.svcSignalSet)
    svcSignalWait                            0x08006fb9   Thumb Code    80  rt_cmsis.o(i.svcSignalWait)
    svcThreadCreate                          0x0800700d   Thumb Code   100  rt_cmsis.o(i.svcThreadCreate)
    svcThreadGetId                           0x0800707d   Thumb Code    22  rt_cmsis.o(i.svcThreadGetId)
    svcThreadTerminate                       0x08007099   Thumb Code    52  rt_cmsis.o(i.svcThreadTerminate)
    svcTimerCall                             0x080070d1   Thumb Code    24  rt_cmsis.o(i.svcTimerCall)
    sysTimerTick                             0x080070e9   Thumb Code    76  rt_cmsis.o(i.sysTimerTick)
    os_maxtaskrun                            0x0800713c   Data           2  rtx_conf_cm.o(.constdata)
    os_stackinfo                             0x08007140   Data           4  rtx_conf_cm.o(.constdata)
    os_rrobin                                0x08007144   Data           4  rtx_conf_cm.o(.constdata)
    os_trv                                   0x08007148   Data           4  rtx_conf_cm.o(.constdata)
    os_flags                                 0x0800714c   Data           1  rtx_conf_cm.o(.constdata)
    os_clockrate                             0x08007150   Data           4  rtx_conf_cm.o(.constdata)
    os_timernum                              0x08007154   Data           4  rtx_conf_cm.o(.constdata)
    mp_tcb_size                              0x08007158   Data           2  rtx_conf_cm.o(.constdata)
    mp_stk_size                              0x0800715c   Data           4  rtx_conf_cm.o(.constdata)
    os_stack_sz                              0x08007160   Data           4  rtx_conf_cm.o(.constdata)
    os_fifo_size                             0x08007164   Data           1  rtx_conf_cm.o(.constdata)
    os_thread_def_osTimerThread              0x08007168   Data          16  rtx_conf_cm.o(.constdata)
    os_messageQ_def_osTimerMessageQ          0x08007178   Data           8  rtx_conf_cm.o(.constdata)
    mp_tmr_size                              0x08007180   Data           2  rtx_conf_cm.o(.constdata)
    os_thread_def_main                       0x08007184   Data          16  rtx_conf_cm.o(.constdata)
    os_thread_def_controllerThread           0x08007194   Data          16  main.o(.constdata)
    __mathlib_zero                           0x08007318   Data           8  qnan.o(.constdata)
    Region$$Table$$Base                      0x08007320   Number         0  anon$$obj.o(Region$$Table)
    Region$$Table$$Limit                     0x08007350   Number         0  anon$$obj.o(Region$$Table)
    mp_tcb                                   0x10000000   Data         444  rtx_conf_cm.o(.bss)
    mp_stk                                   0x100001c0   Data        9616  rtx_conf_cm.o(.bss)
    os_stack_mem                             0x10002750   Data        1632  rtx_conf_cm.o(.bss)
    os_fifo                                  0x10002db0   Data         132  rtx_conf_cm.o(.bss)
    os_active_TCB                            0x10002e34   Data          36  rtx_conf_cm.o(.bss)
    os_messageQ_q_osTimerMessageQ            0x10002e58   Data          32  rtx_conf_cm.o(.bss)
    SystemCoreClock                          0x20000000   Data           4  system_stm32f4xx.o(.data)
    AHBPrescTable                            0x20000004   Data          16  system_stm32f4xx.o(.data)
    os_tmr                                   0x20000014   Data           4  rtx_conf_cm.o(.data)
    m_tmr                                    0x20000018   Data           4  rtx_conf_cm.o(.data)
    osThreadId_osTimerThread                 0x2000001c   Data           4  rtx_conf_cm.o(.data)
    osMessageQId_osTimerMessageQ             0x20000020   Data           4  rtx_conf_cm.o(.data)
    state                                    0x20000044   Data           1  main.o(.data)
    buffer_space                             0x20000045   Data           1  main.o(.data)
    LIS302DLTimeout                          0x20000058   Data           4  stm32f4_discovery_lis302dl.o(.data)
    CC2500Timeout                            0x2000005c   Data           4  cc2500.o(.data)
    os_timer_head                            0x20000060   Data           4  rt_cmsis.o(.data)
    os_tsk                                   0x20000064   Data           8  rt_task.o(.data)
    os_time                                  0x20000070   Data           2  rt_time.o(.data)
    dbg_msg                                  0x20000072   Data           1  hal_cm.o(.data)
    os_robin                                 0x20000074   Data           8  rt_robin.o(.data)
    data_testing                             0x200002fc   Data          64  main.o(.bss)
    os_idle_TCB                              0x2000033c   Data          48  rt_task.o(.bss)
    os_rdy                                   0x2000036c   Data          24  rt_list.o(.bss)
    os_dly                                   0x20000384   Data          24  rt_list.o(.bss)
    __initial_sp                             0x200007a0   Data           0  startup_stm32f4xx.o(STACK)



==============================================================================

Memory Map of the image

  Image Entry point : 0x08000189

  Load Region LR_IROM1 (Base: 0x08000000, Size: 0x000073d0, Max: 0x00100000, ABSOLUTE)

    Execution Region ER_IROM1 (Base: 0x08000000, Size: 0x00007350, Max: 0x00100000, ABSOLUTE)

    Base Addr    Size         Type   Attr      Idx    E Section Name        Object

    0x08000000   0x00000188   Data   RO          132    RESET               startup_stm32f4xx.o
    0x08000188   0x00000000   Code   RO         2364  * .ARM.Collect$$$$00000000  mc_w.l(entry.o)
    0x08000188   0x00000004   Code   RO         2400    .ARM.Collect$$$$00000001  mc_w.l(entry2.o)
    0x0800018c   0x00000004   Code   RO         2403    .ARM.Collect$$$$00000004  mc_w.l(entry5.o)
    0x08000190   0x00000000   Code   RO         2405    .ARM.Collect$$$$00000008  mc_w.l(entry7b.o)
    0x08000190   0x00000000   Code   RO         2407    .ARM.Collect$$$$0000000A  mc_w.l(entry8b.o)
    0x08000190   0x00000000   Code   RO         2408    .ARM.Collect$$$$0000000D  mc_w.l(entry10a.o)
    0x08000190   0x00000000   Code   RO         2410    .ARM.Collect$$$$0000000F  mc_w.l(entry11a.o)
    0x08000190   0x00000010   Code   RO          137    .ARM.Collect$$$$000000FF  rtx_conf_cm.o
    0x080001a0   0x00000004   Code   RO         2401    .ARM.Collect$$$$00002712  mc_w.l(entry2.o)
    0x080001a4   0x00000174   Code   RO         2311    .emb_text           RTX_CM4.lib(hal_cm4.o)
    0x08000318   0x0000020c   Code   RO            3    .text               system_stm32f4xx.o
    0x08000524   0x00000024   Code   RO          133    .text               startup_stm32f4xx.o
    0x08000548   0x00000008   Code   RO          138    .text               rtx_conf_cm.o
    0x08000550   0x00000554   Code   RO          171    .text               main.o
    0x08000aa4   0x000002e0   Code   RO          256    .text               project_init.o
    0x08000d84   0x000006f0   Code   RO          279    .text               project_accelerometer.o
    0x08001474   0x00000100   Code   RO          306    .text               project_filter.o
    0x08001574   0x0000060c   Code   RO          326    .text               project_lcd.o
    0x08001b80   0x000001fc   Code   RO          352    .text               project_keypad.o
    0x08001d7c   0x0000008c   Code   RO          376    .text               project_transmitter.o
    0x08001e08   0x00000098   Code   RO          403    .text               project_timeleft.o
    0x08001ea0   0x0000008c   Code   RO          427    .text               project_pushbutton.o
    0x08001f2c   0x000000e4   Code   RO          477    .text               misc.o
    0x08002010   0x0000011c   Code   RO          816    .text               stm32f4xx_exti.o
    0x0800212c   0x0000025c   Code   RO          885    .text               stm32f4xx_gpio.o
    0x08002388   0x00000588   Code   RO         1034    .text               stm32f4xx_rcc.o
    0x08002910   0x000003f4   Code   RO         1125    .text               stm32f4xx_spi.o
    0x08002d04   0x0000008c   Code   RO         1148    .text               stm32f4xx_syscfg.o
    0x08002d90   0x00000ca2   Code   RO         1168    .text               stm32f4xx_tim.o
    0x08003a32   0x00000002   PAD
    0x08003a34   0x000003c0   Code   RO         1234    .text               stm32f4_discovery_lis302dl.o
    0x08003df4   0x000006ac   Code   RO         1257    .text               cc2500.o
    0x080044a0   0x00000062   Code   RO         2367    .text               mc_w.l(uldiv.o)
    0x08004502   0x00000018   Code   RO         2369    .text               mc_w.l(strncpy.o)
    0x0800451a   0x0000014e   Code   RO         2371    .text               mf_w.l(dadd.o)
    0x08004668   0x000000e4   Code   RO         2373    .text               mf_w.l(dmul.o)
    0x0800474c   0x000000de   Code   RO         2375    .text               mf_w.l(ddiv.o)
    0x0800482a   0x00000022   Code   RO         2377    .text               mf_w.l(dflti.o)
    0x0800484c   0x0000001a   Code   RO         2379    .text               mf_w.l(dfltui.o)
    0x08004866   0x0000003e   Code   RO         2381    .text               mf_w.l(dfixi.o)
    0x080048a4   0x00000026   Code   RO         2383    .text               mf_w.l(f2d.o)
    0x080048ca   0x00000038   Code   RO         2385    .text               mf_w.l(d2f.o)
    0x08004902   0x0000001e   Code   RO         2412    .text               mc_w.l(llshl.o)
    0x08004920   0x00000020   Code   RO         2414    .text               mc_w.l(llushr.o)
    0x08004940   0x00000024   Code   RO         2416    .text               mc_w.l(llsshr.o)
    0x08004964   0x00000000   Code   RO         2425    .text               mc_w.l(iusefp.o)
    0x08004964   0x0000006c   Code   RO         2426    .text               mf_w.l(fepilogue.o)
    0x080049d0   0x000000be   Code   RO         2428    .text               mf_w.l(depilogue.o)
    0x08004a8e   0x0000002e   Code   RO         2432    .text               mf_w.l(dscalb.o)
    0x08004abc   0x000000a2   Code   RO         2434    .text               mf_w.l(dsqrt.o)
    0x08004b5e   0x00000002   PAD
    0x08004b60   0x00000028   Code   RO         2438    .text               mf_w.l(cdrcmple.o)
    0x08004b88   0x00000024   Code   RO         2440    .text               mc_w.l(init.o)
    0x08004bac   0x00000004   Code   RO         2321    SVC_TABLE           RTX_CM4.lib(SVC_Table.o)
    0x08004bb0   0x00000030   Code   RO         2395    i.__ARM_fpclassify  m_wm.l(fpclassify.o)
    0x08004be0   0x000002e8   Code   RO         2324    i.__hardfp_atan     m_wm.l(atan.o)
    0x08004ec8   0x00000c90   Code   RO         2338    i.__hardfp_pow      m_wm.l(pow.o)
    0x08005b58   0x0000007a   Code   RO         2352    i.__hardfp_sqrt     m_wm.l(sqrt.o)
    0x08005bd2   0x000000f8   Code   RO         2397    i.__kernel_poly     m_wm.l(poly.o)
    0x08005cca   0x00000006   PAD
    0x08005cd0   0x00000020   Code   RO         2387    i.__mathlib_dbl_underflow  m_wm.l(dunder.o)
    0x08005cf0   0x0000000e   Code   RO         2444    i.__scatterload_copy  mc_w.l(handlers.o)
    0x08005cfe   0x00000002   Code   RO         2445    i.__scatterload_null  mc_w.l(handlers.o)
    0x08005d00   0x0000000e   Code   RO         2446    i.__scatterload_zeroinit  mc_w.l(handlers.o)
    0x08005d0e   0x00000002   PAD
    0x08005d10   0x0000000c   Code   RO         2420    i.__set_errno       mc_w.l(errno.o)
    0x08005d1c   0x00000046   Code   RO         2184    i._init_box         RTX_CM4.lib(rt_membox.o)
    0x08005d62   0x00000002   PAD
    0x08005d64   0x00000030   Code   RO         2237    i.dbg_init          RTX_CM4.lib(hal_cm.o)
    0x08005d94   0x00000020   Code   RO         2238    i.dbg_task_notify   RTX_CM4.lib(hal_cm.o)
    0x08005db4   0x00000010   Code   RO         2239    i.dbg_task_switch   RTX_CM4.lib(hal_cm.o)
    0x08005dc4   0x00000020   Code   RO         2391    i.fabs              m_wm.l(fabs.o)
    0x08005de4   0x0000002c   Code   RO         1283    i.isrMessagePut     RTX_CM4.lib(rt_cmsis.o)
    0x08005e10   0x00000028   Code   RO         1930    i.isr_evt_set       RTX_CM4.lib(rt_event.o)
    0x08005e38   0x00000050   Code   RO         2048    i.isr_mbx_receive   RTX_CM4.lib(rt_mailbox.o)
    0x08005e88   0x0000000e   Code   RO         2049    i.isr_mbx_send      RTX_CM4.lib(rt_mailbox.o)
    0x08005e96   0x00000002   PAD
    0x08005e98   0x00000018   Code   RO         1284    i.osDelay           RTX_CM4.lib(rt_cmsis.o)
    0x08005eb0   0x00000068   Code   RO         1286    i.osKernelStart     RTX_CM4.lib(rt_cmsis.o)
    0x08005f18   0x00000044   Code   RO         1294    i.osMessageGet      RTX_CM4.lib(rt_cmsis.o)
    0x08005f5c   0x00000018   Code   RO         1296    i.osMutexCreate     RTX_CM4.lib(rt_cmsis.o)
    0x08005f74   0x00000018   Code   RO         1297    i.osMutexRelease    RTX_CM4.lib(rt_cmsis.o)
    0x08005f8c   0x00000018   Code   RO         1298    i.osMutexWait       RTX_CM4.lib(rt_cmsis.o)
    0x08005fa4   0x00000018   Code   RO         1306    i.osSignalClear     RTX_CM4.lib(rt_cmsis.o)
    0x08005fbc   0x00000034   Code   RO         1308    i.osSignalSet       RTX_CM4.lib(rt_cmsis.o)
    0x08005ff0   0x00000018   Code   RO         1309    i.osSignalWait      RTX_CM4.lib(rt_cmsis.o)
    0x08006008   0x00000018   Code   RO         1310    i.osThreadCreate    RTX_CM4.lib(rt_cmsis.o)
    0x08006020   0x00000018   Code   RO         1311    i.osThreadExit      RTX_CM4.lib(rt_cmsis.o)
    0x08006038   0x0000000c   Code   RO         1317    i.osTimerCall       RTX_CM4.lib(rt_cmsis.o)
    0x08006044   0x0000002c   Code   RO         1321    i.osTimerThread     RTX_CM4.lib(rt_cmsis.o)
    0x08006070   0x0000001c   Code   RO         2185    i.rt_alloc_box      RTX_CM4.lib(rt_membox.o)
    0x0800608c   0x0000003c   Code   RO         2213    i.rt_alloc_mem      RTX_CM4.lib(rt_memory.o)
    0x080060c8   0x00000038   Code   RO         1805    i.rt_block          RTX_CM4.lib(rt_task.o)
    0x08006100   0x00000048   Code   RO         2290    i.rt_chk_robin      RTX_CM4.lib(rt_robin.o)
    0x08006148   0x00000070   Code   RO         1972    i.rt_dec_dly        RTX_CM4.lib(rt_list.o)
    0x080061b8   0x00000044   Code   RO         1806    i.rt_dispatch       RTX_CM4.lib(rt_task.o)
    0x080061fc   0x00000006   Code   RO         2132    i.rt_dly_wait       RTX_CM4.lib(rt_time.o)
    0x08006202   0x00000002   PAD
    0x08006204   0x0000001c   Code   RO         1931    i.rt_evt_clr        RTX_CM4.lib(rt_event.o)
    0x08006220   0x00000050   Code   RO         1933    i.rt_evt_psh        RTX_CM4.lib(rt_event.o)
    0x08006270   0x0000005c   Code   RO         1934    i.rt_evt_set        RTX_CM4.lib(rt_event.o)
    0x080062cc   0x00000040   Code   RO         1935    i.rt_evt_wait       RTX_CM4.lib(rt_event.o)
    0x0800630c   0x00000020   Code   RO         2186    i.rt_free_box       RTX_CM4.lib(rt_membox.o)
    0x0800632c   0x00000028   Code   RO         2214    i.rt_free_mem       RTX_CM4.lib(rt_memory.o)
    0x08006354   0x00000028   Code   RO         1973    i.rt_get_first      RTX_CM4.lib(rt_list.o)
    0x0800637c   0x00000008   Code   RO         1324    i.rt_id2obj         RTX_CM4.lib(rt_cmsis.o)
    0x08006384   0x00000040   Code   RO         1807    i.rt_init_context   RTX_CM4.lib(rt_task.o)
    0x080063c4   0x0000001a   Code   RO         2215    i.rt_init_mem       RTX_CM4.lib(rt_memory.o)
    0x080063de   0x00000002   PAD
    0x080063e0   0x00000018   Code   RO         2291    i.rt_init_robin     RTX_CM4.lib(rt_robin.o)
    0x080063f8   0x00000050   Code   RO         2240    i.rt_init_stack     RTX_CM4.lib(hal_cm.o)
    0x08006448   0x00000008   Code   RO         2050    i.rt_mbx_check      RTX_CM4.lib(rt_mailbox.o)
    0x08006450   0x0000001a   Code   RO         2051    i.rt_mbx_init       RTX_CM4.lib(rt_mailbox.o)
    0x0800646a   0x00000002   PAD
    0x0800646c   0x000000fc   Code   RO         2052    i.rt_mbx_psh        RTX_CM4.lib(rt_mailbox.o)
    0x08006568   0x000000b4   Code   RO         2054    i.rt_mbx_wait       RTX_CM4.lib(rt_mailbox.o)
    0x0800661c   0x0000003c   Code   RO         1325    i.rt_ms2tick        RTX_CM4.lib(rt_cmsis.o)
    0x08006658   0x00000010   Code   RO         2159    i.rt_mut_init       RTX_CM4.lib(rt_mutex.o)
    0x08006668   0x000000a0   Code   RO         2160    i.rt_mut_release    RTX_CM4.lib(rt_mutex.o)
    0x08006708   0x00000064   Code   RO         2161    i.rt_mut_wait       RTX_CM4.lib(rt_mutex.o)
    0x0800676c   0x00000078   Code   RO         1884    i.rt_pop_req        RTX_CM4.lib(rt_system.o)
    0x080067e4   0x00000020   Code   RO         1885    i.rt_psh_req        RTX_CM4.lib(rt_system.o)
    0x08006804   0x00000058   Code   RO         1975    i.rt_psq_enq        RTX_CM4.lib(rt_list.o)
    0x0800685c   0x0000005c   Code   RO         1976    i.rt_put_dly        RTX_CM4.lib(rt_list.o)
    0x080068b8   0x00000038   Code   RO         1977    i.rt_put_prio       RTX_CM4.lib(rt_list.o)
    0x080068f0   0x00000014   Code   RO         1978    i.rt_put_rdy_first  RTX_CM4.lib(rt_list.o)
    0x08006904   0x00000034   Code   RO         1979    i.rt_resort_prio    RTX_CM4.lib(rt_list.o)
    0x08006938   0x00000010   Code   RO         2241    i.rt_ret_regs       RTX_CM4.lib(hal_cm.o)
    0x08006948   0x0000000c   Code   RO         2242    i.rt_ret_val        RTX_CM4.lib(hal_cm.o)
    0x08006954   0x00000010   Code   RO         2243    i.rt_ret_val2       RTX_CM4.lib(hal_cm.o)
    0x08006964   0x00000028   Code   RO         1980    i.rt_rmv_dly        RTX_CM4.lib(rt_list.o)
    0x0800698c   0x00000030   Code   RO         1981    i.rt_rmv_list       RTX_CM4.lib(rt_list.o)
    0x080069bc   0x00000034   Code   RO         2098    i.rt_sem_psh        RTX_CM4.lib(rt_semaphore.o)
    0x080069f0   0x00000024   Code   RO         1886    i.rt_stk_check      RTX_CM4.lib(rt_system.o)
    0x08006a14   0x00000028   Code   RO         1808    i.rt_switch_req     RTX_CM4.lib(rt_task.o)
    0x08006a3c   0x00000140   Code   RO         1809    i.rt_sys_init       RTX_CM4.lib(rt_task.o)
    0x08006b7c   0x0000003c   Code   RO         1887    i.rt_systick        RTX_CM4.lib(rt_system.o)
    0x08006bb8   0x00000012   Code   RO         1326    i.rt_tid2ptcb       RTX_CM4.lib(rt_cmsis.o)
    0x08006bca   0x00000002   PAD
    0x08006bcc   0x0000003c   Code   RO         1327    i.rt_timer_insert   RTX_CM4.lib(rt_cmsis.o)
    0x08006c08   0x00000080   Code   RO         1810    i.rt_tsk_create     RTX_CM4.lib(rt_task.o)
    0x08006c88   0x000000ac   Code   RO         1811    i.rt_tsk_delete     RTX_CM4.lib(rt_task.o)
    0x08006d34   0x00000010   Code   RO         1814    i.rt_tsk_self       RTX_CM4.lib(rt_task.o)
    0x08006d44   0x0000006e   Code   RO         2354    i.sqrt              m_wm.l(sqrt.o)
    0x08006db2   0x00000014   Code   RO         1329    i.svcDelay          RTX_CM4.lib(rt_cmsis.o)
    0x08006dc6   0x00000002   PAD
    0x08006dc8   0x000000d4   Code   RO         1330    i.svcKernelStart    RTX_CM4.lib(rt_cmsis.o)
    0x08006e9c   0x00000024   Code   RO         1332    i.svcMessageCreate  RTX_CM4.lib(rt_cmsis.o)
    0x08006ec0   0x0000003a   Code   RO         1333    i.svcMessageGet     RTX_CM4.lib(rt_cmsis.o)
    0x08006efa   0x0000001c   Code   RO         1335    i.svcMutexCreate    RTX_CM4.lib(rt_cmsis.o)
    0x08006f16   0x00000022   Code   RO         1336    i.svcMutexRelease   RTX_CM4.lib(rt_cmsis.o)
    0x08006f38   0x00000036   Code   RO         1337    i.svcMutexWait      RTX_CM4.lib(rt_cmsis.o)
    0x08006f6e   0x00000024   Code   RO         1342    i.svcSignalClear    RTX_CM4.lib(rt_cmsis.o)
    0x08006f92   0x00000024   Code   RO         1344    i.svcSignalSet      RTX_CM4.lib(rt_cmsis.o)
    0x08006fb6   0x00000002   PAD
    0x08006fb8   0x00000054   Code   RO         1345    i.svcSignalWait     RTX_CM4.lib(rt_cmsis.o)
    0x0800700c   0x00000070   Code   RO         1346    i.svcThreadCreate   RTX_CM4.lib(rt_cmsis.o)
    0x0800707c   0x0000001c   Code   RO         1347    i.svcThreadGetId    RTX_CM4.lib(rt_cmsis.o)
    0x08007098   0x00000038   Code   RO         1350    i.svcThreadTerminate  RTX_CM4.lib(rt_cmsis.o)
    0x080070d0   0x00000018   Code   RO         1352    i.svcTimerCall      RTX_CM4.lib(rt_cmsis.o)
    0x080070e8   0x00000054   Code   RO         1360    i.sysTimerTick      RTX_CM4.lib(rt_cmsis.o)
    0x0800713c   0x00000058   Data   RO          140    .constdata          rtx_conf_cm.o
    0x08007194   0x00000010   Data   RO          173    .constdata          main.o
    0x080071a4   0x00000010   Data   RO          280    .constdata          project_accelerometer.o
    0x080071b4   0x00000010   Data   RO          353    .constdata          project_keypad.o
    0x080071c4   0x00000010   Data   RO          377    .constdata          project_transmitter.o
    0x080071d4   0x00000010   Data   RO          404    .constdata          project_timeleft.o
    0x080071e4   0x00000010   Data   RO          428    .constdata          project_pushbutton.o
    0x080071f4   0x00000004   PAD
    0x080071f8   0x00000098   Data   RO         2327    .constdata          m_wm.l(atan.o)
    0x08007290   0x00000088   Data   RO         2341    .constdata          m_wm.l(pow.o)
    0x08007318   0x00000008   Data   RO         2399    .constdata          m_wm.l(qnan.o)
    0x08007320   0x00000030   Data   RO         2442    Region$$Table       anon$$obj.o


    Execution Region RW_IRAM1 (Base: 0x10000000, Size: 0x00002e78, Max: 0x0001ffff, ABSOLUTE)

    Base Addr    Size         Type   Attr      Idx    E Section Name        Object

    0x10000000   0x00002e78   Zero   RW          139    .bss                rtx_conf_cm.o


    Execution Region RW_IRAM2 (Base: 0x20000000, Size: 0x000007a0, Max: 0x0001ffff, ABSOLUTE)

    Base Addr    Size         Type   Attr      Idx    E Section Name        Object

    0x20000000   0x00000014   Data   RW            4    .data               system_stm32f4xx.o
    0x20000014   0x00000010   Data   RW          141    .data               rtx_conf_cm.o
    0x20000024   0x00000022   Data   RW          174    .data               main.o
    0x20000046   0x00000010   Data   RW         1035    .data               stm32f4xx_rcc.o
    0x20000056   0x00000002   PAD
    0x20000058   0x00000004   Data   RW         1235    .data               stm32f4_discovery_lis302dl.o
    0x2000005c   0x00000004   Data   RW         1258    .data               cc2500.o
    0x20000060   0x00000004   Data   RW         1361    .data               RTX_CM4.lib(rt_cmsis.o)
    0x20000064   0x00000008   Data   RW         1816    .data               RTX_CM4.lib(rt_task.o)
    0x2000006c   0x00000003   Data   RW         1890    .data               RTX_CM4.lib(rt_system.o)
    0x2000006f   0x00000001   PAD
    0x20000070   0x00000002   Data   RW         2135    .data               RTX_CM4.lib(rt_time.o)
    0x20000072   0x00000001   Data   RW         2244    .data               RTX_CM4.lib(hal_cm.o)
    0x20000073   0x00000001   PAD
    0x20000074   0x00000008   Data   RW         2292    .data               RTX_CM4.lib(rt_robin.o)
    0x2000007c   0x00000004   Data   RW         2421    .data               mc_w.l(errno.o)
    0x20000080   0x000002bc   Zero   RW          172    .bss                main.o
    0x2000033c   0x00000030   Zero   RW         1815    .bss                RTX_CM4.lib(rt_task.o)
    0x2000036c   0x00000030   Zero   RW         1982    .bss                RTX_CM4.lib(rt_list.o)
    0x2000039c   0x00000004   PAD
    0x200003a0   0x00000400   Zero   RW          130    STACK               startup_stm32f4xx.o


==============================================================================

Image component sizes


      Code (inc. data)   RO Data    RW Data    ZI Data      Debug   Object Name

      1708         18          0          4          0       5081   cc2500.o
      1364        124         16         34        700      16816   main.o
       228         22          0          0          0       3633   misc.o
      1776        140         16          0          0       3983   project_accelerometer.o
       256         14          0          0          0       1609   project_filter.o
       736         20          0          0          0       2093   project_init.o
       508          8         16          0          0       3087   project_keypad.o
      1548        116          0          0          0       5410   project_lcd.o
       140          8         16          0          0       1807   project_pushbutton.o
       152          4         16          0          0       1941   project_timeleft.o
       140          6         16          0          0       1957   project_transmitter.o
        24          6         88         16      11896       6548   rtx_conf_cm.o
        36          8        392          0       1024        788   startup_stm32f4xx.o
       960         18          0          4          0       4272   stm32f4_discovery_lis302dl.o
       284         10          0          0          0       4815   stm32f4xx_exti.o
       604         36          0          0          0      10545   stm32f4xx_gpio.o
      1416         48          0         16          0      23979   stm32f4xx_rcc.o
      1012         22          0          0          0      14973   stm32f4xx_spi.o
       140         12          0          0          0       1707   stm32f4xx_syscfg.o
      3234         60          0          0          0      42192   stm32f4xx_tim.o
       524         44          0         20          0     251711   system_stm32f4xx.o

    ----------------------------------------------------------------------
     16792        744        628         96      13620     408947   Object Totals
         0          0         48          0          0          0   (incl. Generated)
         2          0          4          2          0          0   (incl. Padding)

    ----------------------------------------------------------------------

      Code (inc. data)   RO Data    RW Data    ZI Data      Debug   Library Member Name

         4          4          0          0          0        132   SVC_Table.o
       220         24          0          1          0       3876   hal_cm.o
       372         32          0          0          0        616   hal_cm4.o
      1564        166          0          4          0      34593   rt_cmsis.o
       304         26          0          0          0       3059   rt_event.o
       548         36          0          0         48       7201   rt_list.o
       560         10          0          0          0       3829   rt_mailbox.o
       130          0          0          0          0       1837   rt_membox.o
       126          0          0          0          0       2159   rt_memory.o
       276         14          0          0          0       1869   rt_mutex.o
        96         24          0          8          0       1042   rt_robin.o
        52          4          0          0          0        557   rt_semaphore.o
       248         44          0          3          0       2066   rt_system.o
       864        154          0          8         48       7224   rt_task.o
         6          0          0          2          0        572   rt_time.o
       744        108        152          0          0        220   atan.o
        32          8          0          0          0        124   dunder.o
        32          0          0          0          0        124   fabs.o
        48          0          0          0          0        124   fpclassify.o
       248          0          0          0          0        152   poly.o
      3216        310        136          0          0        216   pow.o
         0          0          8          0          0          0   qnan.o
       232          0          0          0          0        296   sqrt.o
         0          0          0          0          0          0   entry.o
         0          0          0          0          0          0   entry10a.o
         0          0          0          0          0          0   entry11a.o
         8          4          0          0          0          0   entry2.o
         4          0          0          0          0          0   entry5.o
         0          0          0          0          0          0   entry7b.o
         0          0          0          0          0          0   entry8b.o
        12          6          0          4          0         68   errno.o
        30          0          0          0          0          0   handlers.o
        36          8          0          0          0         68   init.o
         0          0          0          0          0          0   iusefp.o
        30          0          0          0          0         68   llshl.o
        36          0          0          0          0         68   llsshr.o
        32          0          0          0          0         68   llushr.o
        24          0          0          0          0         76   strncpy.o
        98          0          0          0          0         92   uldiv.o
        40          2          0          0          0         68   cdrcmple.o
        56          0          0          0          0         88   d2f.o
       334          0          0          0          0        148   dadd.o
       222          0          0          0          0        100   ddiv.o
       190          0          0          0          0        176   depilogue.o
        62          0          0          0          0         80   dfixi.o
        34          0          0          0          0         76   dflti.o
        26          0          0          0          0         76   dfltui.o
       228          0          0          0          0         96   dmul.o
        46          0          0          0          0         80   dscalb.o
       162          0          0          0          0        100   dsqrt.o
        38          0          0          0          0         68   f2d.o
       108          0          0          0          0        168   fepilogue.o

    ----------------------------------------------------------------------
     11804        984        296         32        100      73720   Library Totals
        26          0          0          2          4          0   (incl. Padding)

    ----------------------------------------------------------------------

      Code (inc. data)   RO Data    RW Data    ZI Data      Debug   Library Name

      5370        538          0         26         96      70632   RTX_CM4.lib
      4552        426        296          0          0       1256   m_wm.l
       310         18          0          4          0        508   mc_w.l
      1546          2          0          0          0       1324   mf_w.l

    ----------------------------------------------------------------------
     11804        984        296         32        100      73720   Library Totals

    ----------------------------------------------------------------------

==============================================================================


      Code (inc. data)   RO Data    RW Data    ZI Data      Debug   

     28596       1728        924        128      13720     469183   Grand Totals
     28596       1728        924        128      13720     469183   ELF Image Totals
     28596       1728        924        128          0          0   ROM Totals

==============================================================================

    Total RO  Size (Code + RO Data)                29520 (  28.83kB)
    Total RW  Size (RW Data + ZI Data)             13848 (  13.52kB)
    Total ROM Size (Code + RO Data + RW Data)      29648 (  28.95kB)

==============================================================================

