ARM Linker, 5.03 [Build 76] [MDK-ARM Lite]

==============================================================================

Section Cross References

    system_stm32f4xx.o(.text) refers to system_stm32f4xx.o(.data) for SystemCoreClock
    startup_stm32f4xx.o(RESET) refers to startup_stm32f4xx.o(STACK) for __initial_sp
    startup_stm32f4xx.o(RESET) refers to startup_stm32f4xx.o(.text) for Reset_Handler
    startup_stm32f4xx.o(RESET) refers to hal_cm4.o(.emb_text) for SVC_Handler
    startup_stm32f4xx.o(.text) refers to system_stm32f4xx.o(.text) for SystemInit
    startup_stm32f4xx.o(.text) refers to entry.o(.ARM.Collect$$$$00000000) for __main
    rtx_conf_cm.o(.ARM.Collect$$$$000000FF) refers to rt_cmsis.o(i.osKernelStart) for osKernelStart
    rtx_conf_cm.o(.ARM.Collect$$$$000000FF) refers to rtx_conf_cm.o(.constdata) for .constdata
    rtx_conf_cm.o(.constdata) refers to rt_cmsis.o(i.osTimerThread) for osTimerThread
    rtx_conf_cm.o(.constdata) refers to rtx_conf_cm.o(.bss) for os_messageQ_q_osTimerMessageQ
    rtx_conf_cm.o(.constdata) refers to main.o(.text) for main
    main.o(.text) refers to cc2500.o(.text) for CC2500_Init
    main.o(.text) refers to project_pwm.o(.text) for init_TIM4
    main.o(.text) refers to project_init.o(.text) for init_LEDS_PWM
    main.o(.text) refers to project_servo.o(.text) for init_servo
    main.o(.text) refers to project_robot.o(.text) for init_robot
    main.o(.text) refers to project_magnet.o(.text) for init_magnet
    main.o(.text) refers to rt_cmsis.o(i.osThreadCreate) for osThreadCreate
    main.o(.text) refers to rt_cmsis.o(i.osDelay) for osDelay
    main.o(.text) refers to main.o(.bss) for boomServo
    main.o(.text) refers to main.o(.constdata) for os_thread_def_thread
    main.o(.constdata) refers to main.o(.text) for thread
    project_init.o(.text) refers to stm32f4xx_rcc.o(.text) for RCC_AHB1PeriphClockCmd
    project_init.o(.text) refers to stm32f4xx_gpio.o(.text) for GPIO_Init
    project_servo.o(.text) refers to rt_cmsis.o(i.osThreadCreate) for osThreadCreate
    project_servo.o(.text) refers to rt_cmsis.o(i.osMutexCreate) for osMutexCreate
    project_servo.o(.text) refers to rt_cmsis.o(i.osMutexWait) for osMutexWait
    project_servo.o(.text) refers to rt_cmsis.o(i.osMutexRelease) for osMutexRelease
    project_servo.o(.text) refers to rt_cmsis.o(i.osDelay) for osDelay
    project_servo.o(.text) refers to project_servo.o(.constdata) for .constdata
    project_servo.o(.constdata) refers to project_servo.o(.text) for servoThread
    project_pwm.o(.text) refers to stm32f4xx_rcc.o(.text) for RCC_APB1PeriphClockCmd
    project_pwm.o(.text) refers to stm32f4xx_tim.o(.text) for TIM_TimeBaseInit
    project_pwm.o(.text) refers to system_stm32f4xx.o(.data) for SystemCoreClock
    project_accelerometer.o(.text) refers to stm32f4_discovery_lis302dl.o(.text) for LIS302DL_ReadACC
    project_accelerometer.o(.text) refers to dflti.o(.text) for __aeabi_i2d
    project_accelerometer.o(.text) refers to dmul.o(.text) for __aeabi_dmul
    project_accelerometer.o(.text) refers to dadd.o(.text) for __aeabi_dadd
    project_accelerometer.o(.text) refers to dfixi.o(.text) for __aeabi_d2iz
    project_accelerometer.o(.text) refers to pow.o(i.__hardfp_pow) for __hardfp_pow
    project_accelerometer.o(.text) refers to sqrt.o(i.__hardfp_sqrt) for __hardfp_sqrt
    project_accelerometer.o(.text) refers to ddiv.o(.text) for __aeabi_ddiv
    project_accelerometer.o(.text) refers to atan.o(i.__hardfp_atan) for __hardfp_atan
    project_accelerometer.o(.text) refers to d2f.o(.text) for __aeabi_d2f
    project_accelerometer.o(.text) refers to stm32f4xx_tim.o(.text) for TIM_SetCompare1
    project_accelerometer.o(.text) refers to project_filter.o(.text) for insert_value
    project_filter.o(.text) refers to f2d.o(.text) for __aeabi_f2d
    project_filter.o(.text) refers to dadd.o(.text) for __aeabi_dadd
    project_filter.o(.text) refers to dfltui.o(.text) for __aeabi_ui2d
    project_filter.o(.text) refers to ddiv.o(.text) for __aeabi_ddiv
    project_filter.o(.text) refers to d2f.o(.text) for __aeabi_d2f
    project_lcd.o(.text) refers to stm32f4xx_gpio.o(.text) for GPIO_Init
    project_lcd.o(.text) refers to stm32f4xx_rcc.o(.text) for RCC_AHB1PeriphClockCmd
    project_lcd.o(.text) refers to system_stm32f4xx.o(.data) for SystemCoreClock
    project_magnet.o(.text) refers to stm32f4xx_rcc.o(.text) for RCC_AHB1PeriphClockCmd
    project_magnet.o(.text) refers to stm32f4xx_gpio.o(.text) for GPIO_Init
    project_robot.o(.text) refers to project_servo.o(.text) for waitUntilServoStopped
    stm32f4xx_adc.o(.text) refers to stm32f4xx_rcc.o(.text) for RCC_APB2PeriphResetCmd
    stm32f4xx_can.o(.text) refers to stm32f4xx_rcc.o(.text) for RCC_APB1PeriphResetCmd
    stm32f4xx_cryp.o(.text) refers to stm32f4xx_rcc.o(.text) for RCC_AHB2PeriphResetCmd
    stm32f4xx_cryp_aes.o(.text) refers to stm32f4xx_cryp.o(.text) for CRYP_KeyStructInit
[...]
    Removing dfixi.o(.text), (62 bytes).
    Removing f2d.o(.text), (38 bytes).
    Removing d2f.o(.text), (56 bytes).
    Removing fepilogue.o(.text), (108 bytes).
    Removing depilogue.o(.text), (190 bytes).
    Removing dneg.o(.text), (6 bytes).
    Removing dscalb.o(.text), (46 bytes).
    Removing dsqrt.o(.text), (162 bytes).
    Removing cdcmple.o(.text), (40 bytes).
    Removing cdrcmple.o(.text), (40 bytes).

207 unused section(s) (total 29787 bytes) removed from the image.

==============================================================================

Image Symbol Table

    Local Symbols

    Symbol Name                              Value     Ov Type        Size  Object(Section)

    ../RTX_Conf_CM.c                         0x00000000   Number         0  rtx_conf_cm.o ABSOLUTE
    ../clib/microlib/errno.c                 0x00000000   Number         0  errno.o ABSOLUTE
    ../clib/microlib/init/entry.s            0x00000000   Number         0  entry11b.o ABSOLUTE
    ../clib/microlib/init/entry.s            0x00000000   Number         0  entry11a.o ABSOLUTE
    ../clib/microlib/init/entry.s            0x00000000   Number         0  entry2.o ABSOLUTE
    ../clib/microlib/init/entry.s            0x00000000   Number         0  entry10b.o ABSOLUTE
    ../clib/microlib/init/entry.s            0x00000000   Number         0  entry10a.o ABSOLUTE
    ../clib/microlib/init/entry.s            0x00000000   Number         0  entry8b.o ABSOLUTE
    ../clib/microlib/init/entry.s            0x00000000   Number         0  entry8a.o ABSOLUTE
    ../clib/microlib/init/entry.s            0x00000000   Number         0  entry7b.o ABSOLUTE
    ../clib/microlib/init/entry.s            0x00000000   Number         0  entry7a.o ABSOLUTE
    ../clib/microlib/init/entry.s            0x00000000   Number         0  entry.o ABSOLUTE
    ../clib/microlib/init/entry.s            0x00000000   Number         0  entry5.o ABSOLUTE
    ../clib/microlib/longlong.c              0x00000000   Number         0  llsshr.o ABSOLUTE
    ../clib/microlib/longlong.c              0x00000000   Number         0  llushr.o ABSOLUTE
    ../clib/microlib/longlong.c              0x00000000   Number         0  llshl.o ABSOLUTE
    ../clib/microlib/stubs.s                 0x00000000   Number         0  iusefp.o ABSOLUTE
    ../fplib/microlib/d2f.c                  0x00000000   Number         0  d2f.o ABSOLUTE
    ../fplib/microlib/f2d.c                  0x00000000   Number         0  f2d.o ABSOLUTE
    ../fplib/microlib/fpadd.c                0x00000000   Number         0  dadd.o ABSOLUTE
    ../fplib/microlib/fpdiv.c                0x00000000   Number         0  ddiv.o ABSOLUTE
    ../fplib/microlib/fpepilogue.c           0x00000000   Number         0  depilogue.o ABSOLUTE
    ../fplib/microlib/fpepilogue.c           0x00000000   Number         0  fepilogue.o ABSOLUTE
    ../fplib/microlib/fpfix.c                0x00000000   Number         0  dfixi.o ABSOLUTE
    ../fplib/microlib/fpflt.c                0x00000000   Number         0  dfltui.o ABSOLUTE
    ../fplib/microlib/fpflt.c                0x00000000   Number         0  dflti.o ABSOLUTE
    ../fplib/microlib/fpmul.c                0x00000000   Number         0  dmul.o ABSOLUTE
    ../fplib/microlib/fpneg.c                0x00000000   Number         0  dneg.o ABSOLUTE
    ../fplib/microlib/fpscalb.c              0x00000000   Number         0  dscalb.o ABSOLUTE
    ../fplib/microlib/fpsqrt.c               0x00000000   Number         0  dsqrt.o ABSOLUTE
    ../main.c                                0x00000000   Number         0  main.o ABSOLUTE
    ../mathlib/atan.c                        0x00000000   Number         0  atan.o ABSOLUTE
    ../mathlib/atan.c                        0x00000000   Number         0  atan_x.o ABSOLUTE
    ../mathlib/dunder.c                      0x00000000   Number         0  dunder.o ABSOLUTE
    ../mathlib/fabs.c                        0x00000000   Number         0  fabs.o ABSOLUTE
    ../mathlib/fpclassify.c                  0x00000000   Number         0  fpclassify.o ABSOLUTE
    ../mathlib/poly.c                        0x00000000   Number         0  poly.o ABSOLUTE
    ../mathlib/pow.c                         0x00000000   Number         0  pow.o ABSOLUTE
    ../mathlib/pow.c                         0x00000000   Number         0  pow_x.o ABSOLUTE
    ../mathlib/qnan.c                        0x00000000   Number         0  qnan.o ABSOLUTE
    ../mathlib/sqrt.c                        0x00000000   Number         0  sqrt_x.o ABSOLUTE
    ../mathlib/sqrt.c                        0x00000000   Number         0  sqrt.o ABSOLUTE
    ../startup_stm32f4xx.s                   0x00000000   Number         0  startup_stm32f4xx.o ABSOLUTE
    ../system_stm32f4xx.c                    0x00000000   Number         0  system_stm32f4xx.o ABSOLUTE
    ..\CC2500\src\CC2500.c                   0x00000000   Number         0  cc2500.o ABSOLUTE
    ..\HAL_CM.c                              0x00000000   Number         0  hal_cm.o ABSOLUTE
    ..\LIS302DL\src\stm32f4_discovery_lis302dl.c 0x00000000   Number         0  stm32f4_discovery_lis302dl.o ABSOLUTE
    ..\STM32F4xx_StdPeriph_Driver\src\misc.c 0x00000000   Number         0  misc.o ABSOLUTE
    ..\STM32F4xx_StdPeriph_Driver\src\stm32f4xx_adc.c 0x00000000   Number         0  stm32f4xx_adc.o ABSOLUTE
    ..\STM32F4xx_StdPeriph_Driver\src\stm32f4xx_can.c 0x00000000   Number         0  stm32f4xx_can.o ABSOLUTE
    ..\STM32F4xx_StdPeriph_Driver\src\stm32f4xx_crc.c 0x00000000   Number         0  stm32f4xx_crc.o ABSOLUTE
    ..\STM32F4xx_StdPeriph_Driver\src\stm32f4xx_cryp.c 0x00000000   Number         0  stm32f4xx_cryp.o ABSOLUTE
    ..\STM32F4xx_StdPeriph_Driver\src\stm32f4xx_cryp_aes.c 0x00000000   Number         0  stm32f4xx_cryp_aes.o ABSOLUTE
    ..\STM32F4xx_StdPeriph_Driver\src\stm32f4xx_cryp_des.c 0x00000000   Number         0  stm32f4xx_cryp_des.o ABSOLUTE
    ..\STM32F4xx_StdPeriph_Driver\src\stm32f4xx_cryp_tdes.c 0x00000000   Number         0  stm32f4xx_cryp_tdes.o ABSOLUTE
    ..\STM32F4xx_StdPeriph_Driver\src\stm32f4xx_dac.c 0x00000000   Number         0  stm32f4xx_dac.o ABSOLUTE
    ..\STM32F4xx_StdPeriph_Driver\src\stm32f4xx_dbgmcu.c 0x00000000   Number         0  stm32f4xx_dbgmcu.o ABSOLUTE
    ..\STM32F4xx_StdPeriph_Driver\src\stm32f4xx_dcmi.c 0x00000000   Number         0  stm32f4xx_dcmi.o ABSOLUTE
    ..\STM32F4xx_StdPeriph_Driver\src\stm32f4xx_dma.c 0x00000000   Number         0  stm32f4xx_dma.o ABSOLUTE
    ..\STM32F4xx_StdPeriph_Driver\src\stm32f4xx_exti.c 0x00000000   Number         0  stm32f4xx_exti.o ABSOLUTE
    ..\STM32F4xx_StdPeriph_Driver\src\stm32f4xx_flash.c 0x00000000   Number         0  stm32f4xx_flash.o ABSOLUTE
    ..\STM32F4xx_StdPeriph_Driver\src\stm32f4xx_fsmc.c 0x00000000   Number         0  stm32f4xx_fsmc.o ABSOLUTE
    ..\STM32F4xx_StdPeriph_Driver\src\stm32f4xx_gpio.c 0x00000000   Number         0  stm32f4xx_gpio.o ABSOLUTE
    ..\STM32F4xx_StdPeriph_Driver\src\stm32f4xx_hash.c 0x00000000   Number         0  stm32f4xx_hash.o ABSOLUTE
    ..\STM32F4xx_StdPeriph_Driver\src\stm32f4xx_hash_md5.c 0x00000000   Number         0  stm32f4xx_hash_md5.o ABSOLUTE
    ..\STM32F4xx_StdPeriph_Driver\src\stm32f4xx_hash_sha1.c 0x00000000   Number         0  stm32f4xx_hash_sha1.o ABSOLUTE
    ..\STM32F4xx_StdPeriph_Driver\src\stm32f4xx_i2c.c 0x00000000   Number         0  stm32f4xx_i2c.o ABSOLUTE
    ..\STM32F4xx_StdPeriph_Driver\src\stm32f4xx_iwdg.c 0x00000000   Number         0  stm32f4xx_iwdg.o ABSOLUTE
    ..\STM32F4xx_StdPeriph_Driver\src\stm32f4xx_pwr.c 0x00000000   Number         0  stm32f4xx_pwr.o ABSOLUTE
    ..\STM32F4xx_StdPeriph_Driver\src\stm32f4xx_rcc.c 0x00000000   Number         0  stm32f4xx_rcc.o ABSOLUTE
    ..\STM32F4xx_StdPeriph_Driver\src\stm32f4xx_rng.c 0x00000000   Number         0  stm32f4xx_rng.o ABSOLUTE
    ..\STM32F4xx_StdPeriph_Driver\src\stm32f4xx_rtc.c 0x00000000   Number         0  stm32f4xx_rtc.o ABSOLUTE
    ..\STM32F4xx_StdPeriph_Driver\src\stm32f4xx_sdio.c 0x00000000   Number         0  stm32f4xx_sdio.o ABSOLUTE
    ..\STM32F4xx_StdPeriph_Driver\src\stm32f4xx_spi.c 0x00000000   Number         0  stm32f4xx_spi.o ABSOLUTE
    ..\STM32F4xx_StdPeriph_Driver\src\stm32f4xx_syscfg.c 0x00000000   Number         0  stm32f4xx_syscfg.o ABSOLUTE
    ..\STM32F4xx_StdPeriph_Driver\src\stm32f4xx_tim.c 0x00000000   Number         0  stm32f4xx_tim.o ABSOLUTE
    ..\STM32F4xx_StdPeriph_Driver\src\stm32f4xx_usart.c 0x00000000   Number         0  stm32f4xx_usart.o ABSOLUTE
    ..\STM32F4xx_StdPeriph_Driver\src\stm32f4xx_wwdg.c 0x00000000   Number         0  stm32f4xx_wwdg.o ABSOLUTE
    ..\\CC2500\\src\\CC2500.c                0x00000000   Number         0  cc2500.o ABSOLUTE
    ..\\LIS302DL\\src\\stm32f4_discovery_lis302dl.c 0x00000000   Number         0  stm32f4_discovery_lis302dl.o ABSOLUTE
    ..\\STM32F4xx_StdPeriph_Driver\\src\\misc.c 0x00000000   Number         0  misc.o ABSOLUTE
    ..\\STM32F4xx_StdPeriph_Driver\\src\\stm32f4xx_adc.c 0x00000000   Number         0  stm32f4xx_adc.o ABSOLUTE
    ..\\STM32F4xx_StdPeriph_Driver\\src\\stm32f4xx_can.c 0x00000000   Number         0  stm32f4xx_can.o ABSOLUTE
    ..\\STM32F4xx_StdPeriph_Driver\\src\\stm32f4xx_crc.c 0x00000000   Number         0  stm32f4xx_crc.o ABSOLUTE
    ..\\STM32F4xx_StdPeriph_Driver\\src\\stm32f4xx_cryp.c 0x00000000   Number         0  stm32f4xx_cryp.o ABSOLUTE
    ..\\STM32F4xx_StdPeriph_Driver\\src\\stm32f4xx_cryp_aes.c 0x00000000   Number         0  stm32f4xx_cryp_aes.o ABSOLUTE
    ..\\STM32F4xx_StdPeriph_Driver\\src\\stm32f4xx_cryp_des.c 0x00000000   Number         0  stm32f4xx_cryp_des.o ABSOLUTE
    ..\\STM32F4xx_StdPeriph_Driver\\src\\stm32f4xx_cryp_tdes.c 0x00000000   Number         0  stm32f4xx_cryp_tdes.o ABSOLUTE
    ..\\STM32F4xx_StdPeriph_Driver\\src\\stm32f4xx_dac.c 0x00000000   Number         0  stm32f4xx_dac.o ABSOLUTE
    ..\\STM32F4xx_StdPeriph_Driver\\src\\stm32f4xx_dbgmcu.c 0x00000000   Number         0  stm32f4xx_dbgmcu.o ABSOLUTE
    ..\\STM32F4xx_StdPeriph_Driver\\src\\stm32f4xx_dcmi.c 0x00000000   Number         0  stm32f4xx_dcmi.o ABSOLUTE
    ..\\STM32F4xx_StdPeriph_Driver\\src\\stm32f4xx_dma.c 0x00000000   Number         0  stm32f4xx_dma.o ABSOLUTE
    ..\\STM32F4xx_StdPeriph_Driver\\src\\stm32f4xx_exti.c 0x00000000   Number         0  stm32f4xx_exti.o ABSOLUTE
    ..\\STM32F4xx_StdPeriph_Driver\\src\\stm32f4xx_flash.c 0x00000000   Number         0  stm32f4xx_flash.o ABSOLUTE
    ..\\STM32F4xx_StdPeriph_Driver\\src\\stm32f4xx_fsmc.c 0x00000000   Number         0  stm32f4xx_fsmc.o ABSOLUTE
    ..\\STM32F4xx_StdPeriph_Driver\\src\\stm32f4xx_gpio.c 0x00000000   Number         0  stm32f4xx_gpio.o ABSOLUTE
    ..\\STM32F4xx_StdPeriph_Driver\\src\\stm32f4xx_hash.c 0x00000000   Number         0  stm32f4xx_hash.o ABSOLUTE
    ..\\STM32F4xx_StdPeriph_Driver\\src\\stm32f4xx_hash_md5.c 0x00000000   Number         0  stm32f4xx_hash_md5.o ABSOLUTE
    ..\\STM32F4xx_StdPeriph_Driver\\src\\stm32f4xx_hash_sha1.c 0x00000000   Number         0  stm32f4xx_hash_sha1.o ABSOLUTE
    ..\\STM32F4xx_StdPeriph_Driver\\src\\stm32f4xx_i2c.c 0x00000000   Number         0  stm32f4xx_i2c.o ABSOLUTE
    ..\\STM32F4xx_StdPeriph_Driver\\src\\stm32f4xx_iwdg.c 0x00000000   Number         0  stm32f4xx_iwdg.o ABSOLUTE
    ..\\STM32F4xx_StdPeriph_Driver\\src\\stm32f4xx_pwr.c 0x00000000   Number         0  stm32f4xx_pwr.o ABSOLUTE
    ..\\STM32F4xx_StdPeriph_Driver\\src\\stm32f4xx_rcc.c 0x00000000   Number         0  stm32f4xx_rcc.o ABSOLUTE
    ..\\STM32F4xx_StdPeriph_Driver\\src\\stm32f4xx_rng.c 0x00000000   Number         0  stm32f4xx_rng.o ABSOLUTE
    ..\\STM32F4xx_StdPeriph_Driver\\src\\stm32f4xx_rtc.c 0x00000000   Number         0  stm32f4xx_rtc.o ABSOLUTE
    ..\\STM32F4xx_StdPeriph_Driver\\src\\stm32f4xx_sdio.c 0x00000000   Number         0  stm32f4xx_sdio.o ABSOLUTE
    ..\\STM32F4xx_StdPeriph_Driver\\src\\stm32f4xx_spi.c 0x00000000   Number         0  stm32f4xx_spi.o ABSOLUTE
    ..\\STM32F4xx_StdPeriph_Driver\\src\\stm32f4xx_syscfg.c 0x00000000   Number         0  stm32f4xx_syscfg.o ABSOLUTE
    ..\\STM32F4xx_StdPeriph_Driver\\src\\stm32f4xx_tim.c 0x00000000   Number         0  stm32f4xx_tim.o ABSOLUTE
    ..\\STM32F4xx_StdPeriph_Driver\\src\\stm32f4xx_usart.c 0x00000000   Number         0  stm32f4xx_usart.o ABSOLUTE
    ..\\STM32F4xx_StdPeriph_Driver\\src\\stm32f4xx_wwdg.c 0x00000000   Number         0  stm32f4xx_wwdg.o ABSOLUTE
    ..\\rt_CMSIS.c                           0x00000000   Number         0  rt_cmsis.o ABSOLUTE
    ..\\rt_System.c                          0x00000000   Number         0  rt_system.o ABSOLUTE
    ..\main.c                                0x00000000   Number         0  main.o ABSOLUTE
    ..\rt_CMSIS.c                            0x00000000   Number         0  rt_cmsis.o ABSOLUTE
    ..\rt_Event.c                            0x00000000   Number         0  rt_event.o ABSOLUTE
    ..\rt_List.c                             0x00000000   Number         0  rt_list.o ABSOLUTE
    ..\rt_Mailbox.c                          0x00000000   Number         0  rt_mailbox.o ABSOLUTE
    ..\rt_MemBox.c                           0x00000000   Number         0  rt_membox.o ABSOLUTE
    ..\rt_Memory.c                           0x00000000   Number         0  rt_memory.o ABSOLUTE
    ..\rt_Mutex.c                            0x00000000   Number         0  rt_mutex.o ABSOLUTE
    ..\rt_Robin.c                            0x00000000   Number         0  rt_robin.o ABSOLUTE
    ..\rt_Semaphore.c                        0x00000000   Number         0  rt_semaphore.o ABSOLUTE
    ..\rt_System.c                           0x00000000   Number         0  rt_system.o ABSOLUTE
    ..\rt_Task.c                             0x00000000   Number         0  rt_task.o ABSOLUTE
    ..\rt_Time.c                             0x00000000   Number         0  rt_time.o ABSOLUTE
    ..\system_stm32f4xx.c                    0x00000000   Number         0  system_stm32f4xx.o ABSOLUTE
    HAL_CM4.c                                0x00000000   Number         0  hal_cm4.o ABSOLUTE
    HAL_CM4.c                                0x00000000   Number         0  hal_cm4.o ABSOLUTE
    SVC_Table.s                              0x00000000   Number         0  SVC_Table.o ABSOLUTE
    cdcmple.s                                0x00000000   Number         0  cdcmple.o ABSOLUTE
    cdrcmple.s                               0x00000000   Number         0  cdrcmple.o ABSOLUTE
    dc.s                                     0x00000000   Number         0  dc.o ABSOLUTE
    handlers.s                               0x00000000   Number         0  handlers.o ABSOLUTE
    init.s                                   0x00000000   Number         0  init.o ABSOLUTE
    src\\project_accelerometer.c             0x00000000   Number         0  project_accelerometer.o ABSOLUTE
    src\\project_filter.c                    0x00000000   Number         0  project_filter.o ABSOLUTE
    src\\project_init.c                      0x00000000   Number         0  project_init.o ABSOLUTE
    src\\project_lcd.c                       0x00000000   Number         0  project_lcd.o ABSOLUTE
    src\\project_magnet.c                    0x00000000   Number         0  project_magnet.o ABSOLUTE
    src\\project_pwm.c                       0x00000000   Number         0  project_pwm.o ABSOLUTE
    src\\project_robot.c                     0x00000000   Number         0  project_robot.o ABSOLUTE
    src\\project_servo.c                     0x00000000   Number         0  project_servo.o ABSOLUTE
    src\project_accelerometer.c              0x00000000   Number         0  project_accelerometer.o ABSOLUTE
    src\project_filter.c                     0x00000000   Number         0  project_filter.o ABSOLUTE
    src\project_init.c                       0x00000000   Number         0  project_init.o ABSOLUTE
    src\project_lcd.c                        0x00000000   Number         0  project_lcd.o ABSOLUTE
    src\project_magnet.c                     0x00000000   Number         0  project_magnet.o ABSOLUTE
    src\project_pwm.c                        0x00000000   Number         0  project_pwm.o ABSOLUTE
    src\project_robot.c                      0x00000000   Number         0  project_robot.o ABSOLUTE
    src\project_servo.c                      0x00000000   Number         0  project_servo.o ABSOLUTE
    RESET                                    0x08000000   Section      392  startup_stm32f4xx.o(RESET)
    .ARM.Collect$$$$00000000                 0x08000188   Section        0  entry.o(.ARM.Collect$$$$00000000)
    .ARM.Collect$$$$00000001                 0x08000188   Section        4  entry2.o(.ARM.Collect$$$$00000001)
    .ARM.Collect$$$$00000004                 0x0800018c   Section        4  entry5.o(.ARM.Collect$$$$00000004)
    .ARM.Collect$$$$00000008                 0x08000190   Section        0  entry7b.o(.ARM.Collect$$$$00000008)
    .ARM.Collect$$$$0000000A                 0x08000190   Section        0  entry8b.o(.ARM.Collect$$$$0000000A)
    .ARM.Collect$$$$0000000D                 0x08000190   Section        0  entry10a.o(.ARM.Collect$$$$0000000D)
    .ARM.Collect$$$$0000000F                 0x08000190   Section        0  entry11a.o(.ARM.Collect$$$$0000000F)
    .ARM.Collect$$$$000000FF                 0x08000190   Section        0  rtx_conf_cm.o(.ARM.Collect$$$$000000FF)
    .ARM.Collect$$$$00002712                 0x080001a0   Section        4  entry2.o(.ARM.Collect$$$$00002712)
    __lit__00000000                          0x080001a0   Data           4  entry2.o(.ARM.Collect$$$$00002712)
    .emb_text                                0x080001a4   Section      372  hal_cm4.o(.emb_text)
    $v0                                      0x080001a4   Number         0  hal_cm4.o(.emb_text)
    .text                                    0x08000318   Section        0  system_stm32f4xx.o(.text)
    SetSysClock                              0x08000319   Thumb Code   218  system_stm32f4xx.o(.text)
    .text                                    0x08000524   Section       36  startup_stm32f4xx.o(.text)
    $v0                                      0x08000524   Number         0  startup_stm32f4xx.o(.text)
    .text                                    0x08000548   Section        0  rtx_conf_cm.o(.text)
    .text                                    0x08000550   Section        0  main.o(.text)
    .text                                    0x080005e0   Section        0  project_init.o(.text)
    .text                                    0x0800063c   Section        0  project_servo.o(.text)
    update_position                          0x0800063d   Thumb Code   116  project_servo.o(.text)
    .text                                    0x080007ec   Section        0  project_pwm.o(.text)
    .text                                    0x08000894   Section        0  project_magnet.o(.text)
    .text                                    0x08000914   Section        0  project_robot.o(.text)
    updateRobotPosition                      0x08000915   Thumb Code   304  project_robot.o(.text)
    .text                                    0x08000afc   Section        0  stm32f4xx_gpio.o(.text)
    .text                                    0x08000d58   Section        0  stm32f4xx_rcc.o(.text)
    .text                                    0x080012e0   Section        0  stm32f4xx_spi.o(.text)
    .text                                    0x080016d4   Section        0  stm32f4xx_tim.o(.text)
    TI4_Config                               0x08001e73   Thumb Code    80  stm32f4xx_tim.o(.text)
    TI3_Config                               0x08001ed5   Thumb Code    72  stm32f4xx_tim.o(.text)
    TI2_Config                               0x08001f37   Thumb Code    90  stm32f4xx_tim.o(.text)
    TI1_Config                               0x08001fa3   Thumb Code    58  stm32f4xx_tim.o(.text)
    .text                                    0x08002378   Section        0  cc2500.o(.text)
    CC2500_LowLevel_Init                     0x08002379   Thumb Code   234  cc2500.o(.text)
    CC2500_SendByte                          0x08002471   Thumb Code   126  cc2500.o(.text)
    .text                                    0x08002964   Section       36  init.o(.text)
    SVC_TABLE                                0x08002988   Section        4  SVC_Table.o(SVC_TABLE)
    i.__scatterload_copy                     0x0800298c   Section       14  handlers.o(i.__scatterload_copy)
    i.__scatterload_null                     0x0800299a   Section        2  handlers.o(i.__scatterload_null)
    i.__scatterload_zeroinit                 0x0800299c   Section       14  handlers.o(i.__scatterload_zeroinit)
    i._init_box                              0x080029aa   Section        0  rt_membox.o(i._init_box)
    i.dbg_init                               0x080029f0   Section        0  hal_cm.o(i.dbg_init)
    i.dbg_task_notify                        0x08002a20   Section        0  hal_cm.o(i.dbg_task_notify)
    i.dbg_task_switch                        0x08002a40   Section        0  hal_cm.o(i.dbg_task_switch)
    i.isrMessagePut                          0x08002a50   Section        0  rt_cmsis.o(i.isrMessagePut)
    isrMessagePut                            0x08002a51   Thumb Code    44  rt_cmsis.o(i.isrMessagePut)
    i.isr_mbx_receive                        0x08002a7c   Section        0  rt_mailbox.o(i.isr_mbx_receive)
    i.isr_mbx_send                           0x08002acc   Section        0  rt_mailbox.o(i.isr_mbx_send)
    i.osDelay                                0x08002adc   Section        0  rt_cmsis.o(i.osDelay)
    i.osKernelStart                          0x08002af4   Section        0  rt_cmsis.o(i.osKernelStart)
    i.osMessageGet                           0x08002b5c   Section        0  rt_cmsis.o(i.osMessageGet)
    i.osMutexCreate                          0x08002ba0   Section        0  rt_cmsis.o(i.osMutexCreate)
    i.osMutexRelease                         0x08002bb8   Section        0  rt_cmsis.o(i.osMutexRelease)
    i.osMutexWait                            0x08002bd0   Section        0  rt_cmsis.o(i.osMutexWait)
    i.osThreadCreate                         0x08002be8   Section        0  rt_cmsis.o(i.osThreadCreate)
    i.osThreadExit                           0x08002c00   Section        0  rt_cmsis.o(i.osThreadExit)
    i.osTimerCall                            0x08002c18   Section        0  rt_cmsis.o(i.osTimerCall)
    i.osTimerThread                          0x08002c24   Section        0  rt_cmsis.o(i.osTimerThread)
    i.rt_alloc_box                           0x08002c50   Section        0  rt_membox.o(i.rt_alloc_box)
    i.rt_alloc_mem                           0x08002c6c   Section        0  rt_memory.o(i.rt_alloc_mem)
    i.rt_block                               0x08002ca8   Section        0  rt_task.o(i.rt_block)
    i.rt_chk_robin                           0x08002ce0   Section        0  rt_robin.o(i.rt_chk_robin)
    i.rt_dec_dly                             0x08002d28   Section        0  rt_list.o(i.rt_dec_dly)
    i.rt_dispatch                            0x08002d98   Section        0  rt_task.o(i.rt_dispatch)
    i.rt_dly_wait                            0x08002ddc   Section        0  rt_time.o(i.rt_dly_wait)
    i.rt_evt_psh                             0x08002de4   Section        0  rt_event.o(i.rt_evt_psh)
    i.rt_free_box                            0x08002e34   Section        0  rt_membox.o(i.rt_free_box)
    i.rt_free_mem                            0x08002e54   Section        0  rt_memory.o(i.rt_free_mem)
    i.rt_get_first                           0x08002e7c   Section        0  rt_list.o(i.rt_get_first)
    i.rt_id2obj                              0x08002ea4   Section        0  rt_cmsis.o(i.rt_id2obj)
    rt_id2obj                                0x08002ea5   Thumb Code     8  rt_cmsis.o(i.rt_id2obj)
    i.rt_init_context                        0x08002eac   Section        0  rt_task.o(i.rt_init_context)
    rt_init_context                          0x08002ead   Thumb Code    60  rt_task.o(i.rt_init_context)
    i.rt_init_mem                            0x08002eec   Section        0  rt_memory.o(i.rt_init_mem)
    i.rt_init_robin                          0x08002f08   Section        0  rt_robin.o(i.rt_init_robin)
    i.rt_init_stack                          0x08002f20   Section        0  hal_cm.o(i.rt_init_stack)
    i.rt_mbx_check                           0x08002f70   Section        0  rt_mailbox.o(i.rt_mbx_check)
    i.rt_mbx_init                            0x08002f78   Section        0  rt_mailbox.o(i.rt_mbx_init)
    i.rt_mbx_psh                             0x08002f94   Section        0  rt_mailbox.o(i.rt_mbx_psh)
    i.rt_mbx_wait                            0x08003090   Section        0  rt_mailbox.o(i.rt_mbx_wait)
    i.rt_ms2tick                             0x08003144   Section        0  rt_cmsis.o(i.rt_ms2tick)
    rt_ms2tick                               0x08003145   Thumb Code    50  rt_cmsis.o(i.rt_ms2tick)
    i.rt_mut_init                            0x08003180   Section        0  rt_mutex.o(i.rt_mut_init)
    i.rt_mut_release                         0x08003190   Section        0  rt_mutex.o(i.rt_mut_release)
    i.rt_mut_wait                            0x08003230   Section        0  rt_mutex.o(i.rt_mut_wait)
    i.rt_pop_req                             0x08003294   Section        0  rt_system.o(i.rt_pop_req)
    i.rt_psh_req                             0x0800330c   Section        0  rt_system.o(i.rt_psh_req)
    i.rt_psq_enq                             0x0800332c   Section        0  rt_list.o(i.rt_psq_enq)
    i.rt_put_dly                             0x08003384   Section        0  rt_list.o(i.rt_put_dly)
    i.rt_put_prio                            0x080033e0   Section        0  rt_list.o(i.rt_put_prio)
    i.rt_put_rdy_first                       0x08003418   Section        0  rt_list.o(i.rt_put_rdy_first)
    i.rt_resort_prio                         0x0800342c   Section        0  rt_list.o(i.rt_resort_prio)
    i.rt_ret_regs                            0x08003460   Section        0  hal_cm.o(i.rt_ret_regs)
    rt_ret_regs                              0x08003461   Thumb Code    16  hal_cm.o(i.rt_ret_regs)
    i.rt_ret_val                             0x08003470   Section        0  hal_cm.o(i.rt_ret_val)
    i.rt_ret_val2                            0x0800347c   Section        0  hal_cm.o(i.rt_ret_val2)
    i.rt_rmv_dly                             0x0800348c   Section        0  rt_list.o(i.rt_rmv_dly)
    i.rt_rmv_list                            0x080034b4   Section        0  rt_list.o(i.rt_rmv_list)
    i.rt_sem_psh                             0x080034e4   Section        0  rt_semaphore.o(i.rt_sem_psh)
    i.rt_stk_check                           0x08003518   Section        0  rt_system.o(i.rt_stk_check)
    i.rt_switch_req                          0x0800353c   Section        0  rt_task.o(i.rt_switch_req)
    i.rt_sys_init                            0x08003564   Section        0  rt_task.o(i.rt_sys_init)
    i.rt_systick                             0x080036a4   Section        0  rt_system.o(i.rt_systick)
    i.rt_tid2ptcb                            0x080036e0   Section        0  rt_cmsis.o(i.rt_tid2ptcb)
    rt_tid2ptcb                              0x080036e1   Thumb Code    18  rt_cmsis.o(i.rt_tid2ptcb)
    i.rt_timer_insert                        0x080036f4   Section        0  rt_cmsis.o(i.rt_timer_insert)
    rt_timer_insert                          0x080036f5   Thumb Code    56  rt_cmsis.o(i.rt_timer_insert)
    i.rt_tsk_create                          0x08003730   Section        0  rt_task.o(i.rt_tsk_create)
    i.rt_tsk_delete                          0x080037b0   Section        0  rt_task.o(i.rt_tsk_delete)
    i.rt_tsk_self                            0x0800385c   Section        0  rt_task.o(i.rt_tsk_self)
    i.svcDelay                               0x0800386c   Section        0  rt_cmsis.o(i.svcDelay)
    i.svcKernelStart                         0x08003880   Section        0  rt_cmsis.o(i.svcKernelStart)
    i.svcMessageCreate                       0x08003954   Section        0  rt_cmsis.o(i.svcMessageCreate)
    i.svcMessageGet                          0x08003978   Section        0  rt_cmsis.o(i.svcMessageGet)
    i.svcMutexCreate                         0x080039b2   Section        0  rt_cmsis.o(i.svcMutexCreate)
    i.svcMutexRelease                        0x080039ce   Section        0  rt_cmsis.o(i.svcMutexRelease)
    i.svcMutexWait                           0x080039f0   Section        0  rt_cmsis.o(i.svcMutexWait)
    i.svcThreadCreate                        0x08003a28   Section        0  rt_cmsis.o(i.svcThreadCreate)
    i.svcThreadGetId                         0x08003a98   Section        0  rt_cmsis.o(i.svcThreadGetId)
    i.svcThreadTerminate                     0x08003ab4   Section        0  rt_cmsis.o(i.svcThreadTerminate)
    i.svcTimerCall                           0x08003aec   Section        0  rt_cmsis.o(i.svcTimerCall)
    i.sysTimerTick                           0x08003b04   Section        0  rt_cmsis.o(i.sysTimerTick)
    .constdata                               0x08003b58   Section       88  rtx_conf_cm.o(.constdata)
    __tagsym$$used                           0x08003b6c   Number         0  rtx_conf_cm.o(.constdata)
    __tagsym$$used                           0x08003b70   Number         0  rtx_conf_cm.o(.constdata)
    .constdata                               0x08003bb0   Section       16  main.o(.constdata)
    .constdata                               0x08003bc0   Section       16  project_servo.o(.constdata)
    .bss                                     0x10000000   Section     6992  rtx_conf_cm.o(.bss)
    .data                                    0x20000000   Section       20  system_stm32f4xx.o(.data)
    .data                                    0x20000014   Section       16  rtx_conf_cm.o(.data)
    .data                                    0x20000024   Section       16  stm32f4xx_rcc.o(.data)
    APBAHBPrescTable                         0x20000024   Data          16  stm32f4xx_rcc.o(.data)
    .data                                    0x20000034   Section       16  cc2500.o(.data)
    tmp_data_RX                              0x20000038   Data           3  cc2500.o(.data)
    FSM_state                                0x2000003b   Data           1  cc2500.o(.data)
    FSM_buffer_space                         0x2000003c   Data           1  cc2500.o(.data)
    i                                        0x20000040   Data           4  cc2500.o(.data)
    .data                                    0x20000044   Section        4  rt_cmsis.o(.data)
    .data                                    0x20000048   Section        8  rt_task.o(.data)
    .data                                    0x20000050   Section        3  rt_system.o(.data)
    os_lock                                  0x20000050   Data           1  rt_system.o(.data)
    os_psh_flag                              0x20000051   Data           1  rt_system.o(.data)
    pend_flags                               0x20000052   Data           1  rt_system.o(.data)
    .data                                    0x20000054   Section        2  rt_time.o(.data)
    .data                                    0x20000056   Section        1  hal_cm.o(.data)
    .data                                    0x20000058   Section        8  rt_robin.o(.data)
    .bss                                     0x20000060   Section      200  main.o(.bss)
    boomServo                                0x20000060   Data          28  main.o(.bss)
    crowdServo                               0x2000007c   Data          28  main.o(.bss)
    swingServo                               0x20000098   Data          28  main.o(.bss)
    robot                                    0x200000b4   Data          36  main.o(.bss)
    magnet                                   0x200000d8   Data          16  main.o(.bss)
    .bss                                     0x20000128   Section       12  cc2500.o(.bss)
    tmp_data                                 0x20000128   Data          12  cc2500.o(.bss)
    .bss                                     0x20000134   Section       48  rt_task.o(.bss)
    .bss                                     0x20000164   Section       48  rt_list.o(.bss)
    STACK                                    0x20000198   Section     1024  startup_stm32f4xx.o(STACK)

    Global Symbols

    Symbol Name                              Value     Ov Type        Size  Object(Section)

    BuildAttributes$$THM_ISAv4$E$P$D$K$B$S$7EM$VFPi3$EXTD16$VFPS$VFMA$PE$A:L22UL41UL21$X:L11$S22US41US21$IEEE1$IW$USESV6$~STKCKD$USESV7$~SHL$OTIME$ROPI$IEEEX$EBA8$MICROLIB$REQ8$PRES8$EABIv2 0x00000000   Number         0  anon$$obj.o ABSOLUTE
    __ARM_use_no_argv                        0x00000000   Number         0  main.o ABSOLUTE
    __cpp_initialize__aeabi_                  - Undefined Weak Reference
    __cxa_finalize                            - Undefined Weak Reference
    __decompress                              - Undefined Weak Reference
    _clock_init                               - Undefined Weak Reference
    _microlib_exit                            - Undefined Weak Reference
    __Vectors_Size                           0x00000188   Number         0  startup_stm32f4xx.o ABSOLUTE
    __RL_RTX_VER                             0x00000422   Number         0  rt_system.o ABSOLUTE
    __Vectors                                0x08000000   Data           4  startup_stm32f4xx.o(RESET)
    __Vectors_End                            0x08000188   Data           0  startup_stm32f4xx.o(RESET)
    __main                                   0x08000189   Thumb Code     0  entry.o(.ARM.Collect$$$$00000000)
    _main_stk                                0x08000189   Thumb Code     0  entry2.o(.ARM.Collect$$$$00000001)
    _main_scatterload                        0x0800018d   Thumb Code     0  entry5.o(.ARM.Collect$$$$00000004)
    __main_after_scatterload                 0x08000191   Thumb Code     0  entry5.o(.ARM.Collect$$$$00000004)
    __rt_final_cpp                           0x08000191   Thumb Code     0  entry10a.o(.ARM.Collect$$$$0000000D)
    __rt_final_exit                          0x08000191   Thumb Code     0  entry11a.o(.ARM.Collect$$$$0000000F)
    _main_clock                              0x08000191   Thumb Code     0  entry7b.o(.ARM.Collect$$$$00000008)
    _main_cpp_init                           0x08000191   Thumb Code     0  entry8b.o(.ARM.Collect$$$$0000000A)
    _main_init                               0x08000191   Thumb Code    10  rtx_conf_cm.o(.ARM.Collect$$$$000000FF)
    rt_set_PSP                               0x080001a5   Thumb Code     6  hal_cm4.o(.emb_text)
    os_set_env                               0x080001ab   Thumb Code    26  hal_cm4.o(.emb_text)
    _alloc_box                               0x080001c9   Thumb Code    28  hal_cm4.o(.emb_text)
    _free_box                                0x080001e9   Thumb Code    28  hal_cm4.o(.emb_text)
    SVC_Handler                              0x08000209   Thumb Code   152  hal_cm4.o(.emb_text)
    PendSV_Handler                           0x080002ad   Thumb Code     0  hal_cm4.o(.emb_text)
    Sys_Handler                              0x080002ad   Thumb Code   104  hal_cm4.o(.emb_text)
    SysTick_Handler                          0x0800030d   Thumb Code     0  hal_cm4.o(.emb_text)
    SystemInit                               0x080003f3   Thumb Code    88  system_stm32f4xx.o(.text)
    SystemCoreClockUpdate                    0x0800044b   Thumb Code   174  system_stm32f4xx.o(.text)
    Reset_Handler                            0x08000525   Thumb Code     8  startup_stm32f4xx.o(.text)
    NMI_Handler                              0x0800052d   Thumb Code     2  startup_stm32f4xx.o(.text)
    HardFault_Handler                        0x0800052f   Thumb Code     2  startup_stm32f4xx.o(.text)
    MemManage_Handler                        0x08000531   Thumb Code     2  startup_stm32f4xx.o(.text)
    BusFault_Handler                         0x08000533   Thumb Code     2  startup_stm32f4xx.o(.text)
    UsageFault_Handler                       0x08000535   Thumb Code     2  startup_stm32f4xx.o(.text)
    DebugMon_Handler                         0x08000539   Thumb Code     2  startup_stm32f4xx.o(.text)
    ADC_IRQHandler                           0x0800053f   Thumb Code     0  startup_stm32f4xx.o(.text)
    CAN1_RX0_IRQHandler                      0x0800053f   Thumb Code     0  startup_stm32f4xx.o(.text)
    CAN1_RX1_IRQHandler                      0x0800053f   Thumb Code     0  startup_stm32f4xx.o(.text)
    CAN1_SCE_IRQHandler                      0x0800053f   Thumb Code     0  startup_stm32f4xx.o(.text)
    CAN1_TX_IRQHandler                       0x0800053f   Thumb Code     0  startup_stm32f4xx.o(.text)
    CAN2_RX0_IRQHandler                      0x0800053f   Thumb Code     0  startup_stm32f4xx.o(.text)
    CAN2_RX1_IRQHandler                      0x0800053f   Thumb Code     0  startup_stm32f4xx.o(.text)
    CAN2_SCE_IRQHandler                      0x0800053f   Thumb Code     0  startup_stm32f4xx.o(.text)
    CAN2_TX_IRQHandler                       0x0800053f   Thumb Code     0  startup_stm32f4xx.o(.text)
    CRYP_IRQHandler                          0x0800053f   Thumb Code     0  startup_stm32f4xx.o(.text)
    DCMI_IRQHandler                          0x0800053f   Thumb Code     0  startup_stm32f4xx.o(.text)
    DMA1_Stream0_IRQHandler                  0x0800053f   Thumb Code     0  startup_stm32f4xx.o(.text)
    DMA1_Stream1_IRQHandler                  0x0800053f   Thumb Code     0  startup_stm32f4xx.o(.text)
    DMA1_Stream2_IRQHandler                  0x0800053f   Thumb Code     0  startup_stm32f4xx.o(.text)
    DMA1_Stream3_IRQHandler                  0x0800053f   Thumb Code     0  startup_stm32f4xx.o(.text)
    DMA1_Stream4_IRQHandler                  0x0800053f   Thumb Code     0  startup_stm32f4xx.o(.text)
    DMA1_Stream5_IRQHandler                  0x0800053f   Thumb Code     0  startup_stm32f4xx.o(.text)
    DMA1_Stream6_IRQHandler                  0x0800053f   Thumb Code     0  startup_stm32f4xx.o(.text)
    DMA1_Stream7_IRQHandler                  0x0800053f   Thumb Code     0  startup_stm32f4xx.o(.text)
    DMA2_Stream0_IRQHandler                  0x0800053f   Thumb Code     0  startup_stm32f4xx.o(.text)
    DMA2_Stream1_IRQHandler                  0x0800053f   Thumb Code     0  startup_stm32f4xx.o(.text)
    DMA2_Stream2_IRQHandler                  0x0800053f   Thumb Code     0  startup_stm32f4xx.o(.text)
    DMA2_Stream3_IRQHandler                  0x0800053f   Thumb Code     0  startup_stm32f4xx.o(.text)
    DMA2_Stream4_IRQHandler                  0x0800053f   Thumb Code     0  startup_stm32f4xx.o(.text)
    DMA2_Stream5_IRQHandler                  0x0800053f   Thumb Code     0  startup_stm32f4xx.o(.text)
    DMA2_Stream6_IRQHandler                  0x0800053f   Thumb Code     0  startup_stm32f4xx.o(.text)
    DMA2_Stream7_IRQHandler                  0x0800053f   Thumb Code     0  startup_stm32f4xx.o(.text)
    ETH_IRQHandler                           0x0800053f   Thumb Code     0  startup_stm32f4xx.o(.text)
    ETH_WKUP_IRQHandler                      0x0800053f   Thumb Code     0  startup_stm32f4xx.o(.text)
    EXTI0_IRQHandler                         0x0800053f   Thumb Code     0  startup_stm32f4xx.o(.text)
    EXTI15_10_IRQHandler                     0x0800053f   Thumb Code     0  startup_stm32f4xx.o(.text)
    EXTI1_IRQHandler                         0x0800053f   Thumb Code     0  startup_stm32f4xx.o(.text)
    EXTI2_IRQHandler                         0x0800053f   Thumb Code     0  startup_stm32f4xx.o(.text)
    EXTI3_IRQHandler                         0x0800053f   Thumb Code     0  startup_stm32f4xx.o(.text)
    EXTI4_IRQHandler                         0x0800053f   Thumb Code     0  startup_stm32f4xx.o(.text)
    EXTI9_5_IRQHandler                       0x0800053f   Thumb Code     0  startup_stm32f4xx.o(.text)
    FLASH_IRQHandler                         0x0800053f   Thumb Code     0  startup_stm32f4xx.o(.text)
    FPU_IRQHandler                           0x0800053f   Thumb Code     0  startup_stm32f4xx.o(.text)
    FSMC_IRQHandler                          0x0800053f   Thumb Code     0  startup_stm32f4xx.o(.text)
    HASH_RNG_IRQHandler                      0x0800053f   Thumb Code     0  startup_stm32f4xx.o(.text)
    I2C1_ER_IRQHandler                       0x0800053f   Thumb Code     0  startup_stm32f4xx.o(.text)
    I2C1_EV_IRQHandler                       0x0800053f   Thumb Code     0  startup_stm32f4xx.o(.text)
    I2C2_ER_IRQHandler                       0x0800053f   Thumb Code     0  startup_stm32f4xx.o(.text)
    I2C2_EV_IRQHandler                       0x0800053f   Thumb Code     0  startup_stm32f4xx.o(.text)
    I2C3_ER_IRQHandler                       0x0800053f   Thumb Code     0  startup_stm32f4xx.o(.text)
    I2C3_EV_IRQHandler                       0x0800053f   Thumb Code     0  startup_stm32f4xx.o(.text)
    OTG_FS_IRQHandler                        0x0800053f   Thumb Code     0  startup_stm32f4xx.o(.text)
    OTG_FS_WKUP_IRQHandler                   0x0800053f   Thumb Code     0  startup_stm32f4xx.o(.text)
    OTG_HS_EP1_IN_IRQHandler                 0x0800053f   Thumb Code     0  startup_stm32f4xx.o(.text)
    OTG_HS_EP1_OUT_IRQHandler                0x0800053f   Thumb Code     0  startup_stm32f4xx.o(.text)
    OTG_HS_IRQHandler                        0x0800053f   Thumb Code     0  startup_stm32f4xx.o(.text)
    OTG_HS_WKUP_IRQHandler                   0x0800053f   Thumb Code     0  startup_stm32f4xx.o(.text)
    PVD_IRQHandler                           0x0800053f   Thumb Code     0  startup_stm32f4xx.o(.text)
    RCC_IRQHandler                           0x0800053f   Thumb Code     0  startup_stm32f4xx.o(.text)
    RTC_Alarm_IRQHandler                     0x0800053f   Thumb Code     0  startup_stm32f4xx.o(.text)
    RTC_WKUP_IRQHandler                      0x0800053f   Thumb Code     0  startup_stm32f4xx.o(.text)
    SDIO_IRQHandler                          0x0800053f   Thumb Code     0  startup_stm32f4xx.o(.text)
    SPI1_IRQHandler                          0x0800053f   Thumb Code     0  startup_stm32f4xx.o(.text)
    SPI2_IRQHandler                          0x0800053f   Thumb Code     0  startup_stm32f4xx.o(.text)
    SPI3_IRQHandler                          0x0800053f   Thumb Code     0  startup_stm32f4xx.o(.text)
    TAMP_STAMP_IRQHandler                    0x0800053f   Thumb Code     0  startup_stm32f4xx.o(.text)
    TIM1_BRK_TIM9_IRQHandler                 0x0800053f   Thumb Code     0  startup_stm32f4xx.o(.text)
    TIM1_CC_IRQHandler                       0x0800053f   Thumb Code     0  startup_stm32f4xx.o(.text)
    TIM1_TRG_COM_TIM11_IRQHandler            0x0800053f   Thumb Code     0  startup_stm32f4xx.o(.text)
    TIM1_UP_TIM10_IRQHandler                 0x0800053f   Thumb Code     0  startup_stm32f4xx.o(.text)
    TIM2_IRQHandler                          0x0800053f   Thumb Code     0  startup_stm32f4xx.o(.text)
    TIM3_IRQHandler                          0x0800053f   Thumb Code     0  startup_stm32f4xx.o(.text)
    TIM4_IRQHandler                          0x0800053f   Thumb Code     0  startup_stm32f4xx.o(.text)
    TIM5_IRQHandler                          0x0800053f   Thumb Code     0  startup_stm32f4xx.o(.text)
    TIM6_DAC_IRQHandler                      0x0800053f   Thumb Code     0  startup_stm32f4xx.o(.text)
    TIM7_IRQHandler                          0x0800053f   Thumb Code     0  startup_stm32f4xx.o(.text)
    TIM8_BRK_TIM12_IRQHandler                0x0800053f   Thumb Code     0  startup_stm32f4xx.o(.text)
    TIM8_CC_IRQHandler                       0x0800053f   Thumb Code     0  startup_stm32f4xx.o(.text)
    TIM8_TRG_COM_TIM14_IRQHandler            0x0800053f   Thumb Code     0  startup_stm32f4xx.o(.text)
    TIM8_UP_TIM13_IRQHandler                 0x0800053f   Thumb Code     0  startup_stm32f4xx.o(.text)
    UART4_IRQHandler                         0x0800053f   Thumb Code     0  startup_stm32f4xx.o(.text)
    UART5_IRQHandler                         0x0800053f   Thumb Code     0  startup_stm32f4xx.o(.text)
    USART1_IRQHandler                        0x0800053f   Thumb Code     0  startup_stm32f4xx.o(.text)
    USART2_IRQHandler                        0x0800053f   Thumb Code     0  startup_stm32f4xx.o(.text)
    USART3_IRQHandler                        0x0800053f   Thumb Code     0  startup_stm32f4xx.o(.text)
    USART6_IRQHandler                        0x0800053f   Thumb Code     0  startup_stm32f4xx.o(.text)
    WWDG_IRQHandler                          0x0800053f   Thumb Code     0  startup_stm32f4xx.o(.text)
    os_idle_demon                            0x08000549   Thumb Code     4  rtx_conf_cm.o(.text)
    os_error                                 0x0800054d   Thumb Code     4  rtx_conf_cm.o(.text)
    main                                     0x08000551   Thumb Code   112  main.o(.text)
    thread                                   0x080005c1   Thumb Code     4  main.o(.text)
    init_LEDS_PWM                            0x080005e1   Thumb Code    86  project_init.o(.text)
    init_servo                               0x080006b1   Thumb Code   102  project_servo.o(.text)
    moveServo                                0x08000717   Thumb Code    26  project_servo.o(.text)
    waitUntilServoStopped                    0x08000731   Thumb Code    38  project_servo.o(.text)
    floatServo                               0x08000757   Thumb Code    58  project_servo.o(.text)
    servoThread                              0x08000791   Thumb Code    68  project_servo.o(.text)
    init_TIM4                                0x080007ed   Thumb Code   160  project_pwm.o(.text)
    init_magnet                              0x08000895   Thumb Code    68  project_magnet.o(.text)
    turnMagnetOn                             0x080008d9   Thumb Code    18  project_magnet.o(.text)
    turnMagnetOff                            0x080008eb   Thumb Code    18  project_magnet.o(.text)
    toggleMagnet                             0x080008fd   Thumb Code    24  project_magnet.o(.text)
    waitUntilRobotStopped                    0x08000a45   Thumb Code    24  project_robot.o(.text)
    init_robot                               0x08000a5d   Thumb Code    36  project_robot.o(.text)
    moveRobot                                0x08000a81   Thumb Code    80  project_robot.o(.text)
    floatRobot                               0x08000ad1   Thumb Code    24  project_robot.o(.text)
    parkRobot                                0x08000ae9   Thumb Code    18  project_robot.o(.text)
    GPIO_DeInit                              0x08000afd   Thumb Code   220  stm32f4xx_gpio.o(.text)
    GPIO_Init                                0x08000bd9   Thumb Code   144  stm32f4xx_gpio.o(.text)
    GPIO_StructInit                          0x08000c69   Thumb Code    18  stm32f4xx_gpio.o(.text)
    GPIO_PinLockConfig                       0x08000c7b   Thumb Code    34  stm32f4xx_gpio.o(.text)
    GPIO_ReadInputDataBit                    0x08000c9d   Thumb Code    18  stm32f4xx_gpio.o(.text)
    GPIO_ReadInputData                       0x08000caf   Thumb Code     8  stm32f4xx_gpio.o(.text)
    GPIO_ReadOutputDataBit                   0x08000cb7   Thumb Code    18  stm32f4xx_gpio.o(.text)
    GPIO_ReadOutputData                      0x08000cc9   Thumb Code     8  stm32f4xx_gpio.o(.text)
    GPIO_SetBits                             0x08000cd1   Thumb Code     4  stm32f4xx_gpio.o(.text)
    GPIO_ResetBits                           0x08000cd5   Thumb Code     4  stm32f4xx_gpio.o(.text)
    GPIO_WriteBit                            0x08000cd9   Thumb Code    10  stm32f4xx_gpio.o(.text)
    GPIO_Write                               0x08000ce3   Thumb Code     4  stm32f4xx_gpio.o(.text)
    GPIO_ToggleBits                          0x08000ce7   Thumb Code     8  stm32f4xx_gpio.o(.text)
    GPIO_PinAFConfig                         0x08000cef   Thumb Code    70  stm32f4xx_gpio.o(.text)
    RCC_DeInit                               0x08000d59   Thumb Code    60  stm32f4xx_rcc.o(.text)
    RCC_HSEConfig                            0x08000d95   Thumb Code    14  stm32f4xx_rcc.o(.text)
    RCC_GetFlagStatus                        0x08000da3   Thumb Code    60  stm32f4xx_rcc.o(.text)
    RCC_WaitForHSEStartUp                    0x08000ddf   Thumb Code    56  stm32f4xx_rcc.o(.text)
    RCC_AdjustHSICalibrationValue            0x08000e17   Thumb Code    20  stm32f4xx_rcc.o(.text)
    RCC_HSICmd                               0x08000e2b   Thumb Code     6  stm32f4xx_rcc.o(.text)
    RCC_LSEConfig                            0x08000e31   Thumb Code    46  stm32f4xx_rcc.o(.text)
    RCC_LSICmd                               0x08000e5f   Thumb Code     6  stm32f4xx_rcc.o(.text)
    RCC_PLLConfig                            0x08000e65   Thumb Code    32  stm32f4xx_rcc.o(.text)
    RCC_PLLCmd                               0x08000e85   Thumb Code     6  stm32f4xx_rcc.o(.text)
    RCC_PLLI2SConfig                         0x08000e8b   Thumb Code    14  stm32f4xx_rcc.o(.text)
    RCC_PLLI2SCmd                            0x08000e99   Thumb Code     6  stm32f4xx_rcc.o(.text)
    RCC_ClockSecuritySystemCmd               0x08000e9f   Thumb Code     6  stm32f4xx_rcc.o(.text)
    RCC_MCO1Config                           0x08000ea5   Thumb Code    28  stm32f4xx_rcc.o(.text)
    RCC_MCO2Config                           0x08000ec1   Thumb Code    28  stm32f4xx_rcc.o(.text)
    RCC_SYSCLKConfig                         0x08000edd   Thumb Code    20  stm32f4xx_rcc.o(.text)
    RCC_GetSYSCLKSource                      0x08000ef1   Thumb Code    12  stm32f4xx_rcc.o(.text)
    RCC_HCLKConfig                           0x08000efd   Thumb Code    20  stm32f4xx_rcc.o(.text)
    RCC_PCLK1Config                          0x08000f11   Thumb Code    20  stm32f4xx_rcc.o(.text)
    RCC_PCLK2Config                          0x08000f25   Thumb Code    22  stm32f4xx_rcc.o(.text)
    RCC_GetClocksFreq                        0x08000f3b   Thumb Code   222  stm32f4xx_rcc.o(.text)
    RCC_RTCCLKConfig                         0x08001019   Thumb Code    54  stm32f4xx_rcc.o(.text)
    RCC_RTCCLKCmd                            0x0800104f   Thumb Code     8  stm32f4xx_rcc.o(.text)
    RCC_BackupResetCmd                       0x08001057   Thumb Code     8  stm32f4xx_rcc.o(.text)
    RCC_I2SCLKConfig                         0x0800105f   Thumb Code     6  stm32f4xx_rcc.o(.text)
    RCC_AHB1PeriphClockCmd                   0x08001065   Thumb Code    34  stm32f4xx_rcc.o(.text)
    RCC_AHB2PeriphClockCmd                   0x08001087   Thumb Code    34  stm32f4xx_rcc.o(.text)
    RCC_AHB3PeriphClockCmd                   0x080010a9   Thumb Code    34  stm32f4xx_rcc.o(.text)
    RCC_APB1PeriphClockCmd                   0x080010cb   Thumb Code    34  stm32f4xx_rcc.o(.text)
    RCC_APB2PeriphClockCmd                   0x080010ed   Thumb Code    34  stm32f4xx_rcc.o(.text)
    RCC_AHB1PeriphResetCmd                   0x0800110f   Thumb Code    34  stm32f4xx_rcc.o(.text)
    RCC_AHB2PeriphResetCmd                   0x08001131   Thumb Code    72  stm32f4xx_rcc.o(.text)
    RCC_AHB3PeriphResetCmd                   0x08001179   Thumb Code    34  stm32f4xx_rcc.o(.text)
    RCC_APB1PeriphResetCmd                   0x0800119b   Thumb Code    34  stm32f4xx_rcc.o(.text)
    RCC_APB2PeriphResetCmd                   0x080011bd   Thumb Code    34  stm32f4xx_rcc.o(.text)
    RCC_AHB1PeriphClockLPModeCmd             0x080011df   Thumb Code    34  stm32f4xx_rcc.o(.text)
    RCC_AHB2PeriphClockLPModeCmd             0x08001201   Thumb Code    34  stm32f4xx_rcc.o(.text)
    RCC_AHB3PeriphClockLPModeCmd             0x08001223   Thumb Code    34  stm32f4xx_rcc.o(.text)
    RCC_APB1PeriphClockLPModeCmd             0x08001245   Thumb Code    34  stm32f4xx_rcc.o(.text)
    RCC_APB2PeriphClockLPModeCmd             0x08001267   Thumb Code    34  stm32f4xx_rcc.o(.text)
    RCC_ITConfig                             0x08001289   Thumb Code    34  stm32f4xx_rcc.o(.text)
    RCC_ClearFlag                            0x080012ab   Thumb Code    18  stm32f4xx_rcc.o(.text)
    RCC_GetITStatus                          0x080012bd   Thumb Code    22  stm32f4xx_rcc.o(.text)
    RCC_ClearITPendingBit                    0x080012d3   Thumb Code     8  stm32f4xx_rcc.o(.text)
    SPI_I2S_DeInit                           0x080012e1   Thumb Code    76  stm32f4xx_spi.o(.text)
    SPI_Init                                 0x0800132d   Thumb Code    60  stm32f4xx_spi.o(.text)
    I2S_Init                                 0x08001369   Thumb Code   346  stm32f4xx_spi.o(.text)
    SPI_StructInit                           0x080014c3   Thumb Code    24  stm32f4xx_spi.o(.text)
    I2S_StructInit                           0x080014db   Thumb Code    20  stm32f4xx_spi.o(.text)
    SPI_Cmd                                  0x080014ef   Thumb Code    24  stm32f4xx_spi.o(.text)
    I2S_Cmd                                  0x08001507   Thumb Code    24  stm32f4xx_spi.o(.text)
    SPI_DataSizeConfig                       0x0800151f   Thumb Code    18  stm32f4xx_spi.o(.text)
    SPI_BiDirectionalLineConfig              0x08001531   Thumb Code    28  stm32f4xx_spi.o(.text)
    SPI_NSSInternalSoftwareConfig            0x0800154d   Thumb Code    30  stm32f4xx_spi.o(.text)
    SPI_SSOutputCmd                          0x0800156b   Thumb Code    24  stm32f4xx_spi.o(.text)
    SPI_TIModeCmd                            0x08001583   Thumb Code    24  stm32f4xx_spi.o(.text)
    I2S_FullDuplexConfig                     0x0800159b   Thumb Code    80  stm32f4xx_spi.o(.text)
    SPI_I2S_ReceiveData                      0x080015eb   Thumb Code     6  stm32f4xx_spi.o(.text)
    SPI_I2S_SendData                         0x080015f1   Thumb Code     4  stm32f4xx_spi.o(.text)
    SPI_CalculateCRC                         0x080015f5   Thumb Code    24  stm32f4xx_spi.o(.text)
    SPI_TransmitCRC                          0x0800160d   Thumb Code    10  stm32f4xx_spi.o(.text)
    SPI_GetCRC                               0x08001617   Thumb Code    16  stm32f4xx_spi.o(.text)
    SPI_GetCRCPolynomial                     0x08001627   Thumb Code     6  stm32f4xx_spi.o(.text)
    SPI_I2S_DMACmd                           0x0800162d   Thumb Code    18  stm32f4xx_spi.o(.text)
    SPI_I2S_ITConfig                         0x0800163f   Thumb Code    32  stm32f4xx_spi.o(.text)
    SPI_I2S_GetFlagStatus                    0x0800165f   Thumb Code    18  stm32f4xx_spi.o(.text)
    SPI_I2S_ClearFlag                        0x08001671   Thumb Code     6  stm32f4xx_spi.o(.text)
    SPI_I2S_GetITStatus                      0x08001677   Thumb Code    52  stm32f4xx_spi.o(.text)
    SPI_I2S_ClearITPendingBit                0x080016ab   Thumb Code    20  stm32f4xx_spi.o(.text)
    TIM_DeInit                               0x080016d5   Thumb Code   346  stm32f4xx_tim.o(.text)
    TIM_TimeBaseInit                         0x0800182f   Thumb Code   104  stm32f4xx_tim.o(.text)
    TIM_TimeBaseStructInit                   0x08001897   Thumb Code    18  stm32f4xx_tim.o(.text)
    TIM_PrescalerConfig                      0x080018a9   Thumb Code     6  stm32f4xx_tim.o(.text)
    TIM_CounterModeConfig                    0x080018af   Thumb Code    18  stm32f4xx_tim.o(.text)
    TIM_SetCounter                           0x080018c1   Thumb Code     4  stm32f4xx_tim.o(.text)
    TIM_SetAutoreload                        0x080018c5   Thumb Code     4  stm32f4xx_tim.o(.text)
    TIM_GetCounter                           0x080018c9   Thumb Code     6  stm32f4xx_tim.o(.text)
    TIM_GetPrescaler                         0x080018cf   Thumb Code     6  stm32f4xx_tim.o(.text)
    TIM_UpdateDisableConfig                  0x080018d5   Thumb Code    24  stm32f4xx_tim.o(.text)
    TIM_UpdateRequestConfig                  0x080018ed   Thumb Code    24  stm32f4xx_tim.o(.text)
    TIM_ARRPreloadConfig                     0x08001905   Thumb Code    24  stm32f4xx_tim.o(.text)
    TIM_SelectOnePulseMode                   0x0800191d   Thumb Code    18  stm32f4xx_tim.o(.text)
    TIM_SetClockDivision                     0x0800192f   Thumb Code    18  stm32f4xx_tim.o(.text)
    TIM_Cmd                                  0x08001941   Thumb Code    24  stm32f4xx_tim.o(.text)
    TIM_OC1Init                              0x08001959   Thumb Code   114  stm32f4xx_tim.o(.text)
    TIM_OC2Init                              0x080019cb   Thumb Code   154  stm32f4xx_tim.o(.text)
    TIM_OC3Init                              0x08001a65   Thumb Code   204  stm32f4xx_tim.o(.text)
    TIM_OC4Init                              0x08001b31   Thumb Code   112  stm32f4xx_tim.o(.text)
    TIM_OCStructInit                         0x08001ba1   Thumb Code    20  stm32f4xx_tim.o(.text)
    TIM_SelectOCxM                           0x08001bb5   Thumb Code    86  stm32f4xx_tim.o(.text)
    TIM_SetCompare1                          0x08001c0b   Thumb Code     4  stm32f4xx_tim.o(.text)
    TIM_SetCompare2                          0x08001c0f   Thumb Code     4  stm32f4xx_tim.o(.text)
    TIM_SetCompare3                          0x08001c13   Thumb Code     4  stm32f4xx_tim.o(.text)
    TIM_SetCompare4                          0x08001c17   Thumb Code     4  stm32f4xx_tim.o(.text)
    TIM_ForcedOC1Config                      0x08001c1b   Thumb Code    18  stm32f4xx_tim.o(.text)
    TIM_ForcedOC2Config                      0x08001c2d   Thumb Code    26  stm32f4xx_tim.o(.text)
    TIM_ForcedOC3Config                      0x08001c47   Thumb Code    18  stm32f4xx_tim.o(.text)
    TIM_ForcedOC4Config                      0x08001c59   Thumb Code    26  stm32f4xx_tim.o(.text)
    TIM_OC1PreloadConfig                     0x08001c73   Thumb Code    18  stm32f4xx_tim.o(.text)
    TIM_OC2PreloadConfig                     0x08001c85   Thumb Code    26  stm32f4xx_tim.o(.text)
    TIM_OC3PreloadConfig                     0x08001c9f   Thumb Code    18  stm32f4xx_tim.o(.text)
    TIM_OC4PreloadConfig                     0x08001cb1   Thumb Code    26  stm32f4xx_tim.o(.text)
    TIM_OC1FastConfig                        0x08001ccb   Thumb Code    18  stm32f4xx_tim.o(.text)
    TIM_OC2FastConfig                        0x08001cdd   Thumb Code    26  stm32f4xx_tim.o(.text)
    TIM_OC3FastConfig                        0x08001cf7   Thumb Code    18  stm32f4xx_tim.o(.text)
    TIM_OC4FastConfig                        0x08001d09   Thumb Code    26  stm32f4xx_tim.o(.text)
    TIM_ClearOC1Ref                          0x08001d23   Thumb Code    18  stm32f4xx_tim.o(.text)
    TIM_ClearOC2Ref                          0x08001d35   Thumb Code    24  stm32f4xx_tim.o(.text)
    TIM_ClearOC3Ref                          0x08001d4d   Thumb Code    18  stm32f4xx_tim.o(.text)
    TIM_ClearOC4Ref                          0x08001d5f   Thumb Code    24  stm32f4xx_tim.o(.text)
    TIM_OC1PolarityConfig                    0x08001d77   Thumb Code    18  stm32f4xx_tim.o(.text)
    TIM_OC1NPolarityConfig                   0x08001d89   Thumb Code    18  stm32f4xx_tim.o(.text)
    TIM_OC2PolarityConfig                    0x08001d9b   Thumb Code    26  stm32f4xx_tim.o(.text)
    TIM_OC2NPolarityConfig                   0x08001db5   Thumb Code    26  stm32f4xx_tim.o(.text)
    TIM_OC3PolarityConfig                    0x08001dcf   Thumb Code    26  stm32f4xx_tim.o(.text)
    TIM_OC3NPolarityConfig                   0x08001de9   Thumb Code    26  stm32f4xx_tim.o(.text)
    TIM_OC4PolarityConfig                    0x08001e03   Thumb Code    26  stm32f4xx_tim.o(.text)
    TIM_CCxCmd                               0x08001e1d   Thumb Code    30  stm32f4xx_tim.o(.text)
    TIM_CCxNCmd                              0x08001e3b   Thumb Code    30  stm32f4xx_tim.o(.text)
    TIM_SetIC4Prescaler                      0x08001e59   Thumb Code    26  stm32f4xx_tim.o(.text)
    TIM_SetIC3Prescaler                      0x08001ec3   Thumb Code    18  stm32f4xx_tim.o(.text)
    TIM_SetIC2Prescaler                      0x08001f1d   Thumb Code    26  stm32f4xx_tim.o(.text)
    TIM_SetIC1Prescaler                      0x08001f91   Thumb Code    18  stm32f4xx_tim.o(.text)
    TIM_ICInit                               0x08001fdd   Thumb Code   110  stm32f4xx_tim.o(.text)
    TIM_ICStructInit                         0x0800204b   Thumb Code    18  stm32f4xx_tim.o(.text)
    TIM_PWMIConfig                           0x0800205d   Thumb Code   124  stm32f4xx_tim.o(.text)
    TIM_GetCapture1                          0x080020d9   Thumb Code     6  stm32f4xx_tim.o(.text)
    TIM_GetCapture2                          0x080020df   Thumb Code     6  stm32f4xx_tim.o(.text)
    TIM_GetCapture3                          0x080020e5   Thumb Code     6  stm32f4xx_tim.o(.text)
    TIM_GetCapture4                          0x080020eb   Thumb Code     6  stm32f4xx_tim.o(.text)
    TIM_BDTRConfig                           0x080020f1   Thumb Code    32  stm32f4xx_tim.o(.text)
    TIM_BDTRStructInit                       0x08002111   Thumb Code    18  stm32f4xx_tim.o(.text)
    TIM_CtrlPWMOutputs                       0x08002123   Thumb Code    30  stm32f4xx_tim.o(.text)
    TIM_SelectCOM                            0x08002141   Thumb Code    24  stm32f4xx_tim.o(.text)
    TIM_CCPreloadControl                     0x08002159   Thumb Code    24  stm32f4xx_tim.o(.text)
    TIM_ITConfig                             0x08002171   Thumb Code    18  stm32f4xx_tim.o(.text)
    TIM_GenerateEvent                        0x08002183   Thumb Code     4  stm32f4xx_tim.o(.text)
    TIM_GetFlagStatus                        0x08002187   Thumb Code    18  stm32f4xx_tim.o(.text)
    TIM_ClearFlag                            0x08002199   Thumb Code     6  stm32f4xx_tim.o(.text)
    TIM_GetITStatus                          0x0800219f   Thumb Code    34  stm32f4xx_tim.o(.text)
    TIM_ClearITPendingBit                    0x080021c1   Thumb Code     6  stm32f4xx_tim.o(.text)
    TIM_DMAConfig                            0x080021c7   Thumb Code    10  stm32f4xx_tim.o(.text)
    TIM_DMACmd                               0x080021d1   Thumb Code    18  stm32f4xx_tim.o(.text)
    TIM_SelectCCDMA                          0x080021e3   Thumb Code    24  stm32f4xx_tim.o(.text)
    TIM_InternalClockConfig                  0x080021fb   Thumb Code    12  stm32f4xx_tim.o(.text)
    TIM_SelectInputTrigger                   0x08002207   Thumb Code    18  stm32f4xx_tim.o(.text)
    TIM_ITRxExternalClockConfig              0x08002219   Thumb Code    24  stm32f4xx_tim.o(.text)
    TIM_TIxExternalClockConfig               0x08002231   Thumb Code    62  stm32f4xx_tim.o(.text)
    TIM_ETRConfig                            0x0800226f   Thumb Code    28  stm32f4xx_tim.o(.text)
    TIM_ETRClockMode1Config                  0x0800228b   Thumb Code    54  stm32f4xx_tim.o(.text)
    TIM_ETRClockMode2Config                  0x080022c1   Thumb Code    32  stm32f4xx_tim.o(.text)
    TIM_SelectOutputTrigger                  0x080022e1   Thumb Code    18  stm32f4xx_tim.o(.text)
    TIM_SelectSlaveMode                      0x080022f3   Thumb Code    18  stm32f4xx_tim.o(.text)
    TIM_SelectMasterSlaveMode                0x08002305   Thumb Code    18  stm32f4xx_tim.o(.text)
    TIM_EncoderInterfaceConfig               0x08002317   Thumb Code    66  stm32f4xx_tim.o(.text)
    TIM_SelectHallSensor                     0x08002359   Thumb Code    24  stm32f4xx_tim.o(.text)
    TIM_RemapConfig                          0x08002371   Thumb Code     6  stm32f4xx_tim.o(.text)
    CC2500_Init                              0x08002463   Thumb Code    10  cc2500.o(.text)
    CC2500_TIMEOUT_UserCallback              0x0800246d   Thumb Code     4  cc2500.o(.text)
    CC2500_Write                             0x080024ef   Thumb Code    62  cc2500.o(.text)
    CC2500_config_transmitter                0x0800252d   Thumb Code   508  cc2500.o(.text)
    CC2500_Read                              0x08002729   Thumb Code    96  cc2500.o(.text)
    CC2500_StrobeSend                        0x08002789   Thumb Code    56  cc2500.o(.text)
    Wireless_TX                              0x080027c1   Thumb Code    96  cc2500.o(.text)
    Wireless_RX                              0x08002821   Thumb Code   112  cc2500.o(.text)
    goToRX                                   0x08002891   Thumb Code    94  cc2500.o(.text)
    goToTX                                   0x080028ef   Thumb Code    94  cc2500.o(.text)
    __scatterload                            0x08002965   Thumb Code    28  init.o(.text)
    __scatterload_rt2                        0x08002965   Thumb Code     0  init.o(.text)
    SVC_Count                                0x08002988   Data           4  SVC_Table.o(SVC_TABLE)
    SVC_Table                                0x0800298c   Data           0  SVC_Table.o(SVC_TABLE)
    __scatterload_copy                       0x0800298d   Thumb Code    14  handlers.o(i.__scatterload_copy)
    __scatterload_null                       0x0800299b   Thumb Code     2  handlers.o(i.__scatterload_null)
    __scatterload_zeroinit                   0x0800299d   Thumb Code    14  handlers.o(i.__scatterload_zeroinit)
    _init_box                                0x080029ab   Thumb Code    70  rt_membox.o(i._init_box)
    dbg_init                                 0x080029f1   Thumb Code    34  hal_cm.o(i.dbg_init)
    dbg_task_notify                          0x08002a21   Thumb Code    32  hal_cm.o(i.dbg_task_notify)
    dbg_task_switch                          0x08002a41   Thumb Code    16  hal_cm.o(i.dbg_task_switch)
    isr_mbx_receive                          0x08002a7d   Thumb Code    80  rt_mailbox.o(i.isr_mbx_receive)
    isr_mbx_send                             0x08002acd   Thumb Code    14  rt_mailbox.o(i.isr_mbx_send)
    osDelay                                  0x08002add   Thumb Code    18  rt_cmsis.o(i.osDelay)
    osKernelStart                            0x08002af5   Thumb Code    94  rt_cmsis.o(i.osKernelStart)
    osMessageGet                             0x08002b5d   Thumb Code    64  rt_cmsis.o(i.osMessageGet)
    osMutexCreate                            0x08002ba1   Thumb Code    18  rt_cmsis.o(i.osMutexCreate)
    osMutexRelease                           0x08002bb9   Thumb Code    18  rt_cmsis.o(i.osMutexRelease)
    osMutexWait                              0x08002bd1   Thumb Code    18  rt_cmsis.o(i.osMutexWait)
    osThreadCreate                           0x08002be9   Thumb Code    18  rt_cmsis.o(i.osThreadCreate)
    osThreadExit                             0x08002c01   Thumb Code    14  rt_cmsis.o(i.osThreadExit)
    osTimerCall                              0x08002c19   Thumb Code     8  rt_cmsis.o(i.osTimerCall)
    osTimerThread                            0x08002c25   Thumb Code    38  rt_cmsis.o(i.osTimerThread)
    rt_alloc_box                             0x08002c51   Thumb Code    28  rt_membox.o(i.rt_alloc_box)
    rt_alloc_mem                             0x08002c6d   Thumb Code    60  rt_memory.o(i.rt_alloc_mem)
    rt_block                                 0x08002ca9   Thumb Code    48  rt_task.o(i.rt_block)
    rt_chk_robin                             0x08002ce1   Thumb Code    58  rt_robin.o(i.rt_chk_robin)
    rt_dec_dly                               0x08002d29   Thumb Code   102  rt_list.o(i.rt_dec_dly)
    rt_dispatch                              0x08002d99   Thumb Code    60  rt_task.o(i.rt_dispatch)
    rt_dly_wait                              0x08002ddd   Thumb Code     6  rt_time.o(i.rt_dly_wait)
    rt_evt_psh                               0x08002de5   Thumb Code    76  rt_event.o(i.rt_evt_psh)
    rt_free_box                              0x08002e35   Thumb Code    32  rt_membox.o(i.rt_free_box)
    rt_free_mem                              0x08002e55   Thumb Code    40  rt_memory.o(i.rt_free_mem)
    rt_get_first                             0x08002e7d   Thumb Code    40  rt_list.o(i.rt_get_first)
    rt_init_mem                              0x08002eed   Thumb Code    26  rt_memory.o(i.rt_init_mem)
    rt_init_robin                            0x08002f09   Thumb Code    14  rt_robin.o(i.rt_init_robin)
    rt_init_stack                            0x08002f21   Thumb Code    70  hal_cm.o(i.rt_init_stack)
    rt_mbx_check                             0x08002f71   Thumb Code     8  rt_mailbox.o(i.rt_mbx_check)
    rt_mbx_init                              0x08002f79   Thumb Code    26  rt_mailbox.o(i.rt_mbx_init)
    rt_mbx_psh                               0x08002f95   Thumb Code   248  rt_mailbox.o(i.rt_mbx_psh)
    rt_mbx_wait                              0x08003091   Thumb Code   174  rt_mailbox.o(i.rt_mbx_wait)
    rt_mut_init                              0x08003181   Thumb Code    16  rt_mutex.o(i.rt_mut_init)
    rt_mut_release                           0x08003191   Thumb Code   150  rt_mutex.o(i.rt_mut_release)
    rt_mut_wait                              0x08003231   Thumb Code    96  rt_mutex.o(i.rt_mut_wait)
    rt_pop_req                               0x08003295   Thumb Code   106  rt_system.o(i.rt_pop_req)
    rt_psh_req                               0x0800330d   Thumb Code    22  rt_system.o(i.rt_psh_req)
    rt_psq_enq                               0x0800332d   Thumb Code    82  rt_list.o(i.rt_psq_enq)
    rt_put_dly                               0x08003385   Thumb Code    88  rt_list.o(i.rt_put_dly)
    rt_put_prio                              0x080033e1   Thumb Code    56  rt_list.o(i.rt_put_prio)
    rt_put_rdy_first                         0x08003419   Thumb Code    14  rt_list.o(i.rt_put_rdy_first)
    rt_resort_prio                           0x0800342d   Thumb Code    46  rt_list.o(i.rt_resort_prio)
    rt_ret_val                               0x08003471   Thumb Code    12  hal_cm.o(i.rt_ret_val)
    rt_ret_val2                              0x0800347d   Thumb Code    16  hal_cm.o(i.rt_ret_val2)
    rt_rmv_dly                               0x0800348d   Thumb Code    40  rt_list.o(i.rt_rmv_dly)
    rt_rmv_list                              0x080034b5   Thumb Code    44  rt_list.o(i.rt_rmv_list)
    rt_sem_psh                               0x080034e5   Thumb Code    48  rt_semaphore.o(i.rt_sem_psh)
    rt_stk_check                             0x08003519   Thumb Code    28  rt_system.o(i.rt_stk_check)
    rt_switch_req                            0x0800353d   Thumb Code    30  rt_task.o(i.rt_switch_req)
    rt_sys_init                              0x08003565   Thumb Code   242  rt_task.o(i.rt_sys_init)
    rt_systick                               0x080036a5   Thumb Code    48  rt_system.o(i.rt_systick)
    rt_tsk_create                            0x08003731   Thumb Code   112  rt_task.o(i.rt_tsk_create)
    rt_tsk_delete                            0x080037b1   Thumb Code   146  rt_task.o(i.rt_tsk_delete)
    rt_tsk_self                              0x0800385d   Thumb Code    12  rt_task.o(i.rt_tsk_self)
    svcDelay                                 0x0800386d   Thumb Code    20  rt_cmsis.o(i.svcDelay)
    svcKernelStart                           0x08003881   Thumb Code   174  rt_cmsis.o(i.svcKernelStart)
    svcMessageCreate                         0x08003955   Thumb Code    36  rt_cmsis.o(i.svcMessageCreate)
    svcMessageGet                            0x08003979   Thumb Code    58  rt_cmsis.o(i.svcMessageGet)
    svcMutexCreate                           0x080039b3   Thumb Code    28  rt_cmsis.o(i.svcMutexCreate)
    svcMutexRelease                          0x080039cf   Thumb Code    34  rt_cmsis.o(i.svcMutexRelease)
    svcMutexWait                             0x080039f1   Thumb Code    54  rt_cmsis.o(i.svcMutexWait)
    svcThreadCreate                          0x08003a29   Thumb Code   100  rt_cmsis.o(i.svcThreadCreate)
    svcThreadGetId                           0x08003a99   Thumb Code    22  rt_cmsis.o(i.svcThreadGetId)
    svcThreadTerminate                       0x08003ab5   Thumb Code    52  rt_cmsis.o(i.svcThreadTerminate)
    svcTimerCall                             0x08003aed   Thumb Code    24  rt_cmsis.o(i.svcTimerCall)
    sysTimerTick                             0x08003b05   Thumb Code    76  rt_cmsis.o(i.sysTimerTick)
    os_maxtaskrun                            0x08003b58   Data           2  rtx_conf_cm.o(.constdata)
    os_stackinfo                             0x08003b5c   Data           4  rtx_conf_cm.o(.constdata)
    os_rrobin                                0x08003b60   Data           4  rtx_conf_cm.o(.constdata)
    os_trv                                   0x08003b64   Data           4  rtx_conf_cm.o(.constdata)
    os_flags                                 0x08003b68   Data           1  rtx_conf_cm.o(.constdata)
    os_clockrate                             0x08003b6c   Data           4  rtx_conf_cm.o(.constdata)
    os_timernum                              0x08003b70   Data           4  rtx_conf_cm.o(.constdata)
    mp_tcb_size                              0x08003b74   Data           2  rtx_conf_cm.o(.constdata)
    mp_stk_size                              0x08003b78   Data           4  rtx_conf_cm.o(.constdata)
    os_stack_sz                              0x08003b7c   Data           4  rtx_conf_cm.o(.constdata)
    os_fifo_size                             0x08003b80   Data           1  rtx_conf_cm.o(.constdata)
    os_thread_def_osTimerThread              0x08003b84   Data          16  rtx_conf_cm.o(.constdata)
    os_messageQ_def_osTimerMessageQ          0x08003b94   Data           8  rtx_conf_cm.o(.constdata)
    mp_tmr_size                              0x08003b9c   Data           2  rtx_conf_cm.o(.constdata)
    os_thread_def_main                       0x08003ba0   Data          16  rtx_conf_cm.o(.constdata)
    os_thread_def_thread                     0x08003bb0   Data          16  main.o(.constdata)
    Region$$Table$$Base                      0x08003bd0   Number         0  anon$$obj.o(Region$$Table)
    Region$$Table$$Limit                     0x08003c00   Number         0  anon$$obj.o(Region$$Table)
    mp_tcb                                   0x10000000   Data         348  rtx_conf_cm.o(.bss)
    mp_stk                                   0x10000160   Data        4816  rtx_conf_cm.o(.bss)
    os_stack_mem                             0x10001430   Data        1632  rtx_conf_cm.o(.bss)
    os_fifo                                  0x10001a90   Data         132  rtx_conf_cm.o(.bss)
    os_active_TCB                            0x10001b14   Data          28  rtx_conf_cm.o(.bss)
    os_messageQ_q_osTimerMessageQ            0x10001b30   Data          32  rtx_conf_cm.o(.bss)
    SystemCoreClock                          0x20000000   Data           4  system_stm32f4xx.o(.data)
    AHBPrescTable                            0x20000004   Data          16  system_stm32f4xx.o(.data)
    os_tmr                                   0x20000014   Data           4  rtx_conf_cm.o(.data)
    m_tmr                                    0x20000018   Data           4  rtx_conf_cm.o(.data)
    osThreadId_osTimerThread                 0x2000001c   Data           4  rtx_conf_cm.o(.data)
    osMessageQId_osTimerMessageQ             0x20000020   Data           4  rtx_conf_cm.o(.data)
    CC2500Timeout                            0x20000034   Data           4  cc2500.o(.data)
    os_timer_head                            0x20000044   Data           4  rt_cmsis.o(.data)
    os_tsk                                   0x20000048   Data           8  rt_task.o(.data)
    os_time                                  0x20000054   Data           2  rt_time.o(.data)
    dbg_msg                                  0x20000056   Data           1  hal_cm.o(.data)
    os_robin                                 0x20000058   Data           8  rt_robin.o(.data)
    dummyArray                               0x200000e8   Data          64  main.o(.bss)
    os_idle_TCB                              0x20000134   Data          48  rt_task.o(.bss)
    os_rdy                                   0x20000164   Data          24  rt_list.o(.bss)
    os_dly                                   0x2000017c   Data          24  rt_list.o(.bss)
    __initial_sp                             0x20000598   Data           0  startup_stm32f4xx.o(STACK)



==============================================================================

Memory Map of the image

  Image Entry point : 0x08000189

  Load Region LR_IROM1 (Base: 0x08000000, Size: 0x00003c60, Max: 0x00100000, ABSOLUTE)

    Execution Region ER_IROM1 (Base: 0x08000000, Size: 0x00003c00, Max: 0x00100000, ABSOLUTE)

    Base Addr    Size         Type   Attr      Idx    E Section Name        Object

    0x08000000   0x00000188   Data   RO          132    RESET               startup_stm32f4xx.o
    0x08000188   0x00000000   Code   RO         2415  * .ARM.Collect$$$$00000000  mc_w.l(entry.o)
    0x08000188   0x00000004   Code   RO         2447    .ARM.Collect$$$$00000001  mc_w.l(entry2.o)
    0x0800018c   0x00000004   Code   RO         2450    .ARM.Collect$$$$00000004  mc_w.l(entry5.o)
    0x08000190   0x00000000   Code   RO         2452    .ARM.Collect$$$$00000008  mc_w.l(entry7b.o)
    0x08000190   0x00000000   Code   RO         2454    .ARM.Collect$$$$0000000A  mc_w.l(entry8b.o)
    0x08000190   0x00000000   Code   RO         2455    .ARM.Collect$$$$0000000D  mc_w.l(entry10a.o)
    0x08000190   0x00000000   Code   RO         2457    .ARM.Collect$$$$0000000F  mc_w.l(entry11a.o)
    0x08000190   0x00000010   Code   RO          137    .ARM.Collect$$$$000000FF  rtx_conf_cm.o
    0x080001a0   0x00000004   Code   RO         2448    .ARM.Collect$$$$00002712  mc_w.l(entry2.o)
    0x080001a4   0x00000174   Code   RO         2362    .emb_text           RTX_CM4.lib(hal_cm4.o)
    0x08000318   0x0000020c   Code   RO            3    .text               system_stm32f4xx.o
    0x08000524   0x00000024   Code   RO          133    .text               startup_stm32f4xx.o
    0x08000548   0x00000008   Code   RO          138    .text               rtx_conf_cm.o
    0x08000550   0x00000090   Code   RO          171    .text               main.o
    0x080005e0   0x0000005c   Code   RO          337    .text               project_init.o
    0x0800063c   0x000001b0   Code   RO          361    .text               project_servo.o
    0x080007ec   0x000000a8   Code   RO          388    .text               project_pwm.o
    0x08000894   0x00000080   Code   RO          480    .text               project_magnet.o
    0x08000914   0x000001e6   Code   RO          503    .text               project_robot.o
    0x08000afa   0x00000002   PAD
    0x08000afc   0x0000025c   Code   RO          934    .text               stm32f4xx_gpio.o
    0x08000d58   0x00000588   Code   RO         1083    .text               stm32f4xx_rcc.o
    0x080012e0   0x000003f4   Code   RO         1174    .text               stm32f4xx_spi.o
    0x080016d4   0x00000ca2   Code   RO         1217    .text               stm32f4xx_tim.o
    0x08002376   0x00000002   PAD
    0x08002378   0x000005ec   Code   RO         1306    .text               cc2500.o
    0x08002964   0x00000024   Code   RO         2487    .text               mc_w.l(init.o)
    0x08002988   0x00000004   Code   RO         2372    SVC_TABLE           RTX_CM4.lib(SVC_Table.o)
    0x0800298c   0x0000000e   Code   RO         2491    i.__scatterload_copy  mc_w.l(handlers.o)
    0x0800299a   0x00000002   Code   RO         2492    i.__scatterload_null  mc_w.l(handlers.o)
    0x0800299c   0x0000000e   Code   RO         2493    i.__scatterload_zeroinit  mc_w.l(handlers.o)
    0x080029aa   0x00000046   Code   RO         2235    i._init_box         RTX_CM4.lib(rt_membox.o)
    0x080029f0   0x00000030   Code   RO         2288    i.dbg_init          RTX_CM4.lib(hal_cm.o)
    0x08002a20   0x00000020   Code   RO         2289    i.dbg_task_notify   RTX_CM4.lib(hal_cm.o)
    0x08002a40   0x00000010   Code   RO         2290    i.dbg_task_switch   RTX_CM4.lib(hal_cm.o)
    0x08002a50   0x0000002c   Code   RO         1334    i.isrMessagePut     RTX_CM4.lib(rt_cmsis.o)
    0x08002a7c   0x00000050   Code   RO         2099    i.isr_mbx_receive   RTX_CM4.lib(rt_mailbox.o)
    0x08002acc   0x0000000e   Code   RO         2100    i.isr_mbx_send      RTX_CM4.lib(rt_mailbox.o)
    0x08002ada   0x00000002   PAD
    0x08002adc   0x00000018   Code   RO         1335    i.osDelay           RTX_CM4.lib(rt_cmsis.o)
    0x08002af4   0x00000068   Code   RO         1337    i.osKernelStart     RTX_CM4.lib(rt_cmsis.o)
    0x08002b5c   0x00000044   Code   RO         1345    i.osMessageGet      RTX_CM4.lib(rt_cmsis.o)
    0x08002ba0   0x00000018   Code   RO         1347    i.osMutexCreate     RTX_CM4.lib(rt_cmsis.o)
    0x08002bb8   0x00000018   Code   RO         1348    i.osMutexRelease    RTX_CM4.lib(rt_cmsis.o)
    0x08002bd0   0x00000018   Code   RO         1349    i.osMutexWait       RTX_CM4.lib(rt_cmsis.o)
    0x08002be8   0x00000018   Code   RO         1361    i.osThreadCreate    RTX_CM4.lib(rt_cmsis.o)
    0x08002c00   0x00000018   Code   RO         1362    i.osThreadExit      RTX_CM4.lib(rt_cmsis.o)
    0x08002c18   0x0000000c   Code   RO         1368    i.osTimerCall       RTX_CM4.lib(rt_cmsis.o)
    0x08002c24   0x0000002c   Code   RO         1372    i.osTimerThread     RTX_CM4.lib(rt_cmsis.o)
    0x08002c50   0x0000001c   Code   RO         2236    i.rt_alloc_box      RTX_CM4.lib(rt_membox.o)
    0x08002c6c   0x0000003c   Code   RO         2264    i.rt_alloc_mem      RTX_CM4.lib(rt_memory.o)
    0x08002ca8   0x00000038   Code   RO         1856    i.rt_block          RTX_CM4.lib(rt_task.o)
    0x08002ce0   0x00000048   Code   RO         2341    i.rt_chk_robin      RTX_CM4.lib(rt_robin.o)
    0x08002d28   0x00000070   Code   RO         2023    i.rt_dec_dly        RTX_CM4.lib(rt_list.o)
    0x08002d98   0x00000044   Code   RO         1857    i.rt_dispatch       RTX_CM4.lib(rt_task.o)
    0x08002ddc   0x00000006   Code   RO         2183    i.rt_dly_wait       RTX_CM4.lib(rt_time.o)
    0x08002de2   0x00000002   PAD
    0x08002de4   0x00000050   Code   RO         1984    i.rt_evt_psh        RTX_CM4.lib(rt_event.o)
    0x08002e34   0x00000020   Code   RO         2237    i.rt_free_box       RTX_CM4.lib(rt_membox.o)
    0x08002e54   0x00000028   Code   RO         2265    i.rt_free_mem       RTX_CM4.lib(rt_memory.o)
    0x08002e7c   0x00000028   Code   RO         2024    i.rt_get_first      RTX_CM4.lib(rt_list.o)
    0x08002ea4   0x00000008   Code   RO         1375    i.rt_id2obj         RTX_CM4.lib(rt_cmsis.o)
    0x08002eac   0x00000040   Code   RO         1858    i.rt_init_context   RTX_CM4.lib(rt_task.o)
    0x08002eec   0x0000001a   Code   RO         2266    i.rt_init_mem       RTX_CM4.lib(rt_memory.o)
    0x08002f06   0x00000002   PAD
    0x08002f08   0x00000018   Code   RO         2342    i.rt_init_robin     RTX_CM4.lib(rt_robin.o)
    0x08002f20   0x00000050   Code   RO         2291    i.rt_init_stack     RTX_CM4.lib(hal_cm.o)
    0x08002f70   0x00000008   Code   RO         2101    i.rt_mbx_check      RTX_CM4.lib(rt_mailbox.o)
    0x08002f78   0x0000001a   Code   RO         2102    i.rt_mbx_init       RTX_CM4.lib(rt_mailbox.o)
    0x08002f92   0x00000002   PAD
    0x08002f94   0x000000fc   Code   RO         2103    i.rt_mbx_psh        RTX_CM4.lib(rt_mailbox.o)
    0x08003090   0x000000b4   Code   RO         2105    i.rt_mbx_wait       RTX_CM4.lib(rt_mailbox.o)
    0x08003144   0x0000003c   Code   RO         1376    i.rt_ms2tick        RTX_CM4.lib(rt_cmsis.o)
    0x08003180   0x00000010   Code   RO         2210    i.rt_mut_init       RTX_CM4.lib(rt_mutex.o)
    0x08003190   0x000000a0   Code   RO         2211    i.rt_mut_release    RTX_CM4.lib(rt_mutex.o)
    0x08003230   0x00000064   Code   RO         2212    i.rt_mut_wait       RTX_CM4.lib(rt_mutex.o)
    0x08003294   0x00000078   Code   RO         1935    i.rt_pop_req        RTX_CM4.lib(rt_system.o)
    0x0800330c   0x00000020   Code   RO         1936    i.rt_psh_req        RTX_CM4.lib(rt_system.o)
    0x0800332c   0x00000058   Code   RO         2026    i.rt_psq_enq        RTX_CM4.lib(rt_list.o)
    0x08003384   0x0000005c   Code   RO         2027    i.rt_put_dly        RTX_CM4.lib(rt_list.o)
    0x080033e0   0x00000038   Code   RO         2028    i.rt_put_prio       RTX_CM4.lib(rt_list.o)
    0x08003418   0x00000014   Code   RO         2029    i.rt_put_rdy_first  RTX_CM4.lib(rt_list.o)
    0x0800342c   0x00000034   Code   RO         2030    i.rt_resort_prio    RTX_CM4.lib(rt_list.o)
    0x08003460   0x00000010   Code   RO         2292    i.rt_ret_regs       RTX_CM4.lib(hal_cm.o)
    0x08003470   0x0000000c   Code   RO         2293    i.rt_ret_val        RTX_CM4.lib(hal_cm.o)
    0x0800347c   0x00000010   Code   RO         2294    i.rt_ret_val2       RTX_CM4.lib(hal_cm.o)
    0x0800348c   0x00000028   Code   RO         2031    i.rt_rmv_dly        RTX_CM4.lib(rt_list.o)
    0x080034b4   0x00000030   Code   RO         2032    i.rt_rmv_list       RTX_CM4.lib(rt_list.o)
    0x080034e4   0x00000034   Code   RO         2149    i.rt_sem_psh        RTX_CM4.lib(rt_semaphore.o)
    0x08003518   0x00000024   Code   RO         1937    i.rt_stk_check      RTX_CM4.lib(rt_system.o)
    0x0800353c   0x00000028   Code   RO         1859    i.rt_switch_req     RTX_CM4.lib(rt_task.o)
    0x08003564   0x00000140   Code   RO         1860    i.rt_sys_init       RTX_CM4.lib(rt_task.o)
    0x080036a4   0x0000003c   Code   RO         1938    i.rt_systick        RTX_CM4.lib(rt_system.o)
    0x080036e0   0x00000012   Code   RO         1377    i.rt_tid2ptcb       RTX_CM4.lib(rt_cmsis.o)
    0x080036f2   0x00000002   PAD
    0x080036f4   0x0000003c   Code   RO         1378    i.rt_timer_insert   RTX_CM4.lib(rt_cmsis.o)
    0x08003730   0x00000080   Code   RO         1861    i.rt_tsk_create     RTX_CM4.lib(rt_task.o)
    0x080037b0   0x000000ac   Code   RO         1862    i.rt_tsk_delete     RTX_CM4.lib(rt_task.o)
    0x0800385c   0x00000010   Code   RO         1865    i.rt_tsk_self       RTX_CM4.lib(rt_task.o)
    0x0800386c   0x00000014   Code   RO         1380    i.svcDelay          RTX_CM4.lib(rt_cmsis.o)
    0x08003880   0x000000d4   Code   RO         1381    i.svcKernelStart    RTX_CM4.lib(rt_cmsis.o)
    0x08003954   0x00000024   Code   RO         1383    i.svcMessageCreate  RTX_CM4.lib(rt_cmsis.o)
    0x08003978   0x0000003a   Code   RO         1384    i.svcMessageGet     RTX_CM4.lib(rt_cmsis.o)
    0x080039b2   0x0000001c   Code   RO         1386    i.svcMutexCreate    RTX_CM4.lib(rt_cmsis.o)
    0x080039ce   0x00000022   Code   RO         1387    i.svcMutexRelease   RTX_CM4.lib(rt_cmsis.o)
    0x080039f0   0x00000036   Code   RO         1388    i.svcMutexWait      RTX_CM4.lib(rt_cmsis.o)
    0x08003a26   0x00000002   PAD
    0x08003a28   0x00000070   Code   RO         1397    i.svcThreadCreate   RTX_CM4.lib(rt_cmsis.o)
    0x08003a98   0x0000001c   Code   RO         1398    i.svcThreadGetId    RTX_CM4.lib(rt_cmsis.o)
    0x08003ab4   0x00000038   Code   RO         1401    i.svcThreadTerminate  RTX_CM4.lib(rt_cmsis.o)
    0x08003aec   0x00000018   Code   RO         1403    i.svcTimerCall      RTX_CM4.lib(rt_cmsis.o)
    0x08003b04   0x00000054   Code   RO         1411    i.sysTimerTick      RTX_CM4.lib(rt_cmsis.o)
    0x08003b58   0x00000058   Data   RO          140    .constdata          rtx_conf_cm.o
    0x08003bb0   0x00000010   Data   RO          173    .constdata          main.o
    0x08003bc0   0x00000010   Data   RO          362    .constdata          project_servo.o
    0x08003bd0   0x00000030   Data   RO         2489    Region$$Table       anon$$obj.o


    Execution Region RW_IRAM1 (Base: 0x10000000, Size: 0x00001b50, Max: 0x0001ffff, ABSOLUTE)

    Base Addr    Size         Type   Attr      Idx    E Section Name        Object

    0x10000000   0x00001b50   Zero   RW          139    .bss                rtx_conf_cm.o


    Execution Region RW_IRAM2 (Base: 0x20000000, Size: 0x00000598, Max: 0x0001ffff, ABSOLUTE)

    Base Addr    Size         Type   Attr      Idx    E Section Name        Object

    0x20000000   0x00000014   Data   RW            4    .data               system_stm32f4xx.o
    0x20000014   0x00000010   Data   RW          141    .data               rtx_conf_cm.o
    0x20000024   0x00000010   Data   RW         1084    .data               stm32f4xx_rcc.o
    0x20000034   0x00000010   Data   RW         1308    .data               cc2500.o
    0x20000044   0x00000004   Data   RW         1412    .data               RTX_CM4.lib(rt_cmsis.o)
    0x20000048   0x00000008   Data   RW         1867    .data               RTX_CM4.lib(rt_task.o)
    0x20000050   0x00000003   Data   RW         1941    .data               RTX_CM4.lib(rt_system.o)
    0x20000053   0x00000001   PAD
    0x20000054   0x00000002   Data   RW         2186    .data               RTX_CM4.lib(rt_time.o)
    0x20000056   0x00000001   Data   RW         2295    .data               RTX_CM4.lib(hal_cm.o)
    0x20000057   0x00000001   PAD
    0x20000058   0x00000008   Data   RW         2343    .data               RTX_CM4.lib(rt_robin.o)
    0x20000060   0x000000c8   Zero   RW          172    .bss                main.o
    0x20000128   0x0000000c   Zero   RW         1307    .bss                cc2500.o
    0x20000134   0x00000030   Zero   RW         1866    .bss                RTX_CM4.lib(rt_task.o)
    0x20000164   0x00000030   Zero   RW         2033    .bss                RTX_CM4.lib(rt_list.o)
    0x20000194   0x00000004   PAD
    0x20000198   0x00000400   Zero   RW          130    STACK               startup_stm32f4xx.o


==============================================================================

Image component sizes


      Code (inc. data)   RO Data    RW Data    ZI Data      Debug   Object Name

      1516         38          0         16         12       4089   cc2500.o
       144         28         16          0        200     230300   main.o
        92          6          0          0          0        516   project_init.o
       128          0          0          0          0       1810   project_magnet.o
       168          8          0          0          0        688   project_pwm.o
       486         26          0          0          0       3734   project_robot.o
       432         24         16          0          0       6584   project_servo.o
        24          6         88         16       6992       6528   rtx_conf_cm.o
        36          8        392          0       1024        784   startup_stm32f4xx.o
       604         36          0          0          0      10533   stm32f4xx_gpio.o
      1416         48          0         16          0      23963   stm32f4xx_rcc.o
      1012         22          0          0          0      14961   stm32f4xx_spi.o
      3234         60          0          0          0      42180   stm32f4xx_tim.o
       524         44          0         20          0     239523   system_stm32f4xx.o

    ----------------------------------------------------------------------
      9820        354        560         68       8228     586193   Object Totals
         0          0         48          0          0          0   (incl. Generated)
         4          0          0          0          0          0   (incl. Padding)

    ----------------------------------------------------------------------

      Code (inc. data)   RO Data    RW Data    ZI Data      Debug   Library Member Name

         4          4          0          0          0        132   SVC_Table.o
       220         24          0          1          0       3876   hal_cm.o
       372         32          0          0          0        616   hal_cm4.o
      1308        146          0          4          0      30568   rt_cmsis.o
        80          4          0          0          0        637   rt_event.o
       548         36          0          0         48       7201   rt_list.o
       560         10          0          0          0       3829   rt_mailbox.o
       130          0          0          0          0       1837   rt_membox.o
       126          0          0          0          0       2159   rt_memory.o
       276         14          0          0          0       1869   rt_mutex.o
        96         24          0          8          0       1042   rt_robin.o
        52          4          0          0          0        557   rt_semaphore.o
       248         44          0          3          0       2066   rt_system.o
       864        154          0          8         48       7224   rt_task.o
         6          0          0          2          0        572   rt_time.o
         0          0          0          0          0          0   entry.o
         0          0          0          0          0          0   entry10a.o
         0          0          0          0          0          0   entry11a.o
         8          4          0          0          0          0   entry2.o
         4          0          0          0          0          0   entry5.o
         0          0          0          0          0          0   entry7b.o
         0          0          0          0          0          0   entry8b.o
        30          0          0          0          0          0   handlers.o
        36          8          0          0          0         68   init.o

    ----------------------------------------------------------------------
      4980        508          0         28        100      64253   Library Totals
        12          0          0          2          4          0   (incl. Padding)

    ----------------------------------------------------------------------

      Code (inc. data)   RO Data    RW Data    ZI Data      Debug   Library Name

      4890        496          0         26         96      64185   RTX_CM4.lib
        78         12          0          0          0         68   mc_w.l

    ----------------------------------------------------------------------
      4980        508          0         28        100      64253   Library Totals

    ----------------------------------------------------------------------

==============================================================================


      Code (inc. data)   RO Data    RW Data    ZI Data      Debug   

     14800        862        560         96       8328     640646   Grand Totals
     14800        862        560         96       8328     640646   ELF Image Totals
     14800        862        560         96          0          0   ROM Totals

==============================================================================

    Total RO  Size (Code + RO Data)                15360 (  15.00kB)
    Total RW  Size (RW Data + ZI Data)              8424 (   8.23kB)
    Total ROM Size (Code + RO Data + RW Data)      15456 (  15.09kB)

==============================================================================

